Configured marker[0] = 0x000000000040b09b
Marker Tracker initialized (tracking 1 marker(s))
Inserted clean call for marker[0] at PC 0x000000000040b09b
Inserted clean call for marker[0] at PC 0x000000000040b09b
Received syscall 888 — tracking enabled
Received syscall 889 — tracking disabled


 NAS Parallel Benchmarks (NPB3.4-OMP) - MG Benchmark

 No input file. Using compiled defaults 
 Size:  256x 256x 256  (class A)
 Iterations:                      4
 Number of available threads:     1

 Initialization time:           0.825 seconds

  iter   1
  iter   4

 Benchmark completed 
 VERIFICATION SUCCESSFUL 
 L2 Norm is  0.2433365309069E-05
 Error is    0.1133036717930E-12


 MG Benchmark Completed.
 Class           =                        A
 Size            =            256x 256x 256
 Iterations      =                        4
 Time in seconds =                     2.27
 Total threads   =                        1
 Avail threads   =                        1
 Mop/s total     =                  1712.29
 Mop/s/thread    =                  1712.29
 Operation type  =           floating point
 Verification    =               SUCCESSFUL
 Version         =                    3.4.3
 Compile date    =              03 Jun 2025

 Compile options:
    FC           = gfortran
    FLINK        = $(FC)
    F_LIB        = (none)
    F_INC        = (none)
    FFLAGS       = -O3 -fopenmp
    FLINKFLAGS   = $(FFLAGS)
    RAND         = randi8


 Please send all errors/feedbacks to:

 NPB Development Team
 npb@nas.nasa.gov


ROI begin
ROI end
