cset: --> last message, executed args into cpuset "/measurement/12_17", new pid is: 229095


 NAS Parallel Benchmarks (NPB3.4-OMP) - CG Benchmark

 Size:      150000
 Iterations:                     75
 Number of available threads:     4

 Initialization time =           3.285 seconds

   iteration           ||r||                 zeta
        1       0.35169683806276E-12   109.9994423237398
        5       0.88638258176772E-15    28.6471670038893
       10       0.90713066249144E-15    28.9496695449003
       15       0.90175489810821E-15    28.9716336228371
       20       0.90916853708862E-15    28.9734210663747
       25       0.90300697128817E-15    28.9735863059382
       30       0.90439459274784E-15    28.9736033967628
       35       0.90442644560653E-15    28.9736053266246
       40       0.90109275009846E-15    28.9736055590700
       45       0.90451125436900E-15    28.9736055884132
       50       0.90419519394043E-15    28.9736055922485
Warmup threshold: 1
Start threshold: 194198394
End threshold: 80361
ROI begin
Time taken: 11305139 ns
