cset: --> last message, executed args into cpuset "/measurement/48_51", new pid is: 4121243


 NAS Parallel Benchmarks (NPB3.4-OMP) - CG Benchmark

 Size:       14000
 Iterations:                     15
 Number of available threads:     4

 Initialization time =           0.147 seconds

   iteration           ||r||                 zeta
        1       0.25498071911637E-12    19.9997581277040
        5       0.24973399502956E-14    17.1302338856353
       10       0.24576039003170E-14    17.1302350540284
       15       0.23525533039444E-14    17.1302350540299
 Benchmark completed 
 VERIFICATION SUCCESSFUL 
 Zeta is     0.1713023505403E+02
 Error is    0.5226337199892E-13


 CG Benchmark Completed.
 Class           =                        A
 Size            =                    14000
 Iterations      =                       15
 Time in seconds =                     0.28
 Total threads   =                        4
 Avail threads   =                        4
 Mop/s total     =                  5323.17
 Mop/s/thread    =                  1330.79
 Operation type  =           floating point
 Verification    =               SUCCESSFUL
 Version         =                    3.4.3
 Compile date    =              14 Mar 2025

 Compile options:
    FC           = gfortran
    FLINK        = $(FC)
    F_LIB        = (none)
    F_INC        = (none)
    FFLAGS       = -O3 -fopenmp
    FLINKFLAGS   = $(FFLAGS)
    RAND         = randi8


 Please send all errors/feedbacks to:

 NPB Development Team
 npb@nas.nasa.gov


ROI started
PAPI initialized
PAPI region begin
PAPI region end
PAPI ended
