cset: --> last message, executed args into cpuset "/measurement/40_43", new pid is: 4120706


 NAS Parallel Benchmarks (NPB3.4-OMP) - LU Benchmark

 Size:   64x  64x  64
 Iterations:                    250
 Number of available threads:     4

 Time step    1
 Time step   20
 Time step   40
 Time step   60
 Time step   80
 Time step  100
 Time step  120
 Time step  140
 Time step  160
 Time step  180
Warmup threshold: 34797
Start threshold: 1892
End threshold: 3085
ROI begin
Time taken: 15109349 ns
