cset: --> last message, executed args into cpuset "/measurement/6_11", new pid is: 227063


 NAS Parallel Benchmarks (NPB3.4-OMP) - CG Benchmark

 Size:      150000
 Iterations:                     75
 Number of available threads:     4

 Initialization time =           3.337 seconds

   iteration           ||r||                 zeta
        1       0.35165101100351E-12   109.9994423237398
        5       0.88560382405337E-15    28.6471670038893
       10       0.90763854710875E-15    28.9496695449003
       15       0.90227797378894E-15    28.9716336228371
       20       0.90903373272913E-15    28.9734210663747
       25       0.90323128879443E-15    28.9735863059382
       30       0.90391693745386E-15    28.9736033967627
       35       0.90378852238318E-15    28.9736053266246
       40       0.90236552755697E-15    28.9736055590700
       45       0.90430687186978E-15    28.9736055884132
       50       0.90450538020028E-15    28.9736055922485
Warmup threshold: 1
Start threshold: 203833041
End threshold: 80427
ROI begin
Time taken: 11283984 ns
