cset: --> last message, executed args into cpuset "/measurement/12_17", new pid is: 225873


 NAS Parallel Benchmarks (NPB3.4-OMP) - CG Benchmark

 Size:      150000
 Iterations:                     75
 Number of available threads:     4

 Initialization time =           3.091 seconds

   iteration           ||r||                 zeta
        1       0.35171027836595E-12   109.9994423237398
        5       0.88595108013451E-15    28.6471670038893
       10       0.90714153774636E-15    28.9496695449003
       15       0.90111928447879E-15    28.9716336228371
       20       0.90895927274772E-15    28.9734210663747
       25       0.90265621876059E-15    28.9735863059382
       30       0.90449879648866E-15    28.9736033967628
       35       0.90467910813439E-15    28.9736053266246
       40       0.90210133205955E-15    28.9736055590700
       45       0.90444341481858E-15    28.9736055884132
       50       0.90315131915485E-15    28.9736055922485
       55       0.89775312237171E-15    28.9736055927632
Warmup threshold: 1
Start threshold: 8275022
End threshold: 82445
ROI begin
Time taken: 11027692 ns
