cset: --> last message, executed args into cpuset "/measurement/64_67", new pid is: 3955734


 NAS Parallel Benchmarks (NPB3.4-OMP) - CG Benchmark

 Size:      150000
 Iterations:                     75
 Number of available threads:     4

 Initialization time =           5.405 seconds

   iteration           ||r||                 zeta
        1       0.35170971763345E-12   109.9994423237398
        5       0.88617858665393E-15    28.6471670038893
       10       0.90770928017901E-15    28.9496695449003
       15       0.90169313236161E-15    28.9716336228371
       20       0.90935446452385E-15    28.9734210663747
       25       0.90295884695013E-15    28.9735863059382
       30       0.90424728402035E-15    28.9736033967628
       35       0.90490038140907E-15    28.9736053266246
Warmup threshold: 1
Start threshold: 135616256
End threshold: 82434
ROI begin
Time taken: 25603897 ns
