cset: --> last message, executed args into cpuset "/measurement/56_59", new pid is: 3952644


 NAS Parallel Benchmarks (NPB3.4-OMP) - CG Benchmark

 Size:      150000
 Iterations:                     75
 Number of available threads:     4

 Initialization time =           4.962 seconds

   iteration           ||r||                 zeta
        1       0.35165101100351E-12   109.9994423237398
        5       0.88644073906309E-15    28.6471670038893
       10       0.90802819045254E-15    28.9496695449003
       15       0.90196035004888E-15    28.9716336228371
       20       0.90857827654430E-15    28.9734210663747
       25       0.90205971495053E-15    28.9735863059382
       30       0.90412752082080E-15    28.9736033967627
       35       0.90521755628404E-15    28.9736053266246
       40       0.90179815866135E-15    28.9736055590700
       45       0.90438267388597E-15    28.9736055884132
Warmup threshold: 1
Start threshold: 181391608
End threshold: 82444
ROI begin
Time taken: 26026223 ns
