cset: --> last message, executed args into cpuset "/measurement/56_59", new pid is: 3956421


 NAS Parallel Benchmarks (NPB3.4-OMP) - LU Benchmark

 Size:  162x 162x 162
 Iterations:                    250
 Number of available threads:     4

 Time step    1
 Time step   20
 Time step   40
 Time step   60
 Time step   80
 Time step  100
 Time step  120
 Time step  140
 Time step  160
 Time step  180
Warmup threshold: 1
Start threshold: 4944793
End threshold: 734
ROI begin
Time taken: 13169925 ns
