cset: --> last message, executed args into cpuset "/measurement/9_11/9", new pid is: 18029


 NAS Parallel Benchmarks (NPB3.4-OMP) - CG Benchmark

 Size:       14000
 Iterations:                     15
 Number of available threads:     1

 Initialization time =           0.337 seconds

   iteration           ||r||                 zeta
        1       0.26065081214763E-12    19.9997581277040
        5       0.25110613524700E-14    17.1302338856353
       10       0.24771507610856E-14    17.1302350540284
Warmup threshold: 5056743
Start threshold: 36474
End threshold: 36089
ROI begin
Warm up marker met
Warmup event
Start marker met
Start event
End marker met
End event
