cset: --> last message, executed args into cpuset "/measurement/12_17", new pid is: 223842


 NAS Parallel Benchmarks (NPB3.4-OMP) - CG Benchmark

 Size:      150000
 Iterations:                     75
 Number of available threads:     4

 Initialization time =           3.125 seconds

   iteration           ||r||                 zeta
        1       0.35170367217941E-12   109.9994423237398
        5       0.88581436770103E-15    28.6471670038893
       10       0.90660917430565E-15    28.9496695449003
       15       0.90221046915223E-15    28.9716336228371
       20       0.90985946703837E-15    28.9734210663747
       25       0.90308352225426E-15    28.9735863059382
       30       0.90439701963698E-15    28.9736033967627
       35       0.90473732280383E-15    28.9736053266246
       40       0.90195630217673E-15    28.9736055590700
       45       0.90508815645546E-15    28.9736055884132
Warmup threshold: 1
Start threshold: 183180665
End threshold: 82465
ROI begin
Time taken: 10130946 ns
