cset: --> last message, executed args into cpuset "/measurement/28_31", new pid is: 3955428


 NAS Parallel Benchmarks (NPB3.4-OMP) - CG Benchmark

 Size:      150000
 Iterations:                     75
 Number of available threads:     4

 Initialization time =           4.953 seconds

   iteration           ||r||                 zeta
        1       0.35165481408805E-12   109.9994423237398
        5       0.88649588915619E-15    28.6471670038893
       10       0.90695912268010E-15    28.9496695449003
       15       0.90263330925011E-15    28.9716336228371
       20       0.90868286441736E-15    28.9734210663747
       25       0.90218644082480E-15    28.9735863059382
       30       0.90508737476258E-15    28.9736033967627
       35       0.90554119746221E-15    28.9736053266246
       40       0.90287894350199E-15    28.9736055590699
Warmup threshold: 1
Start threshold: 159277888
End threshold: 80382
ROI begin
Time taken: 23551902 ns
