cset: --> last message, executed args into cpuset "/measurement/18_23", new pid is: 214639


 NAS Parallel Benchmarks (NPB3.4-OMP) - CG Benchmark

 Size:      150000
 Iterations:                     75
 Number of available threads:     4

 Initialization time =           3.246 seconds

   iteration           ||r||                 zeta
        1       0.35169254476771E-12   109.9994423237398
        5       0.88612841792331E-15    28.6471670038893
       10       0.90701476829904E-15    28.9496695449003
       15       0.90135893293000E-15    28.9716336228371
       20       0.90893108472347E-15    28.9734210663747
       25       0.90320048662085E-15    28.9735863059382
       30       0.90553636076324E-15    28.9736033967628
       35       0.90482141225726E-15    28.9736053266246
       40       0.90226628753158E-15    28.9736055590700
       45       0.90468606043961E-15    28.9736055884132
       50       0.90254813639538E-15    28.9736055922485
Warmup threshold: 1
Start threshold: 194198394
End threshold: 80361
ROI begin
Time taken: 11509693 ns
