cset: --> last message, executed args into cpuset "/measurement/68_69/68", new pid is: 134488


 NAS Parallel Benchmarks (NPB3.4-OMP) - LU Benchmark

 Size:   64x  64x  64
 Iterations:                    250
 Number of available threads:     1

 Time step    1
 Time step   20
 Time step   40
 Time step   60
 Time step   80
 Time step  100
Warmup threshold: 419441
Start threshold: 458
End threshold: 458
ROI begin
Warm up marker met
Warmup event
Start marker met
Start event
End marker met
End event
