cset: --> last message, executed args into cpuset "/measurement/48_51", new pid is: 3957586


 NAS Parallel Benchmarks (NPB3.4-OMP) - CG Benchmark

 Size:      150000
 Iterations:                     75
 Number of available threads:     4

 Initialization time =           4.751 seconds

   iteration           ||r||                 zeta
        1       0.35181275474238E-12   109.9994423237398
        5       0.88571968632105E-15    28.6471670038893
       10       0.90681001064785E-15    28.9496695449003
       15       0.90215996837028E-15    28.9716336228371
       20       0.90876238124456E-15    28.9734210663747
       25       0.90346146046798E-15    28.9735863059382
       30       0.90421177707985E-15    28.9736033967627
       35       0.90447135118302E-15    28.9736053266246
       40       0.90129753457598E-15    28.9736055590700
       45       0.90376768889763E-15    28.9736055884132
       50       0.90376281344230E-15    28.9736055922485
       55       0.89792374783308E-15    28.9736055927632
Warmup threshold: 1
Start threshold: 216312142
End threshold: 82419
ROI begin
Time taken: 22685154 ns
