cset: --> last message, executed args into cpuset "/measurement/38_39/38", new pid is: 365013


 NAS Parallel Benchmarks (NPB3.4-OMP) - LU Benchmark

 Size:   64x  64x  64
 Iterations:                    250
 Number of available threads:     1

 Time step    1
 Time step   20
 Time step   40
 Time step   60
 Time step   80
 Time step  100
 Time step  120
 Time step  140
 Time step  160
Warmup threshold: 668515
Start threshold: 1723
End threshold: 3029
ROI begin
Warm up marker met
Warmup event
Start marker met
Start event
End marker met
End event
