cset: --> last message, executed args into cpuset "/measurement/6_11", new pid is: 212909


 NAS Parallel Benchmarks (NPB3.4-OMP) - CG Benchmark

 Size:      150000
 Iterations:                     75
 Number of available threads:     4

 Initialization time =           3.229 seconds

   iteration           ||r||                 zeta
        1       0.35171048864040E-12   109.9994423237398
        5       0.88648412745014E-15    28.6471670038893
       10       0.90699946074805E-15    28.9496695449003
       15       0.90292249845244E-15    28.9716336228371
       20       0.90890495380423E-15    28.9734210663747
       25       0.90285767972089E-15    28.9735863059382
       30       0.90434843837251E-15    28.9736033967628
       35       0.90437494181402E-15    28.9736053266246
       40       0.90160364318817E-15    28.9736055590700
       45       0.90414525377402E-15    28.9736055884132
Warmup threshold: 1
Start threshold: 169644218
End threshold: 80442
ROI begin
Time taken: 14465574 ns
