cset: --> last message, executed args into cpuset "/measurement/60_63", new pid is: 3956647


 NAS Parallel Benchmarks (NPB3.4-OMP) - CG Benchmark

 Size:      150000
 Iterations:                     75
 Number of available threads:     4

 Initialization time =           5.022 seconds

   iteration           ||r||                 zeta
        1       0.35179751395012E-12   109.9994423237398
        5       0.88612125452010E-15    28.6471670038893
       10       0.90679252992540E-15    28.9496695449003
       15       0.90151424740709E-15    28.9716336228371
       20       0.90997786709817E-15    28.9734210663747
       25       0.90245435788129E-15    28.9735863059382
       30       0.90449878349257E-15    28.9736033967627
       35       0.90496556325823E-15    28.9736053266246
       40       0.90203902275610E-15    28.9736055590700
Warmup threshold: 1
Start threshold: 159277888
End threshold: 80382
ROI begin
Time taken: 25278090 ns
