cset: --> last message, executed args into cpuset "/measurement/52_55", new pid is: 3953353


 NAS Parallel Benchmarks (NPB3.4-OMP) - CG Benchmark

 Size:      150000
 Iterations:                     75
 Number of available threads:     4

 Initialization time =           5.351 seconds

   iteration           ||r||                 zeta
        1       0.35165481408805E-12   109.9994423237398
        5       0.88622231947827E-15    28.6471670038893
       10       0.90728581933933E-15    28.9496695449003
       15       0.90195117500884E-15    28.9716336228371
       20       0.90822960888615E-15    28.9734210663747
       25       0.90289171544457E-15    28.9735863059382
       30       0.90428872245862E-15    28.9736033967627
       35       0.90486643707207E-15    28.9736053266246
       40       0.90097789479439E-15    28.9736055590700
Warmup threshold: 1
Start threshold: 152665130
End threshold: 80358
ROI begin
Time taken: 26209938 ns
