cset: --> last message, executed args into cpuset "/measurement/18_23", new pid is: 224450


 NAS Parallel Benchmarks (NPB3.4-OMP) - CG Benchmark

 Size:      150000
 Iterations:                     75
 Number of available threads:     4

 Initialization time =           3.149 seconds

   iteration           ||r||                 zeta
        1       0.35171080405185E-12   109.9994423237398
        5       0.88608748625340E-15    28.6471670038893
       10       0.90584667496934E-15    28.9496695449003
       15       0.90135511995522E-15    28.9716336228371
       20       0.90869526614842E-15    28.9734210663747
       25       0.90452562650882E-15    28.9735863059382
       30       0.90441270957196E-15    28.9736033967628
       35       0.90544856874661E-15    28.9736053266246
       40       0.90277772174558E-15    28.9736055590700
       45       0.90418631743403E-15    28.9736055884132
       50       0.90314462226135E-15    28.9736055922485
       55       0.89814776311825E-15    28.9736055927632
       60       0.90374050429137E-15    28.9736055928339
Warmup threshold: 1
Start threshold: 241204593
End threshold: 82441
ROI begin
Time taken: 11297814 ns
