cset: --> last message, executed args into cpuset "/measurement/40_43", new pid is: 3953212


 NAS Parallel Benchmarks (NPB3.4-OMP) - CG Benchmark

 Size:      150000
 Iterations:                     75
 Number of available threads:     4

 Initialization time =           5.124 seconds

   iteration           ||r||                 zeta
        1       0.35165101100351E-12   109.9994423237398
        5       0.88520747229729E-15    28.6471670038893
       10       0.90604709488268E-15    28.9496695449003
       15       0.90211764828961E-15    28.9716336228371
       20       0.90838277080585E-15    28.9734210663747
       25       0.90333386145545E-15    28.9735863059382
       30       0.90452710679904E-15    28.9736033967627
       35       0.90544423503114E-15    28.9736053266246
       40       0.90149218863021E-15    28.9736055590700
Warmup threshold: 1
Start threshold: 152665130
End threshold: 80358
ROI begin
Time taken: 22716293 ns
