cset: --> last message, executed args into cpuset "/measurement/18_23", new pid is: 222976


 NAS Parallel Benchmarks (NPB3.4-OMP) - CG Benchmark

 Size:      150000
 Iterations:                     75
 Number of available threads:     4

 Initialization time =           3.157 seconds

   iteration           ||r||                 zeta
        1       0.35170826322936E-12   109.9994423237398
        5       0.88652895237217E-15    28.6471670038893
       10       0.90739914306408E-15    28.9496695449003
       15       0.90170210429673E-15    28.9716336228371
       20       0.90885598257740E-15    28.9734210663747
       25       0.90318923853880E-15    28.9735863059382
       30       0.90435093809424E-15    28.9736033967627
       35       0.90531976391420E-15    28.9736053266246
       40       0.90158811542158E-15    28.9736055590700
       45       0.90479505303015E-15    28.9736055884132
       50       0.90328818114805E-15    28.9736055922485
       55       0.89821113371891E-15    28.9736055927632
       60       0.90256457153166E-15    28.9736055928339
Warmup threshold: 1
Start threshold: 238916406
End threshold: 80359
ROI begin
Time taken: 10247454 ns
