cset: --> last message, executed args into cpuset "/measurement/44_47", new pid is: 3950589


 NAS Parallel Benchmarks (NPB3.4-OMP) - CG Benchmark

 Size:      150000
 Iterations:                     75
 Number of available threads:     4

 Initialization time =           4.961 seconds

   iteration           ||r||                 zeta
        1       0.35170367217941E-12   109.9994423237398
        5       0.88639647992465E-15    28.6471670038893
       10       0.90722654781336E-15    28.9496695449003
       15       0.90142971415297E-15    28.9716336228371
       20       0.90744772009504E-15    28.9734210663747
       25       0.90303672079438E-15    28.9735863059382
       30       0.90472654532901E-15    28.9736033967627
       35       0.90543718387514E-15    28.9736053266246
       40       0.90193382371363E-15    28.9736055590699
       45       0.90408919384764E-15    28.9736055884132
       50       0.90315153553710E-15    28.9736055922485
       55       0.89749210087305E-15    28.9736055927632
       60       0.90267418327784E-15    28.9736055928339
Warmup threshold: 1
Start threshold: 238916406
End threshold: 80359
ROI begin
Time taken: 25261056 ns
