cset: --> last message, executed args into cpuset "/measurement/3_5/3", new pid is: 631168


 NAS Parallel Benchmarks (NPB3.4-OMP) - SP Benchmark

 No input file inputsp.data. Using compiled defaults
 Size:   64x  64x  64
 Iterations:  400    dt:    0.0015000
 Number of available threads:     1

 Time step    1
 Time step   20
 Time step   40
 Time step   60
 Time step   80
Warmup threshold: 358621
Start threshold: 1580
End threshold: 3441
ROI begin
Warm up marker met
Warmup event
Start marker met
Start event
End marker met
End event
