

 NAS Parallel Benchmarks (NPB3.4-OMP) - CG Benchmark

 Size:       14000
 Iterations:                     15
 Number of available threads:     1

 Initialization time =           0.361 seconds

   iteration           ||r||                 zeta
        1       0.26065081214763E-12    19.9997581277040
        5       0.25110613524700E-14    17.1302338856353
Warmup threshold: 2067507
Start threshold: 3567
End threshold: 25915
ROI begin
Warm up marker met
Warmup event
Start marker met
Start event
PAPI_hl_region_begin failed due to -1.
End marker met
PAPI_hl_region_end failed due to -14.
End event
