cset: --> last message, executed args into cpuset "/measurement/24_27", new pid is: 3948962


 NAS Parallel Benchmarks (NPB3.4-OMP) - CG Benchmark

 Size:      150000
 Iterations:                     75
 Number of available threads:     4

 Initialization time =           5.081 seconds

   iteration           ||r||                 zeta
        1       0.35179751395012E-12   109.9994423237398
        5       0.88578555096927E-15    28.6471670038893
       10       0.90675199791786E-15    28.9496695449003
       15       0.90111095205819E-15    28.9716336228371
       20       0.90915822103788E-15    28.9734210663747
       25       0.90336334645438E-15    28.9735863059382
       30       0.90436176310132E-15    28.9736033967627
       35       0.90531257464099E-15    28.9736053266246
Warmup threshold: 1
Start threshold: 5213459
End threshold: 43707
ROI begin
Time taken: 25880120 ns
