cset: --> last message, executed args into cpuset "/measurement/6_11", new pid is: 222710


 NAS Parallel Benchmarks (NPB3.4-OMP) - CG Benchmark

 Size:      150000
 Iterations:                     75
 Number of available threads:     4

 Initialization time =           3.240 seconds

   iteration           ||r||                 zeta
        1       0.35165730272018E-12   109.9994423237398
        5       0.88666505084182E-15    28.6471670038893
       10       0.90753461806523E-15    28.9496695449003
       15       0.90095682507246E-15    28.9716336228371
       20       0.90915399510816E-15    28.9734210663747
       25       0.90321041357951E-15    28.9735863059382
       30       0.90515159227561E-15    28.9736033967627
       35       0.90529358515789E-15    28.9736053266246
       40       0.90160452772215E-15    28.9736055590700
       45       0.90461351906032E-15    28.9736055884132
       50       0.90421337569808E-15    28.9736055922485
       55       0.89779865100595E-15    28.9736055927632
       60       0.90261930988316E-15    28.9736055928339
Warmup threshold: 1
Start threshold: 238916406
End threshold: 80359
ROI begin
Time taken: 13292156 ns
