cset: --> last message, executed args into cpuset "/measurement/52_55", new pid is: 3957418


 NAS Parallel Benchmarks (NPB3.4-OMP) - CG Benchmark

 Size:      150000
 Iterations:                     75
 Number of available threads:     4

 Initialization time =           5.177 seconds

   iteration           ||r||                 zeta
        1       0.35170971763345E-12   109.9994423237398
        5       0.88539259970405E-15    28.6471670038893
       10       0.90745876763956E-15    28.9496695449003
       15       0.90187539020292E-15    28.9716336228371
       20       0.91005784637430E-15    28.9734210663747
       25       0.90286425302212E-15    28.9735863059382
       30       0.90517861925002E-15    28.9736033967628
       35       0.90469141329655E-15    28.9736053266246
       40       0.90216707242122E-15    28.9736055590700
Warmup threshold: 1
Start threshold: 159277888
End threshold: 80382
ROI begin
Time taken: 24518055 ns
