cset: --> last message, executed args into cpuset "/measurement/40_43", new pid is: 3948403


 NAS Parallel Benchmarks (NPB3.4-OMP) - CG Benchmark

 Size:      150000
 Iterations:                     75
 Number of available threads:     4

 Initialization time =           4.806 seconds

   iteration           ||r||                 zeta
        1       0.35170971763345E-12   109.9994423237398
        5       0.88699856618063E-15    28.6471670038893
       10       0.90642953595640E-15    28.9496695449003
       15       0.90196232123670E-15    28.9716336228371
       20       0.90889413481147E-15    28.9734210663747
       25       0.90236093722342E-15    28.9735863059382
       30       0.90450358106603E-15    28.9736033967628
       35       0.90552745318612E-15    28.9736053266246
Warmup threshold: 1
Start threshold: 142554636
End threshold: 82404
ROI begin
Time taken: 23731305 ns
