cset: --> last message, executed args into cpuset "/measurement/52_55", new pid is: 3951283


 NAS Parallel Benchmarks (NPB3.4-OMP) - CG Benchmark

 Size:      150000
 Iterations:                     75
 Number of available threads:     4

 Initialization time =           5.106 seconds

   iteration           ||r||                 zeta
        1       0.35170971763345E-12   109.9994423237398
        5       0.88647489168320E-15    28.6471670038893
       10       0.90757448694736E-15    28.9496695449003
       15       0.90156994835709E-15    28.9716336228371
       20       0.90903491189683E-15    28.9734210663747
       25       0.90427704431280E-15    28.9735863059382
       30       0.90517152544233E-15    28.9736033967627
       35       0.90483737982823E-15    28.9736053266246
       40       0.90206438744720E-15    28.9736055590700
       45       0.90450602471996E-15    28.9736055884132
       50       0.90467945286799E-15    28.9736055922485
       55       0.89820286593035E-15    28.9736055927632
Warmup threshold: 1
Start threshold: 212152421
End threshold: 82411
ROI begin
Time taken: 27107528 ns
