cset: --> last message, executed args into cpuset "/measurement/40_43", new pid is: 3950135


 NAS Parallel Benchmarks (NPB3.4-OMP) - CG Benchmark

 Size:      150000
 Iterations:                     75
 Number of available threads:     4

 Initialization time =           5.470 seconds

   iteration           ||r||                 zeta
        1       0.35171048864040E-12   109.9994423237398
        5       0.88636678693743E-15    28.6471670038893
       10       0.90698692971578E-15    28.9496695449003
       15       0.90062486247850E-15    28.9716336228371
       20       0.90865193979919E-15    28.9734210663747
       25       0.90312171375130E-15    28.9735863059382
       30       0.90513284576197E-15    28.9736033967627
       35       0.90533045642220E-15    28.9736053266246
       40       0.90114024319256E-15    28.9736055590700
       45       0.90408424008226E-15    28.9736055884132
       50       0.90313086632434E-15    28.9736055922485
Warmup threshold: 1
Start threshold: 194198394
End threshold: 80361
ROI begin
Time taken: 25327686 ns
