cset: --> last message, executed args into cpuset "/measurement/28_31", new pid is: 3954469


 NAS Parallel Benchmarks (NPB3.4-OMP) - CG Benchmark

 Size:      150000
 Iterations:                     75
 Number of available threads:     4

 Initialization time =           5.098 seconds

   iteration           ||r||                 zeta
        1       0.35171027836595E-12   109.9994423237398
        5       0.88665990692495E-15    28.6471670038894
       10       0.90749259072437E-15    28.9496695449003
       15       0.90221455334238E-15    28.9716336228371
       20       0.90962433336828E-15    28.9734210663748
       25       0.90339059323822E-15    28.9735863059382
       30       0.90441837029429E-15    28.9736033967627
       35       0.90528494422082E-15    28.9736053266246
       40       0.90198043519225E-15    28.9736055590700
       45       0.90372426004101E-15    28.9736055884132
Warmup threshold: 1
Start threshold: 186365445
End threshold: 82399
ROI begin
Time taken: 29920855 ns
