cset: --> last message, executed args into cpuset "/measurement/6_11", new pid is: 227371


 NAS Parallel Benchmarks (NPB3.4-OMP) - CG Benchmark

 Size:      150000
 Iterations:                     75
 Number of available threads:     4

 Initialization time =           3.206 seconds

   iteration           ||r||                 zeta
        1       0.35165767075583E-12   109.9994423237398
        5       0.88612372855386E-15    28.6471670038893
       10       0.90639341985560E-15    28.9496695449003
       15       0.90185938240892E-15    28.9716336228371
       20       0.90858313788462E-15    28.9734210663747
       25       0.90305498404540E-15    28.9735863059382
       30       0.90449464382374E-15    28.9736033967627
       35       0.90464012396698E-15    28.9736053266246
       40       0.90242820916427E-15    28.9736055590700
       45       0.90457075944825E-15    28.9736055884132
       50       0.90372301175316E-15    28.9736055922485
Warmup threshold: 1
Start threshold: 203833041
End threshold: 80427
ROI begin
Time taken: 11105618 ns
