cset: --> last message, executed args into cpuset "/measurement/12_17", new pid is: 212967


 NAS Parallel Benchmarks (NPB3.4-OMP) - CG Benchmark

 Size:      150000
 Iterations:                     75
 Number of available threads:     4

 Initialization time =           3.282 seconds

   iteration           ||r||                 zeta
        1       0.35170971763345E-12   109.9994423237398
        5       0.88690244063029E-15    28.6471670038893
       10       0.90626222487432E-15    28.9496695449003
       15       0.90177604083803E-15    28.9716336228371
       20       0.90853860130999E-15    28.9734210663747
       25       0.90315607263789E-15    28.9735863059382
       30       0.90412962339208E-15    28.9736033967627
       35       0.90362035805683E-15    28.9736053266246
       40       0.90244939677010E-15    28.9736055590700
       45       0.90309541270507E-15    28.9736055884132
       50       0.90365126258648E-15    28.9736055922485
Warmup threshold: 1
Start threshold: 203833041
End threshold: 80427
ROI begin
Time taken: 11984179 ns
