cset: --> last message, executed args into cpuset "/measurement/60_63", new pid is: 3956878


 NAS Parallel Benchmarks (NPB3.4-OMP) - CG Benchmark

 Size:      150000
 Iterations:                     75
 Number of available threads:     4

 Initialization time =           5.261 seconds

   iteration           ||r||                 zeta
        1       0.35180671105893E-12   109.9994423237398
        5       0.88588074280935E-15    28.6471670038893
       10       0.90768803525961E-15    28.9496695449003
       15       0.90258586460239E-15    28.9716336228371
       20       0.90887230769065E-15    28.9734210663747
       25       0.90247863672978E-15    28.9735863059382
       30       0.90405082380406E-15    28.9736033967627
       35       0.90447579840497E-15    28.9736053266246
       40       0.90234955776890E-15    28.9736055590700
       45       0.90491542528985E-15    28.9736055884132
Warmup threshold: 1
Start threshold: 183180665
End threshold: 82465
ROI begin
Time taken: 25879492 ns
