cset: --> last message, executed args into cpuset "/measurement/18_23", new pid is: 223385


 NAS Parallel Benchmarks (NPB3.4-OMP) - CG Benchmark

 Size:      150000
 Iterations:                     75
 Number of available threads:     4

 Initialization time =           3.125 seconds

   iteration           ||r||                 zeta
        1       0.35165101100351E-12   109.9994423237398
        5       0.88644842368310E-15    28.6471670038893
       10       0.90666969517517E-15    28.9496695449003
       15       0.90208316962973E-15    28.9716336228371
       20       0.90881412830514E-15    28.9734210663747
       25       0.90221471416895E-15    28.9735863059382
       30       0.90432575168046E-15    28.9736033967627
       35       0.90465259533135E-15    28.9736053266246
       40       0.90251786852267E-15    28.9736055590700
       45       0.90448036175993E-15    28.9736055884132
       50       0.90338112937819E-15    28.9736055922485
Warmup threshold: 1
Start threshold: 1325
End threshold: 82464
ROI begin
Time taken: 10250277 ns
