cset: --> last message, executed args into cpuset "/measurement/36_39", new pid is: 3952332


 NAS Parallel Benchmarks (NPB3.4-OMP) - CG Benchmark

 Size:      150000
 Iterations:                     75
 Number of available threads:     4

 Initialization time =           5.179 seconds

   iteration           ||r||                 zeta
        1       0.35170971763345E-12   109.9994423237398
        5       0.88561269725395E-15    28.6471670038893
       10       0.90654047547602E-15    28.9496695449003
       15       0.90206161384242E-15    28.9716336228371
       20       0.90896899456012E-15    28.9734210663747
       25       0.90257462066359E-15    28.9735863059382
       30       0.90554956822087E-15    28.9736033967627
       35       0.90520937196792E-15    28.9736053266246
       40       0.90202957240802E-15    28.9736055590700
       45       0.90452109140433E-15    28.9736055884132
       50       0.90398208009098E-15    28.9736055922485
       55       0.89733324633311E-15    28.9736055927632
Warmup threshold: 1
Start threshold: 212152421
End threshold: 82411
ROI begin
Time taken: 28609052 ns
