cset: --> last message, executed args into cpuset "/measurement/6_11", new pid is: 214400


 NAS Parallel Benchmarks (NPB3.4-OMP) - CG Benchmark

 Size:      150000
 Iterations:                     75
 Number of available threads:     4

 Initialization time =           3.156 seconds

   iteration           ||r||                 zeta
        1       0.35170367217941E-12   109.9994423237398
        5       0.88617708110275E-15    28.6471670038893
       10       0.90729392500297E-15    28.9496695449003
       15       0.90146676382977E-15    28.9716336228371
       20       0.90937489775597E-15    28.9734210663747
       25       0.90210531331368E-15    28.9735863059382
       30       0.90459284751718E-15    28.9736033967627
       35       0.90478153493006E-15    28.9736053266246
       40       0.90131502527988E-15    28.9736055590700
       45       0.90400323859221E-15    28.9736055884132
Warmup threshold: 1
Start threshold: 181391608
End threshold: 82444
ROI begin
Time taken: 12589778 ns
