cset: --> last message, executed args into cpuset "/measurement/12_17", new pid is: 222400


 NAS Parallel Benchmarks (NPB3.4-OMP) - CG Benchmark

 Size:      150000
 Iterations:                     75
 Number of available threads:     4

 Initialization time =           3.314 seconds

   iteration           ||r||                 zeta
        1       0.35165101100351E-12   109.9994423237398
        5       0.88632751083072E-15    28.6471670038893
       10       0.90714207227295E-15    28.9496695449003
       15       0.90267291278345E-15    28.9716336228371
       20       0.90869349552243E-15    28.9734210663747
       25       0.90260253143781E-15    28.9735863059382
       30       0.90539008983273E-15    28.9736033967628
       35       0.90421318232027E-15    28.9736053266246
       40       0.90120363733845E-15    28.9736055590700
       45       0.90451090591620E-15    28.9736055884132
Warmup threshold: 1
Start threshold: 169644218
End threshold: 80442
ROI begin
Time taken: 12818756 ns
