cset: --> last message, executed args into cpuset "/measurement/44_47", new pid is: 3953015


 NAS Parallel Benchmarks (NPB3.4-OMP) - CG Benchmark

 Size:      150000
 Iterations:                     75
 Number of available threads:     4

 Initialization time =           4.921 seconds

   iteration           ||r||                 zeta
        1       0.35170971763345E-12   109.9994423237398
        5       0.88730975305020E-15    28.6471670038893
       10       0.90617835181861E-15    28.9496695449003
       15       0.90150865890868E-15    28.9716336228371
       20       0.90983717615996E-15    28.9734210663748
       25       0.90307994963782E-15    28.9735863059382
       30       0.90516323519433E-15    28.9736033967627
       35       0.90540159336170E-15    28.9736053266246
Warmup threshold: 1
Start threshold: 142554636
End threshold: 82404
ROI begin
Time taken: 28000257 ns
