cset: --> last message, executed args into cpuset "/measurement/56_59", new pid is: 3948327


 NAS Parallel Benchmarks (NPB3.4-OMP) - CG Benchmark

 Size:      150000
 Iterations:                     75
 Number of available threads:     4

 Initialization time =           5.053 seconds

   iteration           ||r||                 zeta
        1       0.35170984029376E-12   109.9994423237398
        5       0.88601343167333E-15    28.6471670038893
       10       0.90678900230457E-15    28.9496695449003
       15       0.90170006002494E-15    28.9716336228371
       20       0.90899585347657E-15    28.9734210663747
       25       0.90344406580377E-15    28.9735863059382
       30       0.90304847436983E-15    28.9736033967627
       35       0.90487927757987E-15    28.9736053266246
       40       0.90189250272189E-15    28.9736055590700
Warmup threshold: 1
Start threshold: 155441782
End threshold: 82441
ROI begin
Time taken: 24398665 ns
