cset: --> last message, executed args into cpuset "/measurement/52_55", new pid is: 3950374


 NAS Parallel Benchmarks (NPB3.4-OMP) - CG Benchmark

 Size:      150000
 Iterations:                     75
 Number of available threads:     4

 Initialization time =           5.060 seconds

   iteration           ||r||                 zeta
        1       0.35171080405185E-12   109.9994423237398
        5       0.88694358650379E-15    28.6471670038893
       10       0.90700668120090E-15    28.9496695449003
       15       0.90175531321146E-15    28.9716336228371
       20       0.90842700729358E-15    28.9734210663747
       25       0.90328528523230E-15    28.9735863059382
       30       0.90495500120525E-15    28.9736033967627
       35       0.90445756993592E-15    28.9736053266246
Warmup threshold: 1
Start threshold: 135616256
End threshold: 82434
ROI begin
Time taken: 24448122 ns
