cset: --> last message, executed args into cpuset "/measurement/6_11", new pid is: 227395


 NAS Parallel Benchmarks (NPB3.4-OMP) - CG Benchmark

 Size:      150000
 Iterations:                     75
 Number of available threads:     4

 Initialization time =           3.240 seconds

   iteration           ||r||                 zeta
        1       0.35182598041206E-12   109.9994423237398
        5       0.88651455242246E-15    28.6471670038893
       10       0.90715557625397E-15    28.9496695449003
       15       0.90179062928515E-15    28.9716336228371
       20       0.90828480337617E-15    28.9734210663747
       25       0.90321391287963E-15    28.9735863059382
       30       0.90418601273297E-15    28.9736033967628
       35       0.90460372445030E-15    28.9736053266246
       40       0.90121309349424E-15    28.9736055590700
       45       0.90493416128805E-15    28.9736055884132
       50       0.90347703572905E-15    28.9736055922485
       55       0.89743044942809E-15    28.9736055927632
       60       0.90324535391422E-15    28.9736055928339
Warmup threshold: 1
Start threshold: 238916406
End threshold: 80359
ROI begin
Time taken: 12629581 ns
