cset: --> last message, executed args into cpuset "/measurement/9_11/9", new pid is: 631808


 NAS Parallel Benchmarks (NPB3.4-OMP) - SP Benchmark

 No input file inputsp.data. Using compiled defaults
 Size:   64x  64x  64
 Iterations:  400    dt:    0.0015000
 Number of available threads:     1

 Time step    1
 Time step   20
 Time step   40
 Time step   60
 Time step   80
 Time step  100
 Time step  120
 Time step  140
 Time step  160
 Time step  180
 Time step  200
 Time step  220
Warmup threshold: 897006
Start threshold: 1580
End threshold: 169
ROI begin
Warm up marker met
Warmup event
Start marker met
Start event
End marker met
End event
