cset: --> last message, executed args into cpuset "/measurement/40_43", new pid is: 3956199


 NAS Parallel Benchmarks (NPB3.4-OMP) - CG Benchmark

 Size:      150000
 Iterations:                     75
 Number of available threads:     4

 Initialization time =           5.209 seconds

   iteration           ||r||                 zeta
        1       0.35170971763345E-12   109.9994423237398
        5       0.88627150803659E-15    28.6471670038893
       10       0.90706609182717E-15    28.9496695449003
       15       0.90241675443696E-15    28.9716336228371
       20       0.90870243553143E-15    28.9734210663747
       25       0.90279159984255E-15    28.9735863059382
       30       0.90471509899370E-15    28.9736033967628
       35       0.90450598735652E-15    28.9736053266246
       40       0.90170277648552E-15    28.9736055590700
Warmup threshold: 1
Start threshold: 155930275
End threshold: 80414
ROI begin
Time taken: 23304962 ns
