cset: --> last message, executed args into cpuset "/measurement/6_11", new pid is: 212780


 NAS Parallel Benchmarks (NPB3.4-OMP) - CG Benchmark

 Size:      150000
 Iterations:                     75
 Number of available threads:     4

 Initialization time =           3.181 seconds

   iteration           ||r||                 zeta
        1       0.35169683806276E-12   109.9994423237398
        5       0.88606362681417E-15    28.6471670038893
       10       0.90650007646072E-15    28.9496695449003
       15       0.90236524585217E-15    28.9716336228371
       20       0.90862014127644E-15    28.9734210663747
       25       0.90211110945404E-15    28.9735863059382
       30       0.90430470634110E-15    28.9736033967627
       35       0.90543755915381E-15    28.9736053266246
Warmup threshold: 1
Start threshold: 5213459
End threshold: 43707
ROI begin
Time taken: 12158111 ns
