cset: --> last message, executed args into cpuset "/measurement/28_31", new pid is: 3947117


 NAS Parallel Benchmarks (NPB3.4-OMP) - CG Benchmark

 Size:      150000
 Iterations:                     75
 Number of available threads:     4

 Initialization time =           5.180 seconds

   iteration           ||r||                 zeta
        1       0.35171048864040E-12   109.9994423237398
        5       0.88555556078022E-15    28.6471670038893
       10       0.90728071135745E-15    28.9496695449003
       15       0.90110516945977E-15    28.9716336228371
       20       0.90882765998673E-15    28.9734210663747
       25       0.90303451764298E-15    28.9735863059382
       30       0.90460976893920E-15    28.9736033967627
       35       0.90486350642290E-15    28.9736053266246
       40       0.90135103676137E-15    28.9736055590700
       45       0.90447437042266E-15    28.9736055884132
Warmup threshold: 1
Start threshold: 7281972
End threshold: 12271
ROI begin
Time taken: 22261528 ns
