cset: --> last message, executed args into cpuset "/measurement/6_11", new pid is: 216794


 NAS Parallel Benchmarks (NPB3.4-OMP) - CG Benchmark

 Size:      150000
 Iterations:                     75
 Number of available threads:     4

 Initialization time =           3.111 seconds

   iteration           ||r||                 zeta
        1       0.35170971763345E-12   109.9994423237398
        5       0.88624806472689E-15    28.6471670038893
       10       0.90658914835480E-15    28.9496695449003
       15       0.90165608343089E-15    28.9716336228371
       20       0.90887734488942E-15    28.9734210663747
       25       0.90276795075699E-15    28.9735863059382
       30       0.90465190421931E-15    28.9736033967627
       35       0.90496842497695E-15    28.9736053266246
       40       0.90179280125838E-15    28.9736055590700
       45       0.90450198742810E-15    28.9736055884132
Warmup threshold: 1
Start threshold: 7281972
End threshold: 12271
ROI begin
Time taken: 13526965 ns
