cset: --> last message, executed args into cpuset "/measurement/64_67", new pid is: 3954231


 NAS Parallel Benchmarks (NPB3.4-OMP) - CG Benchmark

 Size:      150000
 Iterations:                     75
 Number of available threads:     4

 Initialization time =           5.234 seconds

   iteration           ||r||                 zeta
        1       0.35171027836595E-12   109.9994423237398
        5       0.88664692105360E-15    28.6471670038893
       10       0.90746647019737E-15    28.9496695449003
       15       0.90119584415889E-15    28.9716336228371
       20       0.90887474768202E-15    28.9734210663747
       25       0.90382085952778E-15    28.9735863059382
       30       0.90469855147264E-15    28.9736033967628
       35       0.90508157170678E-15    28.9736053266246
       40       0.90197685983568E-15    28.9736055590700
       45       0.90368722202582E-15    28.9736055884132
Warmup threshold: 1
Start threshold: 186365445
End threshold: 82399
ROI begin
Time taken: 26760576 ns
