cset: --> last message, executed args into cpuset "/measurement/48_51", new pid is: 3956413


 NAS Parallel Benchmarks (NPB3.4-OMP) - CG Benchmark

 Size:      150000
 Iterations:                     75
 Number of available threads:     4

 Initialization time =           5.108 seconds

   iteration           ||r||                 zeta
        1       0.35171080405185E-12   109.9994423237398
        5       0.88730683851916E-15    28.6471670038893
       10       0.90687070282423E-15    28.9496695449003
       15       0.90111463357897E-15    28.9716336228371
       20       0.90926582754427E-15    28.9734210663747
       25       0.90320022266508E-15    28.9735863059382
       30       0.90465746152476E-15    28.9736033967628
       35       0.90487488511557E-15    28.9736053266246
       40       0.90123318306321E-15    28.9736055590700
       45       0.90502877469051E-15    28.9736055884132
       50       0.90411273361374E-15    28.9736055922485
Warmup threshold: 1
Start threshold: 194198394
End threshold: 80361
ROI begin
Time taken: 24077407 ns
