cset: --> last message, executed args into cpuset "/measurement/18_23", new pid is: 223782


 NAS Parallel Benchmarks (NPB3.4-OMP) - CG Benchmark

 Size:      150000
 Iterations:                     75
 Number of available threads:     4

 Initialization time =           3.207 seconds

   iteration           ||r||                 zeta
        1       0.35171080405185E-12   109.9994423237398
        5       0.88677832876592E-15    28.6471670038893
       10       0.90686358498630E-15    28.9496695449003
       15       0.90176051563266E-15    28.9716336228371
       20       0.90879818210082E-15    28.9734210663747
       25       0.90350030643422E-15    28.9735863059383
       30       0.90371341073199E-15    28.9736033967627
       35       0.90460305929010E-15    28.9736053266246
       40       0.90195070664270E-15    28.9736055590699
       45       0.90358821131376E-15    28.9736055884132
Warmup threshold: 1
Start threshold: 181391608
End threshold: 82444
ROI begin
Time taken: 11143959 ns
