cset: --> last message, executed args into cpuset "/measurement/12_17", new pid is: 227088


 NAS Parallel Benchmarks (NPB3.4-OMP) - CG Benchmark

 Size:      150000
 Iterations:                     75
 Number of available threads:     4

 Initialization time =           3.435 seconds

   iteration           ||r||                 zeta
        1       0.35179744387599E-12   109.9994423237398
        5       0.88626291333366E-15    28.6471670038893
       10       0.90646441380523E-15    28.9496695449003
       15       0.90193153844787E-15    28.9716336228371
       20       0.91008793573144E-15    28.9734210663747
       25       0.90267866092205E-15    28.9735863059382
       30       0.90437008263032E-15    28.9736033967627
       35       0.90471702235845E-15    28.9736053266246
       40       0.90147264679644E-15    28.9736055590700
Warmup threshold: 1
Start threshold: 155930275
End threshold: 80414
ROI begin
Time taken: 10502660 ns
