cset: --> last message, executed args into cpuset "/measurement/12_17", new pid is: 226899


 NAS Parallel Benchmarks (NPB3.4-OMP) - CG Benchmark

 Size:      150000
 Iterations:                     75
 Number of available threads:     4

 Initialization time =           3.269 seconds

   iteration           ||r||                 zeta
        1       0.35171080405185E-12   109.9994423237398
        5       0.88625876185008E-15    28.6471670038893
       10       0.90681873467916E-15    28.9496695449003
       15       0.90212781071387E-15    28.9716336228371
       20       0.90910583452614E-15    28.9734210663747
       25       0.90250833527164E-15    28.9735863059382
       30       0.90395147255207E-15    28.9736033967627
       35       0.90544100278480E-15    28.9736053266246
       40       0.90214920733875E-15    28.9736055590700
       45       0.90378888412079E-15    28.9736055884132
       50       0.90332426239802E-15    28.9736055922485
Warmup threshold: 1
Start threshold: 194198394
End threshold: 80361
ROI begin
Time taken: 12519655 ns
