cset: --> last message, executed args into cpuset "/measurement/18_23", new pid is: 222490


 NAS Parallel Benchmarks (NPB3.4-OMP) - CG Benchmark

 Size:      150000
 Iterations:                     75
 Number of available threads:     4

 Initialization time =           3.146 seconds

   iteration           ||r||                 zeta
        1       0.35165481408805E-12   109.9994423237398
        5       0.88609933945293E-15    28.6471670038893
       10       0.90694963044215E-15    28.9496695449003
       15       0.90192689743854E-15    28.9716336228371
       20       0.90857221479168E-15    28.9734210663747
       25       0.90285642453877E-15    28.9735863059382
       30       0.90456882358961E-15    28.9736033967627
       35       0.90517989637299E-15    28.9736053266246
       40       0.90206253742810E-15    28.9736055590700
       45       0.90478601676127E-15    28.9736055884132
Warmup threshold: 1
Start threshold: 182205754
End threshold: 80380
ROI begin
Time taken: 11139386 ns
