cset: --> last message, executed args into cpuset "/measurement/44_47", new pid is: 3949198


 NAS Parallel Benchmarks (NPB3.4-OMP) - CG Benchmark

 Size:      150000
 Iterations:                     75
 Number of available threads:     4

 Initialization time =           4.976 seconds

   iteration           ||r||                 zeta
        1       0.35169752148040E-12   109.9994423237398
        5       0.88614444914456E-15    28.6471670038893
       10       0.90688046484890E-15    28.9496695449003
       15       0.90112509103787E-15    28.9716336228371
       20       0.90839500476997E-15    28.9734210663747
       25       0.90234658474929E-15    28.9735863059382
       30       0.90390211347735E-15    28.9736033967627
       35       0.90497683025933E-15    28.9736053266246
       40       0.90194433235897E-15    28.9736055590700
       45       0.90419197510478E-15    28.9736055884132
Warmup threshold: 1
Start threshold: 187422790
End threshold: 3172
ROI begin
Time taken: 22897193 ns
