cset: --> last message, executed args into cpuset "/measurement/60_63", new pid is: 3952855


 NAS Parallel Benchmarks (NPB3.4-OMP) - CG Benchmark

 Size:      150000
 Iterations:                     75
 Number of available threads:     4

 Initialization time =           5.190 seconds

   iteration           ||r||                 zeta
        1       0.35165626871319E-12   109.9994423237398
        5       0.88695969576293E-15    28.6471670038893
       10       0.90792333821836E-15    28.9496695449003
       15       0.90217114907149E-15    28.9716336228371
       20       0.90942818850934E-15    28.9734210663748
       25       0.90452757139443E-15    28.9735863059382
       30       0.90412081287472E-15    28.9736033967627
       35       0.90423038059607E-15    28.9736053266246
       40       0.90135174629863E-15    28.9736055590700
Warmup threshold: 1
Start threshold: 155441782
End threshold: 82441
ROI begin
Time taken: 27063940 ns
