cset: --> last message, executed args into cpuset "/measurement/20_23", new pid is: 3956210


 NAS Parallel Benchmarks (NPB3.4-OMP) - CG Benchmark

 Size:      150000
 Iterations:                     75
 Number of available threads:     4

 Initialization time =           4.959 seconds

   iteration           ||r||                 zeta
        1       0.35171027836595E-12   109.9994423237398
        5       0.88616273512768E-15    28.6471670038893
       10       0.90707042508346E-15    28.9496695449003
       15       0.90147739731392E-15    28.9716336228371
       20       0.90934830008754E-15    28.9734210663747
       25       0.90394468730715E-15    28.9735863059382
       30       0.90537811023265E-15    28.9736033967627
       35       0.90533726658156E-15    28.9736053266246
       40       0.90221269223081E-15    28.9736055590700
       45       0.90392927290423E-15    28.9736055884132
       50       0.90372568473734E-15    28.9736055922486
       55       0.89825844015225E-15    28.9736055927632
       60       0.90263206474412E-15    28.9736055928339
Warmup threshold: 1
Start threshold: 238916406
End threshold: 80359
ROI begin
Time taken: 23014083 ns
