cset: --> last message, executed args into cpuset "/measurement/18_23", new pid is: 226314


 NAS Parallel Benchmarks (NPB3.4-OMP) - CG Benchmark

 Size:      150000
 Iterations:                     75
 Number of available threads:     4

 Initialization time =           3.141 seconds

   iteration           ||r||                 zeta
        1       0.35165767075583E-12   109.9994423237398
        5       0.88634096556334E-15    28.6471670038893
       10       0.90734040687299E-15    28.9496695449003
       15       0.90153952214525E-15    28.9716336228371
       20       0.90948136910594E-15    28.9734210663747
       25       0.90238526173577E-15    28.9735863059382
       30       0.90462468405545E-15    28.9736033967627
       35       0.90537918867093E-15    28.9736053266246
       40       0.90178985328819E-15    28.9736055590699
       45       0.90368650822489E-15    28.9736055884132
       50       0.90345320128686E-15    28.9736055922485
Warmup threshold: 1
Start threshold: 1325
End threshold: 82464
ROI begin
Time taken: 10108886 ns
