cset: --> last message, executed args into cpuset "/measurement/20_23", new pid is: 3949593


 NAS Parallel Benchmarks (NPB3.4-OMP) - CG Benchmark

 Size:      150000
 Iterations:                     75
 Number of available threads:     4

 Initialization time =           4.923 seconds

   iteration           ||r||                 zeta
        1       0.35169769671548E-12   109.9994423237398
        5       0.88560263608634E-15    28.6471670038893
       10       0.90777960145941E-15    28.9496695449003
       15       0.90168119449378E-15    28.9716336228371
       20       0.90844705419349E-15    28.9734210663748
       25       0.90324358399216E-15    28.9735863059382
       30       0.90411604658672E-15    28.9736033967627
       35       0.90542693850441E-15    28.9736053266246
       40       0.90129129628545E-15    28.9736055590700
       45       0.90318116721338E-15    28.9736055884132
       50       0.90311985654290E-15    28.9736055922485
Warmup threshold: 1
Start threshold: 194278755
End threshold: 82463
ROI begin
Time taken: 33605300 ns
