cset: --> last message, executed args into cpuset "/measurement/6_11", new pid is: 227862


 NAS Parallel Benchmarks (NPB3.4-OMP) - CG Benchmark

 Size:      150000
 Iterations:                     75
 Number of available threads:     4

 Initialization time =           3.169 seconds

   iteration           ||r||                 zeta
        1       0.35171080405185E-12   109.9994423237398
        5       0.88663409408738E-15    28.6471670038893
       10       0.90599166391960E-15    28.9496695449003
       15       0.90182667920863E-15    28.9716336228371
       20       0.90888927553874E-15    28.9734210663747
       25       0.90204515040239E-15    28.9735863059382
       30       0.90434127062380E-15    28.9736033967627
       35       0.90478754290925E-15    28.9736053266246
       40       0.90165628061638E-15    28.9736055590700
Warmup threshold: 1
Start threshold: 155441782
End threshold: 82441
ROI begin
Time taken: 10872165 ns
