cset: --> last message, executed args into cpuset "/measurement/10_11/10", new pid is: 296426


 NAS Parallel Benchmarks (NPB3.4-OMP) - MG Benchmark

 No input file. Using compiled defaults 
 Size: 1024x1024x1024  (class D)
 Iterations:                     50
 Number of available threads:     1

 Initialization time:          44.838 seconds

  iter   1
  iter   5
  iter  10
  iter  15
  iter  20
  iter  25
  iter  30
  iter  35
  iter  40
  iter  45
  iter  50

 Benchmark completed 
 VERIFICATION SUCCESSFUL 
 L2 Norm is  0.1583275060239E-09
 Error is    0.1270313734779E-09


 MG Benchmark Completed.
 Class           =                        D
 Size            =           1024x1024x1024
 Iterations      =                       50
 Time in seconds =                   904.47
 Total threads   =                        1
 Avail threads   =                        1
 Mop/s total     =                  3442.75
 Mop/s/thread    =                  3442.75
 Operation type  =           floating point
 Verification    =               SUCCESSFUL
 Version         =                    3.4.3
 Compile date    =              22 May 2025

 Compile options:
    FC           = gfortran
    FLINK        = $(FC)
    F_LIB        = (none)
    F_INC        = (none)
    FFLAGS       = -O3 -fopenmp
    FLINKFLAGS   = $(FFLAGS)
    RAND         = randi8


 Please send all errors/feedbacks to:

 NPB Development Team
 npb@nas.nasa.gov


ROI started
PAPI initialized
PAPI region begin
PAPI region end
PAPI ended
