cset: --> last message, executed args into cpuset "/measurement/24_27", new pid is: 3954076


 NAS Parallel Benchmarks (NPB3.4-OMP) - CG Benchmark

 Size:      150000
 Iterations:                     75
 Number of available threads:     4

 Initialization time =           4.933 seconds

   iteration           ||r||                 zeta
        1       0.35179744387599E-12   109.9994423237398
        5       0.88525530307590E-15    28.6471670038893
       10       0.90695562324910E-15    28.9496695449003
       15       0.90215707656944E-15    28.9716336228371
       20       0.90880690846954E-15    28.9734210663747
       25       0.90282377861240E-15    28.9735863059382
       30       0.90432711856053E-15    28.9736033967628
       35       0.90485079519564E-15    28.9736053266246
       40       0.90207026081530E-15    28.9736055590700
       45       0.90478074241624E-15    28.9736055884132
       50       0.90328679602226E-15    28.9736055922485
Warmup threshold: 1
Start threshold: 1325
End threshold: 82464
ROI begin
Time taken: 31075490 ns
