cset: --> last message, executed args into cpuset "/measurement/6_11", new pid is: 221652


 NAS Parallel Benchmarks (NPB3.4-OMP) - CG Benchmark

 Size:      150000
 Iterations:                     75
 Number of available threads:     4

 Initialization time =           3.155 seconds

   iteration           ||r||                 zeta
        1       0.35170971763345E-12   109.9994423237398
        5       0.88639407959060E-15    28.6471670038893
       10       0.90659755846525E-15    28.9496695449003
       15       0.90170887586298E-15    28.9716336228371
       20       0.90930112581966E-15    28.9734210663747
       25       0.90319594242233E-15    28.9735863059382
       30       0.90443738993183E-15    28.9736033967627
       35       0.90461440430592E-15    28.9736053266246
       40       0.90256600334953E-15    28.9736055590700
       45       0.90356901646835E-15    28.9736055884132
Warmup threshold: 1
Start threshold: 169644218
End threshold: 80442
ROI begin
Time taken: 12382865 ns
