cset: --> last message, executed args into cpuset "/measurement/36_39", new pid is: 3952087


 NAS Parallel Benchmarks (NPB3.4-OMP) - CG Benchmark

 Size:      150000
 Iterations:                     75
 Number of available threads:     4

 Initialization time =           5.082 seconds

   iteration           ||r||                 zeta
        1       0.35169683806276E-12   109.9994423237398
        5       0.88627236352329E-15    28.6471670038893
       10       0.90675978264101E-15    28.9496695449003
       15       0.90170708459270E-15    28.9716336228371
       20       0.90754607376843E-15    28.9734210663747
       25       0.90317683685350E-15    28.9735863059382
       30       0.90470693043388E-15    28.9736033967627
       35       0.90513209576348E-15    28.9736053266246
       40       0.90245150121590E-15    28.9736055590699
       45       0.90377964716651E-15    28.9736055884132
       50       0.90342115716123E-15    28.9736055922485
       55       0.89844207592578E-15    28.9736055927632
       60       0.90209010325641E-15    28.9736055928339
Warmup threshold: 1
Start threshold: 241204593
End threshold: 82441
ROI begin
Time taken: 26344131 ns
