cset: --> last message, executed args into cpuset "/measurement/32_33", new pid is: 4192588


 NAS Parallel Benchmarks (NPB3.4-OMP) - CG Benchmark

 Size:       14000
 Iterations:                     15
 Number of available threads:     1

 Initialization time =           0.565 seconds

   iteration           ||r||                 zeta
        1       0.25699816578522E-12    19.9997581277040
        5       0.24808225795696E-14    17.1302338856353
       10       0.24545482259531E-14    17.1302350540284
       15       0.23651691050192E-14    17.1302350540299
 Benchmark completed 
 VERIFICATION SUCCESSFUL 
 Zeta is     0.1713023505403E+02
 Error is    0.5122640033228E-13


 CG Benchmark Completed.
 Class           =                        A
 Size            =                    14000
 Iterations      =                       15
 Time in seconds =                     1.12
 Total threads   =                        1
 Avail threads   =                        1
 Mop/s total     =                  1339.49
 Mop/s/thread    =                  1339.49
 Operation type  =           floating point
 Verification    =               SUCCESSFUL
 Version         =                    3.4.3
 Compile date    =              15 Apr 2025

 Compile options:
    FC           = gfortran
    FLINK        = $(FC)
    F_LIB        = (none)
    F_INC        = (none)
    FFLAGS       = -O3 -fopenmp
    FLINKFLAGS   = $(FFLAGS)
    RAND         = randi8


 Please send all errors/feedbacks to:

 NPB Development Team
 npb@nas.nasa.gov


Warmup threshold: 2738673
Start threshold: 36221
End threshold: 11476
ROI begin
ROI end
