cset: --> last message, executed args into cpuset "/measurement/6_11", new pid is: 214467


 NAS Parallel Benchmarks (NPB3.4-OMP) - CG Benchmark

 Size:      150000
 Iterations:                     75
 Number of available threads:     4

 Initialization time =           3.159 seconds

   iteration           ||r||                 zeta
        1       0.35165101100351E-12   109.9994423237398
        5       0.88645606845467E-15    28.6471670038893
       10       0.90723378427461E-15    28.9496695449003
       15       0.90166304478608E-15    28.9716336228371
       20       0.90872886453770E-15    28.9734210663747
       25       0.90285541998496E-15    28.9735863059382
       30       0.90426802805385E-15    28.9736033967627
       35       0.90478560345446E-15    28.9736053266246
       40       0.90183722861312E-15    28.9736055590700
Warmup threshold: 1
Start threshold: 155441782
End threshold: 82441
ROI begin
Time taken: 10205854 ns
