cset: --> last message, executed args into cpuset "/measurement/6_11", new pid is: 214412


 NAS Parallel Benchmarks (NPB3.4-OMP) - CG Benchmark

 Size:      150000
 Iterations:                     75
 Number of available threads:     4

 Initialization time =           3.152 seconds

   iteration           ||r||                 zeta
        1       0.35169683806276E-12   109.9994423237398
        5       0.88569577052183E-15    28.6471670038893
       10       0.90701430335765E-15    28.9496695449003
       15       0.90193378461450E-15    28.9716336228371
       20       0.90965311453442E-15    28.9734210663747
       25       0.90288156446646E-15    28.9735863059382
       30       0.90496020918145E-15    28.9736033967627
       35       0.90440080191549E-15    28.9736053266246
Warmup threshold: 1
Start threshold: 135616256
End threshold: 82434
ROI begin
Time taken: 10189049 ns
