cset: --> last message, executed args into cpuset "/measurement/6_11", new pid is: 216821


 NAS Parallel Benchmarks (NPB3.4-OMP) - CG Benchmark

 Size:      150000
 Iterations:                     75
 Number of available threads:     4

 Initialization time =           3.121 seconds

   iteration           ||r||                 zeta
        1       0.35165101100351E-12   109.9994423237398
        5       0.88645506064814E-15    28.6471670038893
       10       0.90718083594986E-15    28.9496695449003
       15       0.90166669634922E-15    28.9716336228371
       20       0.90896029601621E-15    28.9734210663747
       25       0.90279241322661E-15    28.9735863059382
       30       0.90495500688817E-15    28.9736033967627
       35       0.90500208582234E-15    28.9736053266246
       40       0.90160622833916E-15    28.9736055590700
       45       0.90503475342811E-15    28.9736055884132
Warmup threshold: 1
Start threshold: 7281972
End threshold: 12271
ROI begin
Time taken: 10577201 ns
