cset: --> last message, executed args into cpuset "/measurement/18_23", new pid is: 214635


 NAS Parallel Benchmarks (NPB3.4-OMP) - CG Benchmark

 Size:      150000
 Iterations:                     75
 Number of available threads:     4

 Initialization time =           3.229 seconds

   iteration           ||r||                 zeta
        1       0.35171027836595E-12   109.9994423237398
        5       0.88568270415341E-15    28.6471670038893
       10       0.90722170349828E-15    28.9496695449003
       15       0.90257313106622E-15    28.9716336228371
       20       0.90902776170430E-15    28.9734210663747
       25       0.90262707286601E-15    28.9735863059382
       30       0.90493953703323E-15    28.9736033967627
       35       0.90473235147402E-15    28.9736053266246
       40       0.90157200962919E-15    28.9736055590700
       45       0.90363787412747E-15    28.9736055884132
Warmup threshold: 1
Start threshold: 183180665
End threshold: 82465
ROI begin
Time taken: 11585798 ns
