cset: --> last message, executed args into cpuset "/measurement/64_65/64", new pid is: 137220


 NAS Parallel Benchmarks (NPB3.4-OMP) - BT Benchmark

 No input file inputbt.data. Using compiled defaults
 Size:   64x  64x  64
 Iterations:  200       dt:   0.0008000
 Number of available threads:     1

 Time step    1
 Time step   20
 Time step   40
 Time step   60
 Time step   80
 Time step  100
 Time step  120
 Time step  140
Warmup threshold: 539005
Start threshold: 139
End threshold: 377
ROI begin
Warm up marker met
Warmup event
Start marker met
Start event
End marker met
End event
