cset: --> last message, executed args into cpuset "/measurement/12_17", new pid is: 221543


 NAS Parallel Benchmarks (NPB3.4-OMP) - CG Benchmark

 Size:      150000
 Iterations:                     75
 Number of available threads:     4

 Initialization time =           3.100 seconds

   iteration           ||r||                 zeta
        1       0.35182584027512E-12   109.9994423237398
        5       0.88639547205037E-15    28.6471670038893
       10       0.90761807923818E-15    28.9496695449003
       15       0.90192970607679E-15    28.9716336228371
       20       0.90883937908959E-15    28.9734210663747
       25       0.90378611662116E-15    28.9735863059382
       30       0.90403841971637E-15    28.9736033967627
       35       0.90565324725205E-15    28.9736053266246
       40       0.90237546370094E-15    28.9736055590699
Warmup threshold: 1
Start threshold: 155930275
End threshold: 80414
ROI begin
Time taken: 11342784 ns
