cset: --> last message, executed args into cpuset "/measurement/40_43", new pid is: 4118804


 NAS Parallel Benchmarks (NPB3.4-OMP) - SP Benchmark

 No input file inputsp.data. Using compiled defaults
 Size:   64x  64x  64
 Iterations:  400    dt:    0.0015000
 Number of available threads:     4

 Time step    1
 Time step   20
 Time step   40
 Time step   60
 Time step   80
 Time step  100
 Time step  120
 Time step  140
 Time step  160
 Time step  180
 Time step  200
 Time step  220
Warmup threshold: 832040
Start threshold: 2651
End threshold: 282
ROI begin
Time taken: 19614387 ns
