cset: --> last message, executed args into cpuset "/measurement/44_47", new pid is: 3949300


 NAS Parallel Benchmarks (NPB3.4-OMP) - CG Benchmark

 Size:      150000
 Iterations:                     75
 Number of available threads:     4

 Initialization time =           5.162 seconds

   iteration           ||r||                 zeta
        1       0.35165355223967E-12   109.9994423237398
        5       0.88601392919429E-15    28.6471670038893
       10       0.90618295038014E-15    28.9496695449003
       15       0.90207724910840E-15    28.9716336228371
       20       0.90887919073710E-15    28.9734210663747
       25       0.90249462458525E-15    28.9735863059382
       30       0.90471960348560E-15    28.9736033967627
       35       0.90496892709603E-15    28.9736053266246
Warmup threshold: 1
Start threshold: 5213459
End threshold: 43707
ROI begin
Time taken: 24833472 ns
