cset: --> last message, executed args into cpuset "/measurement/48_51", new pid is: 3949214


 NAS Parallel Benchmarks (NPB3.4-OMP) - CG Benchmark

 Size:      150000
 Iterations:                     75
 Number of available threads:     4

 Initialization time =           5.183 seconds

   iteration           ||r||                 zeta
        1       0.35169769671548E-12   109.9994423237398
        5       0.88583139321805E-15    28.6471670038893
       10       0.90681587312837E-15    28.9496695449003
       15       0.90228162530620E-15    28.9716336228371
       20       0.90945006206848E-15    28.9734210663747
       25       0.90236153320277E-15    28.9735863059382
       30       0.90352242514434E-15    28.9736033967628
       35       0.90398377257800E-15    28.9736053266246
Warmup threshold: 1
Start threshold: 5213459
End threshold: 43707
ROI begin
Time taken: 25637552 ns
