cset: --> last message, executed args into cpuset "/measurement/32_33/32", new pid is: 362800


 NAS Parallel Benchmarks (NPB3.4-OMP) - SP Benchmark

 No input file inputsp.data. Using compiled defaults
 Size:   64x  64x  64
 Iterations:  400    dt:    0.0015000
 Number of available threads:     1

 Time step    1
 Time step   20
 Time step   40
 Time step   60
 Time step   80
 Time step  100
Warmup threshold: 387831
Start threshold: 1922
End threshold: 1112
ROI begin
Warm up marker met
Warmup event
Start marker met
Start event
End marker met
End event
