cset: --> last message, executed args into cpuset "/measurement/12_17", new pid is: 227043


 NAS Parallel Benchmarks (NPB3.4-OMP) - CG Benchmark

 Size:      150000
 Iterations:                     75
 Number of available threads:     4

 Initialization time =           3.271 seconds

   iteration           ||r||                 zeta
        1       0.35171027836595E-12   109.9994423237398
        5       0.88620274807922E-15    28.6471670038893
       10       0.90794519583967E-15    28.9496695449003
       15       0.90121841276755E-15    28.9716336228371
       20       0.90889407054945E-15    28.9734210663748
       25       0.90164202285318E-15    28.9735863059382
       30       0.90449890411248E-15    28.9736033967627
       35       0.90490371707296E-15    28.9736053266246
       40       0.90103743875184E-15    28.9736055590699
       45       0.90413769356376E-15    28.9736055884132
Warmup threshold: 1
Start threshold: 169644218
End threshold: 80442
ROI begin
Time taken: 12903769 ns
