cset: --> last message, executed args into cpuset "/measurement/64_67", new pid is: 3954537


 NAS Parallel Benchmarks (NPB3.4-OMP) - CG Benchmark

 Size:      150000
 Iterations:                     75
 Number of available threads:     4

 Initialization time =           4.997 seconds

   iteration           ||r||                 zeta
        1       0.35171027836595E-12   109.9994423237398
        5       0.88601700055087E-15    28.6471670038893
       10       0.90770809686109E-15    28.9496695449003
       15       0.90221239297055E-15    28.9716336228371
       20       0.90931563070521E-15    28.9734210663747
       25       0.90291456632300E-15    28.9735863059382
       30       0.90444858065791E-15    28.9736033967628
       35       0.90423533396708E-15    28.9736053266246
Warmup threshold: 1
Start threshold: 142554636
End threshold: 82404
ROI begin
Time taken: 25244693 ns
