cset: --> last message, executed args into cpuset "/measurement/6_11", new pid is: 224458


 NAS Parallel Benchmarks (NPB3.4-OMP) - CG Benchmark

 Size:      150000
 Iterations:                     75
 Number of available threads:     4

 Initialization time =           3.431 seconds

   iteration           ||r||                 zeta
        1       0.35182598041206E-12   109.9994423237398
        5       0.88656074148827E-15    28.6471670038893
       10       0.90706133413091E-15    28.9496695449003
       15       0.90093552408041E-15    28.9716336228371
       20       0.90857930590213E-15    28.9734210663747
       25       0.90331704504334E-15    28.9735863059382
       30       0.90390257107886E-15    28.9736033967627
       35       0.90432315643057E-15    28.9736053266246
       40       0.90179420089927E-15    28.9736055590700
       45       0.90392495059849E-15    28.9736055884132
Warmup threshold: 1
Start threshold: 181391608
End threshold: 82444
ROI begin
Time taken: 11612823 ns
