cset: --> last message, executed args into cpuset "/measurement/20_23", new pid is: 3944952


 NAS Parallel Benchmarks (NPB3.4-OMP) - CG Benchmark

 Size:      150000
 Iterations:                     75
 Number of available threads:     4

 Initialization time =           5.107 seconds

   iteration           ||r||                 zeta
        1       0.35171027836595E-12   109.9994423237398
        5       0.88650173017093E-15    28.6471670038893
       10       0.90722503022228E-15    28.9496695449003
       15       0.90193995655470E-15    28.9716336228371
       20       0.90802539541853E-15    28.9734210663747
       25       0.90251420656466E-15    28.9735863059382
       30       0.90427655846487E-15    28.9736033967627
       35       0.90432916583022E-15    28.9736053266246
       40       0.90169503650678E-15    28.9736055590700
       45       0.90311629952668E-15    28.9736055884132
Warmup threshold: 1
Start threshold: 7281972
End threshold: 12271
ROI begin
Time taken: 22515615 ns
