cset: --> last message, executed args into cpuset "/measurement/68_75", new pid is: 161930


 NAS Parallel Benchmarks (NPB3.4-OMP) - EP Benchmark

 Number of random numbers generated:    137438953472
 Number of available threads:                      8

EP Benchmark Results:

CPU Time = 29872.158
N = 2^   36
No. Gaussian Pairs =   53972171957.
Sums =     4.306350280815350D+10    4.306347571852914D+10
Counts:
  0   25154622775.
  1   24017899906.
  2    4508609839.
  3     284201296.
  4       6776403.
  5         61541.
  6           197.
  7             0.
  8             0.
  9             0.


 EP Benchmark Completed.
 Class           =                        D
 Size            =             137438953472
 Iterations      =                        0
 Time in seconds =                 29872.16
 Total threads   =                        8
 Avail threads   =                        8
 Mop/s total     =                     4.60
 Mop/s/thread    =                     0.58
 Operation type  = Random numbers generated
 Verification    =               SUCCESSFUL
 Version         =                    3.4.3
 Compile date    =              22 Apr 2025

 Compile options:
    FC           = gfortran
    FLINK        = $(FC)
    F_LIB        = (none)
    F_INC        = (none)
    FFLAGS       = -O3 -fopenmp
    FLINKFLAGS   = $(FFLAGS)
    RAND         = randi8


 Please send all errors/feedbacks to:

 NPB Development Team
 npb@nas.nasa.gov


ROI begin
file_line_index: 5075
region: 5075
ROI end
Total IR instructions: 4059316730319
