cset: --> last message, executed args into cpuset "/measurement/52_55", new pid is: 3956109


 NAS Parallel Benchmarks (NPB3.4-OMP) - BT Benchmark

 No input file inputbt.data. Using compiled defaults
 Size:  162x 162x 162
 Iterations:  200       dt:   0.0001000
 Number of available threads:     4

 Time step    1
 Time step   20
 Time step   40
 Time step   60
 Time step   80
 Time step  100
 Time step  120
 Time step  140
 Time step  160
Warmup threshold: 1
Start threshold: 4454072
End threshold: 256
ROI begin
Time taken: 19017723 ns
