cset: --> last message, executed args into cpuset "/measurement/12_17", new pid is: 222810


 NAS Parallel Benchmarks (NPB3.4-OMP) - CG Benchmark

 Size:      150000
 Iterations:                     75
 Number of available threads:     4

 Initialization time =           3.422 seconds

   iteration           ||r||                 zeta
        1       0.35170971763345E-12   109.9994423237398
        5       0.88649224927624E-15    28.6471670038893
       10       0.90690728111647E-15    28.9496695449003
       15       0.90072717730675E-15    28.9716336228371
       20       0.90916986921307E-15    28.9734210663747
       25       0.90209782559318E-15    28.9735863059382
       30       0.90554300548773E-15    28.9736033967627
       35       0.90486969654039E-15    28.9736053266246
       40       0.90228628036877E-15    28.9736055590700
Warmup threshold: 1
Start threshold: 155930275
End threshold: 80414
ROI begin
Time taken: 11395996 ns
