cset: --> last message, executed args into cpuset "/measurement/36_39", new pid is: 3953362


 NAS Parallel Benchmarks (NPB3.4-OMP) - CG Benchmark

 Size:      150000
 Iterations:                     75
 Number of available threads:     4

 Initialization time =           5.097 seconds

   iteration           ||r||                 zeta
        1       0.35169769671548E-12   109.9994423237398
        5       0.88685859554368E-15    28.6471670038893
       10       0.90674845717549E-15    28.9496695449003
       15       0.90170808187075E-15    28.9716336228371
       20       0.90867802705764E-15    28.9734210663747
       25       0.90210108244162E-15    28.9735863059382
       30       0.90418567471780E-15    28.9736033967628
       35       0.90462583161179E-15    28.9736053266246
       40       0.90153148413088E-15    28.9736055590700
       45       0.90407747696226E-15    28.9736055884132
       50       0.90318436565502E-15    28.9736055922485
       55       0.89797752098347E-15    28.9736055927632
Warmup threshold: 1
Start threshold: 8275022
End threshold: 82445
ROI begin
Time taken: 26966300 ns
