cset: --> last message, executed args into cpuset "/measurement/12_17", new pid is: 229573


 NAS Parallel Benchmarks (NPB3.4-OMP) - CG Benchmark

 Size:      150000
 Iterations:                     75
 Number of available threads:     4

 Initialization time =           3.076 seconds

   iteration           ||r||                 zeta
        1       0.35170971763345E-12   109.9994423237398
        5       0.88627514882312E-15    28.6471670038893
       10       0.90744285550575E-15    28.9496695449003
       15       0.90141121176833E-15    28.9716336228371
       20       0.90845861080220E-15    28.9734210663747
       25       0.90376876316074E-15    28.9735863059382
       30       0.90436173588664E-15    28.9736033967627
       35       0.90577235611576E-15    28.9736053266246
       40       0.90168004400464E-15    28.9736055590700
       45       0.90458910746254E-15    28.9736055884132
       50       0.90295685596942E-15    28.9736055922485
Warmup threshold: 1
Start threshold: 194198394
End threshold: 80361
ROI begin
Time taken: 10921179 ns
