cset: --> last message, executed args into cpuset "/measurement/6_11", new pid is: 223051


 NAS Parallel Benchmarks (NPB3.4-OMP) - CG Benchmark

 Size:      150000
 Iterations:                     75
 Number of available threads:     4

 Initialization time =           3.296 seconds

   iteration           ||r||                 zeta
        1       0.35170971763345E-12   109.9994423237398
        5       0.88591889098586E-15    28.6471670038893
       10       0.90705218962931E-15    28.9496695449003
       15       0.90191353307178E-15    28.9716336228371
       20       0.90871954035529E-15    28.9734210663747
       25       0.90325253849332E-15    28.9735863059382
       30       0.90569936433685E-15    28.9736033967627
       35       0.90490175229251E-15    28.9736053266246
       40       0.90150417871305E-15    28.9736055590700
       45       0.90366050573113E-15    28.9736055884132
       50       0.90318617270446E-15    28.9736055922485
       55       0.89767381132934E-15    28.9736055927632
Warmup threshold: 1
Start threshold: 216312142
End threshold: 82419
ROI begin
Time taken: 12144536 ns
