cset: --> last message, executed args into cpuset "/measurement/18_23", new pid is: 226867


 NAS Parallel Benchmarks (NPB3.4-OMP) - CG Benchmark

 Size:      150000
 Iterations:                     75
 Number of available threads:     4

 Initialization time =           3.219 seconds

   iteration           ||r||                 zeta
        1       0.35179744387599E-12   109.9994423237398
        5       0.88633000418249E-15    28.6471670038893
       10       0.90675154094410E-15    28.9496695449003
       15       0.90236800834652E-15    28.9716336228371
       20       0.90968957488974E-15    28.9734210663747
       25       0.90206732922631E-15    28.9735863059382
       30       0.90443407610516E-15    28.9736033967627
       35       0.90538699250094E-15    28.9736053266246
       40       0.90151856945424E-15    28.9736055590700
       45       0.90383850867779E-15    28.9736055884132
       50       0.90438910409572E-15    28.9736055922485
       55       0.89884883774635E-15    28.9736055927632
       60       0.90222227787117E-15    28.9736055928339
Warmup threshold: 1
Start threshold: 241204593
End threshold: 82441
ROI begin
Time taken: 11281274 ns
