cset: --> last message, executed args into cpuset "/measurement/64_67", new pid is: 3952356


 NAS Parallel Benchmarks (NPB3.4-OMP) - CG Benchmark

 Size:      150000
 Iterations:                     75
 Number of available threads:     4

 Initialization time =           5.194 seconds

   iteration           ||r||                 zeta
        1       0.35170971763345E-12   109.9994423237398
        5       0.88531189462385E-15    28.6471670038893
       10       0.90692414396413E-15    28.9496695449003
       15       0.90207648190959E-15    28.9716336228371
       20       0.90865894822101E-15    28.9734210663747
       25       0.90322407435714E-15    28.9735863059382
       30       0.90433461585079E-15    28.9736033967627
       35       0.90504689951983E-15    28.9736053266246
       40       0.90148484780920E-15    28.9736055590700
       45       0.90423222861734E-15    28.9736055884132
Warmup threshold: 1
Start threshold: 181391608
End threshold: 82444
ROI begin
Time taken: 26881611 ns
