

 NAS Parallel Benchmarks (NPB3.4-OMP) - BT Benchmark

 No input file inputbt.data. Using compiled defaults
 Size:   64x  64x  64
 Iterations:  200       dt:   0.0008000
 Number of available threads:     1

 Time step    1
 Time step   20
 Time step   40
 Time step   60
 Time step   80
 Time step  100
Warmup threshold: 418306
Start threshold: 1598
End threshold: 37
ROI begin
Warm up marker met
Warmup event
Start marker met
Start event
PAPI_hl_region_begin failed due to -1.
End marker met
PAPI_hl_region_end failed due to -14.
End event
