cset: --> last message, executed args into cpuset "/measurement/18_23", new pid is: 229041


 NAS Parallel Benchmarks (NPB3.4-OMP) - CG Benchmark

 Size:      150000
 Iterations:                     75
 Number of available threads:     4

 Initialization time =           3.246 seconds

   iteration           ||r||                 zeta
        1       0.35170971763345E-12   109.9994423237398
        5       0.88735447002967E-15    28.6471670038893
       10       0.90639081472010E-15    28.9496695449003
       15       0.90206310794948E-15    28.9716336228371
       20       0.90840282676963E-15    28.9734210663747
       25       0.90335688617126E-15    28.9735863059382
       30       0.90432031826099E-15    28.9736033967628
       35       0.90542173889283E-15    28.9736053266246
       40       0.90149675282634E-15    28.9736055590700
       45       0.90395181349942E-15    28.9736055884132
       50       0.90402201300004E-15    28.9736055922486
Warmup threshold: 1
Start threshold: 194278755
End threshold: 82463
ROI begin
Time taken: 11608631 ns
