cset: --> last message, executed args into cpuset "/measurement/36_39", new pid is: 3948837


 NAS Parallel Benchmarks (NPB3.4-OMP) - CG Benchmark

 Size:      150000
 Iterations:                     75
 Number of available threads:     4

 Initialization time =           5.515 seconds

   iteration           ||r||                 zeta
        1       0.35171027836595E-12   109.9994423237398
        5       0.88648054719297E-15    28.6471670038893
       10       0.90697347668635E-15    28.9496695449003
       15       0.90116257880578E-15    28.9716336228371
       20       0.90949784091688E-15    28.9734210663747
       25       0.90334278415653E-15    28.9735863059382
       30       0.90599663685396E-15    28.9736033967628
       35       0.90474250929602E-15    28.9736053266246
       40       0.90174247954798E-15    28.9736055590700
       45       0.90468169830271E-15    28.9736055884132
       50       0.90363016454529E-15    28.9736055922485
Warmup threshold: 1
Start threshold: 194198394
End threshold: 80361
ROI begin
Time taken: 28147088 ns
