cset: --> last message, executed args into cpuset "/measurement/12_17", new pid is: 213025


 NAS Parallel Benchmarks (NPB3.4-OMP) - CG Benchmark

 Size:      150000
 Iterations:                     75
 Number of available threads:     4

 Initialization time =           3.178 seconds

   iteration           ||r||                 zeta
        1       0.35170971763345E-12   109.9994423237398
        5       0.88571394632270E-15    28.6471670038893
       10       0.90667072102768E-15    28.9496695449003
       15       0.90191972632960E-15    28.9716336228371
       20       0.90935368730627E-15    28.9734210663747
       25       0.90287333781851E-15    28.9735863059382
       30       0.90535584737663E-15    28.9736033967627
       35       0.90479447002159E-15    28.9736053266246
       40       0.90113456473130E-15    28.9736055590700
       45       0.90508358074206E-15    28.9736055884132
Warmup threshold: 1
Start threshold: 187422790
End threshold: 3172
ROI begin
Time taken: 9883858 ns
