cset: --> last message, executed args into cpuset "/measurement/12_17", new pid is: 221795


 NAS Parallel Benchmarks (NPB3.4-OMP) - CG Benchmark

 Size:      150000
 Iterations:                     75
 Number of available threads:     4

 Initialization time =           3.156 seconds

   iteration           ||r||                 zeta
        1       0.35182598041206E-12   109.9994423237398
        5       0.88685744902125E-15    28.6471670038893
       10       0.90618955793385E-15    28.9496695449003
       15       0.90210113415692E-15    28.9716336228371
       20       0.90818992044231E-15    28.9734210663747
       25       0.90348103938201E-15    28.9735863059382
       30       0.90393622000428E-15    28.9736033967627
       35       0.90383386851900E-15    28.9736053266246
Warmup threshold: 1
Start threshold: 5213459
End threshold: 43707
ROI begin
Time taken: 10967857 ns
