cset: --> last message, executed args into cpuset "/measurement/36_39", new pid is: 3951103


 NAS Parallel Benchmarks (NPB3.4-OMP) - CG Benchmark

 Size:      150000
 Iterations:                     75
 Number of available threads:     4

 Initialization time =           5.016 seconds

   iteration           ||r||                 zeta
        1       0.35169254476771E-12   109.9994423237398
        5       0.88736722697136E-15    28.6471670038893
       10       0.90634232735630E-15    28.9496695449003
       15       0.90115628047408E-15    28.9716336228371
       20       0.90947005127784E-15    28.9734210663747
       25       0.90246113235099E-15    28.9735863059382
       30       0.90432056320427E-15    28.9736033967627
       35       0.90625390933916E-15    28.9736053266246
       40       0.90131815290721E-15    28.9736055590700
       45       0.90402502723892E-15    28.9736055884132
Warmup threshold: 1
Start threshold: 183180665
End threshold: 82465
ROI begin
Time taken: 25773374 ns
