cset: --> last message, executed args into cpuset "/measurement/18_23", new pid is: 229569


 NAS Parallel Benchmarks (NPB3.4-OMP) - CG Benchmark

 Size:      150000
 Iterations:                     75
 Number of available threads:     4

 Initialization time =           3.076 seconds

   iteration           ||r||                 zeta
        1       0.35169683806276E-12   109.9994423237398
        5       0.88671410878661E-15    28.6471670038893
       10       0.90690141598643E-15    28.9496695449003
       15       0.90212398877297E-15    28.9716336228371
       20       0.90904055959591E-15    28.9734210663747
       25       0.90331410286086E-15    28.9735863059382
       30       0.90524019019149E-15    28.9736033967627
       35       0.90559023071187E-15    28.9736053266246
       40       0.90249701140340E-15    28.9736055590700
       45       0.90378747374974E-15    28.9736055884132
Warmup threshold: 1
Start threshold: 183180665
End threshold: 82465
ROI begin
Time taken: 10585631 ns
