cset: --> last message, executed args into cpuset "/measurement/12_17", new pid is: 214087


 NAS Parallel Benchmarks (NPB3.4-OMP) - CG Benchmark

 Size:      150000
 Iterations:                     75
 Number of available threads:     4

 Initialization time =           3.177 seconds

   iteration           ||r||                 zeta
        1       0.35171027836595E-12   109.9994423237398
        5       0.88735033690020E-15    28.6471670038893
       10       0.90655820580261E-15    28.9496695449003
       15       0.90274361458269E-15    28.9716336228371
       20       0.90869841890521E-15    28.9734210663747
       25       0.90301596881509E-15    28.9735863059382
       30       0.90457338485092E-15    28.9736033967627
       35       0.90432535969218E-15    28.9736053266246
Warmup threshold: 1
Start threshold: 142554636
End threshold: 82404
ROI begin
Time taken: 10490496 ns
