cset: --> last message, executed args into cpuset "/measurement/48_51", new pid is: 3955716


 NAS Parallel Benchmarks (NPB3.4-OMP) - CG Benchmark

 Size:      150000
 Iterations:                     75
 Number of available threads:     4

 Initialization time =           5.270 seconds

   iteration           ||r||                 zeta
        1       0.35170826322936E-12   109.9994423237398
        5       0.88624000035027E-15    28.6471670038893
       10       0.90708152784454E-15    28.9496695449003
       15       0.90204093268687E-15    28.9716336228371
       20       0.90870989146805E-15    28.9734210663747
       25       0.90395187364269E-15    28.9735863059382
       30       0.90416822248164E-15    28.9736033967627
       35       0.90466875956849E-15    28.9736053266246
       40       0.90180457919314E-15    28.9736055590700
       45       0.90398034005661E-15    28.9736055884132
       50       0.90392929850640E-15    28.9736055922485
Warmup threshold: 1
Start threshold: 194278755
End threshold: 82463
ROI begin
Time taken: 30371700 ns
