cset: --> last message, executed args into cpuset "/measurement/6_8/6", new pid is: 215927


 NAS Parallel Benchmarks (NPB3.4-OMP) - BT Benchmark

 No input file inputbt.data. Using compiled defaults
 Size:   64x  64x  64
 Iterations:  200       dt:   0.0008000
 Number of available threads:     1

 Time step    1
 Time step   20
 Time step   40
 Time step   60
Warmup threshold: 273550
Start threshold: 1621
End threshold: 23
ROI begin
Warm up marker met
Warmup event
Start marker met
Start event
End marker met
End event
