cset: --> last message, executed args into cpuset "/measurement/18_23", new pid is: 224696


 NAS Parallel Benchmarks (NPB3.4-OMP) - CG Benchmark

 Size:      150000
 Iterations:                     75
 Number of available threads:     4

 Initialization time =           3.153 seconds

   iteration           ||r||                 zeta
        1       0.35170971763345E-12   109.9994423237398
        5       0.88549575235165E-15    28.6471670038893
       10       0.90663180588537E-15    28.9496695449003
       15       0.90122589638166E-15    28.9716336228371
       20       0.90887962279506E-15    28.9734210663747
       25       0.90307605769483E-15    28.9735863059382
       30       0.90377783520691E-15    28.9736033967627
       35       0.90484428504248E-15    28.9736053266246
       40       0.90202948240811E-15    28.9736055590700
Warmup threshold: 1
Start threshold: 159277888
End threshold: 80382
ROI begin
Time taken: 10568088 ns
