cset: --> last message, executed args into cpuset "/measurement/44_47", new pid is: 3954130


 NAS Parallel Benchmarks (NPB3.4-OMP) - CG Benchmark

 Size:      150000
 Iterations:                     75
 Number of available threads:     4

 Initialization time =           4.929 seconds

   iteration           ||r||                 zeta
        1       0.35170971763345E-12   109.9994423237398
        5       0.88650385175586E-15    28.6471670038893
       10       0.90595061924089E-15    28.9496695449003
       15       0.90165489135402E-15    28.9716336228371
       20       0.90909802099969E-15    28.9734210663747
       25       0.90269203593587E-15    28.9735863059382
       30       0.90382805091217E-15    28.9736033967628
       35       0.90492212612787E-15    28.9736053266246
       40       0.90179733582628E-15    28.9736055590699
       45       0.90397981869582E-15    28.9736055884132
Warmup threshold: 1
Start threshold: 169644218
End threshold: 80442
ROI begin
Time taken: 23976888 ns
