cset: --> last message, executed args into cpuset "/measurement/56_59", new pid is: 3950810


 NAS Parallel Benchmarks (NPB3.4-OMP) - CG Benchmark

 Size:      150000
 Iterations:                     75
 Number of available threads:     4

 Initialization time =           5.101 seconds

   iteration           ||r||                 zeta
        1       0.35170971763345E-12   109.9994423237398
        5       0.88540311465525E-15    28.6471670038893
       10       0.90724991386047E-15    28.9496695449003
       15       0.90186335332633E-15    28.9716336228371
       20       0.90990940403657E-15    28.9734210663747
       25       0.90256602247840E-15    28.9735863059382
       30       0.90444500612281E-15    28.9736033967627
       35       0.90468214495271E-15    28.9736053266246
Warmup threshold: 1
Start threshold: 135616256
End threshold: 82434
ROI begin
Time taken: 25667306 ns
