cset: --> last message, executed args into cpuset "/measurement/28_31", new pid is: 3948637


 NAS Parallel Benchmarks (NPB3.4-OMP) - CG Benchmark

 Size:      150000
 Iterations:                     75
 Number of available threads:     4

 Initialization time =           5.223 seconds

   iteration           ||r||                 zeta
        1       0.35170971763345E-12   109.9994423237398
        5       0.88562939482342E-15    28.6471670038893
       10       0.90801301973467E-15    28.9496695449003
       15       0.90251117262709E-15    28.9716336228371
       20       0.90903810913891E-15    28.9734210663747
       25       0.90223166838574E-15    28.9735863059382
       30       0.90385355560151E-15    28.9736033967627
       35       0.90569055448849E-15    28.9736053266246
       40       0.90209970648771E-15    28.9736055590700
Warmup threshold: 1
Start threshold: 159277888
End threshold: 80382
ROI begin
Time taken: 26532823 ns
