cset: --> last message, executed args into cpuset "/measurement/6_11", new pid is: 224182


 NAS Parallel Benchmarks (NPB3.4-OMP) - CG Benchmark

 Size:      150000
 Iterations:                     75
 Number of available threads:     4

 Initialization time =           3.125 seconds

   iteration           ||r||                 zeta
        1       0.35171027836595E-12   109.9994423237398
        5       0.88595447677778E-15    28.6471670038893
       10       0.90691203314015E-15    28.9496695449003
       15       0.90128555478651E-15    28.9716336228371
       20       0.90844746138650E-15    28.9734210663747
       25       0.90271833205055E-15    28.9735863059382
       30       0.90470323470274E-15    28.9736033967627
       35       0.90489839185853E-15    28.9736053266246
Warmup threshold: 1
Start threshold: 142554636
End threshold: 82404
ROI begin
Time taken: 16560191 ns
