[  0%] Built target 1_thread_ir_bb_analysis_exe_sp_D_bc
[  0%] Compiling object file from /home/ztpc/experiments/nugget-eval/dynamoRIO/nugget-protocol-NPB/experiments/1-thread-ir-bbv-analysis/cmake/../../../cbuild/llvm-bc/1_thread_ir_bb_analysis_bc_sp_D/1_thread_ir_bb_analysis_bc_sp_D.bc with command: /home/ztpc/compiler/llvm-dir/bin/llc -relocation-model=pic;-O2;-mtriple=x86_64-unknown-linux-gnu /home/ztpc/experiments/nugget-eval/dynamoRIO/nugget-protocol-NPB/experiments/1-thread-ir-bbv-analysis/cmake/../../../cbuild/llvm-bc/1_thread_ir_bb_analysis_bc_sp_D/1_thread_ir_bb_analysis_bc_sp_D.bc -o /home/ztpc/experiments/nugget-eval/dynamoRIO/nugget-protocol-NPB/cbuild/llvm-obj/1_thread_ir_bb_analysis_exe_sp_D_bc_obj/1_thread_ir_bb_analysis_exe_sp_D_bc_obj.o
[  0%] Built target 1_thread_ir_bb_analysis_exe_sp_D_bc_obj
[  9%] Compiling executable from  with command: /home/ztpc/compiler/llvm-dir/bin/flang-new -lm;-fopenmp;-DUSE_NUGGET;-Wl,--start-group;-Wl,--end-group  -o /home/ztpc/experiments/nugget-eval/dynamoRIO/nugget-protocol-NPB/cbuild/llvm-exec/1_thread_ir_bb_analysis_exe_sp_D/1_thread_ir_bb_analysis_exe_sp_D 
[  9%] Built target 1_thread_ir_bb_analysis_exe_sp_D
[  9%] Built target 1_thread_ir_bb_analysis_exe_bt_A_bc
[  9%] Compiling object file from /home/ztpc/experiments/nugget-eval/dynamoRIO/nugget-protocol-NPB/experiments/1-thread-ir-bbv-analysis/cmake/../../../cbuild/llvm-bc/1_thread_ir_bb_analysis_bc_bt_A/1_thread_ir_bb_analysis_bc_bt_A.bc with command: /home/ztpc/compiler/llvm-dir/bin/llc -relocation-model=pic;-O2;-mtriple=x86_64-unknown-linux-gnu /home/ztpc/experiments/nugget-eval/dynamoRIO/nugget-protocol-NPB/experiments/1-thread-ir-bbv-analysis/cmake/../../../cbuild/llvm-bc/1_thread_ir_bb_analysis_bc_bt_A/1_thread_ir_bb_analysis_bc_bt_A.bc -o /home/ztpc/experiments/nugget-eval/dynamoRIO/nugget-protocol-NPB/cbuild/llvm-obj/1_thread_ir_bb_analysis_exe_bt_A_bc_obj/1_thread_ir_bb_analysis_exe_bt_A_bc_obj.o
[  9%] Built target 1_thread_ir_bb_analysis_exe_bt_A_bc_obj
[  9%] Compiling executable from  with command: /home/ztpc/compiler/llvm-dir/bin/flang-new -lm;-fopenmp;-DUSE_NUGGET;-Wl,--start-group;-Wl,--end-group  -o /home/ztpc/experiments/nugget-eval/dynamoRIO/nugget-protocol-NPB/cbuild/llvm-exec/1_thread_ir_bb_analysis_exe_bt_A/1_thread_ir_bb_analysis_exe_bt_A 
[  9%] Built target 1_thread_ir_bb_analysis_exe_bt_A
[  9%] Built target 1_thread_ir_bb_analysis_exe_bt_C_bc
[  9%] Compiling object file from /home/ztpc/experiments/nugget-eval/dynamoRIO/nugget-protocol-NPB/experiments/1-thread-ir-bbv-analysis/cmake/../../../cbuild/llvm-bc/1_thread_ir_bb_analysis_bc_bt_C/1_thread_ir_bb_analysis_bc_bt_C.bc with command: /home/ztpc/compiler/llvm-dir/bin/llc -relocation-model=pic;-O2;-mtriple=x86_64-unknown-linux-gnu /home/ztpc/experiments/nugget-eval/dynamoRIO/nugget-protocol-NPB/experiments/1-thread-ir-bbv-analysis/cmake/../../../cbuild/llvm-bc/1_thread_ir_bb_analysis_bc_bt_C/1_thread_ir_bb_analysis_bc_bt_C.bc -o /home/ztpc/experiments/nugget-eval/dynamoRIO/nugget-protocol-NPB/cbuild/llvm-obj/1_thread_ir_bb_analysis_exe_bt_C_bc_obj/1_thread_ir_bb_analysis_exe_bt_C_bc_obj.o
[  9%] Built target 1_thread_ir_bb_analysis_exe_bt_C_bc_obj
[  9%] Compiling executable from  with command: /home/ztpc/compiler/llvm-dir/bin/flang-new -lm;-fopenmp;-DUSE_NUGGET;-Wl,--start-group;-Wl,--end-group  -o /home/ztpc/experiments/nugget-eval/dynamoRIO/nugget-protocol-NPB/cbuild/llvm-exec/1_thread_ir_bb_analysis_exe_bt_C/1_thread_ir_bb_analysis_exe_bt_C 
[  9%] Built target 1_thread_ir_bb_analysis_exe_bt_C
[  9%] Built target 1_thread_ir_bb_analysis_exe_bt_D_bc
[  9%] Compiling object file from /home/ztpc/experiments/nugget-eval/dynamoRIO/nugget-protocol-NPB/experiments/1-thread-ir-bbv-analysis/cmake/../../../cbuild/llvm-bc/1_thread_ir_bb_analysis_bc_bt_D/1_thread_ir_bb_analysis_bc_bt_D.bc with command: /home/ztpc/compiler/llvm-dir/bin/llc -relocation-model=pic;-O2;-mtriple=x86_64-unknown-linux-gnu /home/ztpc/experiments/nugget-eval/dynamoRIO/nugget-protocol-NPB/experiments/1-thread-ir-bbv-analysis/cmake/../../../cbuild/llvm-bc/1_thread_ir_bb_analysis_bc_bt_D/1_thread_ir_bb_analysis_bc_bt_D.bc -o /home/ztpc/experiments/nugget-eval/dynamoRIO/nugget-protocol-NPB/cbuild/llvm-obj/1_thread_ir_bb_analysis_exe_bt_D_bc_obj/1_thread_ir_bb_analysis_exe_bt_D_bc_obj.o
[  9%] Built target 1_thread_ir_bb_analysis_exe_bt_D_bc_obj
[ 18%] Compiling executable from  with command: /home/ztpc/compiler/llvm-dir/bin/flang-new -lm;-fopenmp;-DUSE_NUGGET;-Wl,--start-group;-Wl,--end-group  -o /home/ztpc/experiments/nugget-eval/dynamoRIO/nugget-protocol-NPB/cbuild/llvm-exec/1_thread_ir_bb_analysis_exe_bt_D/1_thread_ir_bb_analysis_exe_bt_D 
[ 18%] Built target 1_thread_ir_bb_analysis_exe_bt_D
[ 18%] Built target 1_thread_ir_bb_analysis_exe_cg_A_bc
[ 18%] Compiling object file from /home/ztpc/experiments/nugget-eval/dynamoRIO/nugget-protocol-NPB/experiments/1-thread-ir-bbv-analysis/cmake/../../../cbuild/llvm-bc/1_thread_ir_bb_analysis_bc_cg_A/1_thread_ir_bb_analysis_bc_cg_A.bc with command: /home/ztpc/compiler/llvm-dir/bin/llc -relocation-model=pic;-O2;-mtriple=x86_64-unknown-linux-gnu /home/ztpc/experiments/nugget-eval/dynamoRIO/nugget-protocol-NPB/experiments/1-thread-ir-bbv-analysis/cmake/../../../cbuild/llvm-bc/1_thread_ir_bb_analysis_bc_cg_A/1_thread_ir_bb_analysis_bc_cg_A.bc -o /home/ztpc/experiments/nugget-eval/dynamoRIO/nugget-protocol-NPB/cbuild/llvm-obj/1_thread_ir_bb_analysis_exe_cg_A_bc_obj/1_thread_ir_bb_analysis_exe_cg_A_bc_obj.o
[ 18%] Built target 1_thread_ir_bb_analysis_exe_cg_A_bc_obj
[ 18%] Compiling executable from  with command: /home/ztpc/compiler/llvm-dir/bin/flang-new -lm;-fopenmp;-DUSE_NUGGET;-Wl,--start-group;-Wl,--end-group  -o /home/ztpc/experiments/nugget-eval/dynamoRIO/nugget-protocol-NPB/cbuild/llvm-exec/1_thread_ir_bb_analysis_exe_cg_A/1_thread_ir_bb_analysis_exe_cg_A 
[ 18%] Built target 1_thread_ir_bb_analysis_exe_cg_A
[ 18%] Built target 1_thread_ir_bb_analysis_exe_cg_C_bc
[ 18%] Compiling object file from /home/ztpc/experiments/nugget-eval/dynamoRIO/nugget-protocol-NPB/experiments/1-thread-ir-bbv-analysis/cmake/../../../cbuild/llvm-bc/1_thread_ir_bb_analysis_bc_cg_C/1_thread_ir_bb_analysis_bc_cg_C.bc with command: /home/ztpc/compiler/llvm-dir/bin/llc -relocation-model=pic;-O2;-mtriple=x86_64-unknown-linux-gnu /home/ztpc/experiments/nugget-eval/dynamoRIO/nugget-protocol-NPB/experiments/1-thread-ir-bbv-analysis/cmake/../../../cbuild/llvm-bc/1_thread_ir_bb_analysis_bc_cg_C/1_thread_ir_bb_analysis_bc_cg_C.bc -o /home/ztpc/experiments/nugget-eval/dynamoRIO/nugget-protocol-NPB/cbuild/llvm-obj/1_thread_ir_bb_analysis_exe_cg_C_bc_obj/1_thread_ir_bb_analysis_exe_cg_C_bc_obj.o
[ 18%] Built target 1_thread_ir_bb_analysis_exe_cg_C_bc_obj
[ 27%] Compiling executable from  with command: /home/ztpc/compiler/llvm-dir/bin/flang-new -lm;-fopenmp;-DUSE_NUGGET;-Wl,--start-group;-Wl,--end-group  -o /home/ztpc/experiments/nugget-eval/dynamoRIO/nugget-protocol-NPB/cbuild/llvm-exec/1_thread_ir_bb_analysis_exe_cg_C/1_thread_ir_bb_analysis_exe_cg_C 
[ 27%] Built target 1_thread_ir_bb_analysis_exe_cg_C
[ 27%] Built target 1_thread_ir_bb_analysis_exe_cg_D_bc
[ 27%] Compiling object file from /home/ztpc/experiments/nugget-eval/dynamoRIO/nugget-protocol-NPB/experiments/1-thread-ir-bbv-analysis/cmake/../../../cbuild/llvm-bc/1_thread_ir_bb_analysis_bc_cg_D/1_thread_ir_bb_analysis_bc_cg_D.bc with command: /home/ztpc/compiler/llvm-dir/bin/llc -relocation-model=pic;-O2;-mtriple=x86_64-unknown-linux-gnu /home/ztpc/experiments/nugget-eval/dynamoRIO/nugget-protocol-NPB/experiments/1-thread-ir-bbv-analysis/cmake/../../../cbuild/llvm-bc/1_thread_ir_bb_analysis_bc_cg_D/1_thread_ir_bb_analysis_bc_cg_D.bc -o /home/ztpc/experiments/nugget-eval/dynamoRIO/nugget-protocol-NPB/cbuild/llvm-obj/1_thread_ir_bb_analysis_exe_cg_D_bc_obj/1_thread_ir_bb_analysis_exe_cg_D_bc_obj.o
[ 27%] Built target 1_thread_ir_bb_analysis_exe_cg_D_bc_obj
[ 27%] Compiling executable from  with command: /home/ztpc/compiler/llvm-dir/bin/flang-new -lm;-fopenmp;-DUSE_NUGGET;-Wl,--start-group;-Wl,--end-group  -o /home/ztpc/experiments/nugget-eval/dynamoRIO/nugget-protocol-NPB/cbuild/llvm-exec/1_thread_ir_bb_analysis_exe_cg_D/1_thread_ir_bb_analysis_exe_cg_D 
[ 27%] Built target 1_thread_ir_bb_analysis_exe_cg_D
[ 27%] Built target 1_thread_ir_bb_analysis_exe_ep_A_bc
[ 27%] Compiling object file from /home/ztpc/experiments/nugget-eval/dynamoRIO/nugget-protocol-NPB/experiments/1-thread-ir-bbv-analysis/cmake/../../../cbuild/llvm-bc/1_thread_ir_bb_analysis_bc_ep_A/1_thread_ir_bb_analysis_bc_ep_A.bc with command: /home/ztpc/compiler/llvm-dir/bin/llc -relocation-model=pic;-O2;-mtriple=x86_64-unknown-linux-gnu /home/ztpc/experiments/nugget-eval/dynamoRIO/nugget-protocol-NPB/experiments/1-thread-ir-bbv-analysis/cmake/../../../cbuild/llvm-bc/1_thread_ir_bb_analysis_bc_ep_A/1_thread_ir_bb_analysis_bc_ep_A.bc -o /home/ztpc/experiments/nugget-eval/dynamoRIO/nugget-protocol-NPB/cbuild/llvm-obj/1_thread_ir_bb_analysis_exe_ep_A_bc_obj/1_thread_ir_bb_analysis_exe_ep_A_bc_obj.o
[ 27%] Built target 1_thread_ir_bb_analysis_exe_ep_A_bc_obj
[ 36%] Compiling executable from  with command: /home/ztpc/compiler/llvm-dir/bin/flang-new -lm;-fopenmp;-DUSE_NUGGET;-Wl,--start-group;-Wl,--end-group  -o /home/ztpc/experiments/nugget-eval/dynamoRIO/nugget-protocol-NPB/cbuild/llvm-exec/1_thread_ir_bb_analysis_exe_ep_A/1_thread_ir_bb_analysis_exe_ep_A 
[ 36%] Built target 1_thread_ir_bb_analysis_exe_ep_A
[ 36%] Built target 1_thread_ir_bb_analysis_exe_ep_C_bc
[ 36%] Compiling object file from /home/ztpc/experiments/nugget-eval/dynamoRIO/nugget-protocol-NPB/experiments/1-thread-ir-bbv-analysis/cmake/../../../cbuild/llvm-bc/1_thread_ir_bb_analysis_bc_ep_C/1_thread_ir_bb_analysis_bc_ep_C.bc with command: /home/ztpc/compiler/llvm-dir/bin/llc -relocation-model=pic;-O2;-mtriple=x86_64-unknown-linux-gnu /home/ztpc/experiments/nugget-eval/dynamoRIO/nugget-protocol-NPB/experiments/1-thread-ir-bbv-analysis/cmake/../../../cbuild/llvm-bc/1_thread_ir_bb_analysis_bc_ep_C/1_thread_ir_bb_analysis_bc_ep_C.bc -o /home/ztpc/experiments/nugget-eval/dynamoRIO/nugget-protocol-NPB/cbuild/llvm-obj/1_thread_ir_bb_analysis_exe_ep_C_bc_obj/1_thread_ir_bb_analysis_exe_ep_C_bc_obj.o
[ 36%] Built target 1_thread_ir_bb_analysis_exe_ep_C_bc_obj
[ 36%] Compiling executable from  with command: /home/ztpc/compiler/llvm-dir/bin/flang-new -lm;-fopenmp;-DUSE_NUGGET;-Wl,--start-group;-Wl,--end-group  -o /home/ztpc/experiments/nugget-eval/dynamoRIO/nugget-protocol-NPB/cbuild/llvm-exec/1_thread_ir_bb_analysis_exe_ep_C/1_thread_ir_bb_analysis_exe_ep_C 
[ 36%] Built target 1_thread_ir_bb_analysis_exe_ep_C
[ 36%] Built target 1_thread_ir_bb_analysis_exe_ep_D_bc
[ 36%] Compiling object file from /home/ztpc/experiments/nugget-eval/dynamoRIO/nugget-protocol-NPB/experiments/1-thread-ir-bbv-analysis/cmake/../../../cbuild/llvm-bc/1_thread_ir_bb_analysis_bc_ep_D/1_thread_ir_bb_analysis_bc_ep_D.bc with command: /home/ztpc/compiler/llvm-dir/bin/llc -relocation-model=pic;-O2;-mtriple=x86_64-unknown-linux-gnu /home/ztpc/experiments/nugget-eval/dynamoRIO/nugget-protocol-NPB/experiments/1-thread-ir-bbv-analysis/cmake/../../../cbuild/llvm-bc/1_thread_ir_bb_analysis_bc_ep_D/1_thread_ir_bb_analysis_bc_ep_D.bc -o /home/ztpc/experiments/nugget-eval/dynamoRIO/nugget-protocol-NPB/cbuild/llvm-obj/1_thread_ir_bb_analysis_exe_ep_D_bc_obj/1_thread_ir_bb_analysis_exe_ep_D_bc_obj.o
[ 36%] Built target 1_thread_ir_bb_analysis_exe_ep_D_bc_obj
[ 45%] Compiling executable from  with command: /home/ztpc/compiler/llvm-dir/bin/flang-new -lm;-fopenmp;-DUSE_NUGGET;-Wl,--start-group;-Wl,--end-group  -o /home/ztpc/experiments/nugget-eval/dynamoRIO/nugget-protocol-NPB/cbuild/llvm-exec/1_thread_ir_bb_analysis_exe_ep_D/1_thread_ir_bb_analysis_exe_ep_D 
[ 45%] Built target 1_thread_ir_bb_analysis_exe_ep_D
[ 45%] Built target 1_thread_ir_bb_analysis_exe_ft_A_bc
[ 45%] Compiling object file from /home/ztpc/experiments/nugget-eval/dynamoRIO/nugget-protocol-NPB/experiments/1-thread-ir-bbv-analysis/cmake/../../../cbuild/llvm-bc/1_thread_ir_bb_analysis_bc_ft_A/1_thread_ir_bb_analysis_bc_ft_A.bc with command: /home/ztpc/compiler/llvm-dir/bin/llc -relocation-model=pic;-O2;-mtriple=x86_64-unknown-linux-gnu /home/ztpc/experiments/nugget-eval/dynamoRIO/nugget-protocol-NPB/experiments/1-thread-ir-bbv-analysis/cmake/../../../cbuild/llvm-bc/1_thread_ir_bb_analysis_bc_ft_A/1_thread_ir_bb_analysis_bc_ft_A.bc -o /home/ztpc/experiments/nugget-eval/dynamoRIO/nugget-protocol-NPB/cbuild/llvm-obj/1_thread_ir_bb_analysis_exe_ft_A_bc_obj/1_thread_ir_bb_analysis_exe_ft_A_bc_obj.o
[ 45%] Built target 1_thread_ir_bb_analysis_exe_ft_A_bc_obj
[ 45%] Compiling executable from  with command: /home/ztpc/compiler/llvm-dir/bin/flang-new -lm;-fopenmp;-DUSE_NUGGET;-Wl,--start-group;-Wl,--end-group  -o /home/ztpc/experiments/nugget-eval/dynamoRIO/nugget-protocol-NPB/cbuild/llvm-exec/1_thread_ir_bb_analysis_exe_ft_A/1_thread_ir_bb_analysis_exe_ft_A 
[ 45%] Built target 1_thread_ir_bb_analysis_exe_ft_A
[ 45%] Built target 1_thread_ir_bb_analysis_exe_ft_C_bc
[ 45%] Compiling object file from /home/ztpc/experiments/nugget-eval/dynamoRIO/nugget-protocol-NPB/experiments/1-thread-ir-bbv-analysis/cmake/../../../cbuild/llvm-bc/1_thread_ir_bb_analysis_bc_ft_C/1_thread_ir_bb_analysis_bc_ft_C.bc with command: /home/ztpc/compiler/llvm-dir/bin/llc -relocation-model=pic;-O2;-mtriple=x86_64-unknown-linux-gnu /home/ztpc/experiments/nugget-eval/dynamoRIO/nugget-protocol-NPB/experiments/1-thread-ir-bbv-analysis/cmake/../../../cbuild/llvm-bc/1_thread_ir_bb_analysis_bc_ft_C/1_thread_ir_bb_analysis_bc_ft_C.bc -o /home/ztpc/experiments/nugget-eval/dynamoRIO/nugget-protocol-NPB/cbuild/llvm-obj/1_thread_ir_bb_analysis_exe_ft_C_bc_obj/1_thread_ir_bb_analysis_exe_ft_C_bc_obj.o
[ 45%] Built target 1_thread_ir_bb_analysis_exe_ft_C_bc_obj
[ 54%] Compiling executable from  with command: /home/ztpc/compiler/llvm-dir/bin/flang-new -lm;-fopenmp;-DUSE_NUGGET;-Wl,--start-group;-Wl,--end-group  -o /home/ztpc/experiments/nugget-eval/dynamoRIO/nugget-protocol-NPB/cbuild/llvm-exec/1_thread_ir_bb_analysis_exe_ft_C/1_thread_ir_bb_analysis_exe_ft_C 
[ 54%] Built target 1_thread_ir_bb_analysis_exe_ft_C
[ 54%] Built target 1_thread_ir_bb_analysis_exe_ft_D_bc
[ 54%] Compiling object file from /home/ztpc/experiments/nugget-eval/dynamoRIO/nugget-protocol-NPB/experiments/1-thread-ir-bbv-analysis/cmake/../../../cbuild/llvm-bc/1_thread_ir_bb_analysis_bc_ft_D/1_thread_ir_bb_analysis_bc_ft_D.bc with command: /home/ztpc/compiler/llvm-dir/bin/llc -relocation-model=pic;-O2;-mtriple=x86_64-unknown-linux-gnu /home/ztpc/experiments/nugget-eval/dynamoRIO/nugget-protocol-NPB/experiments/1-thread-ir-bbv-analysis/cmake/../../../cbuild/llvm-bc/1_thread_ir_bb_analysis_bc_ft_D/1_thread_ir_bb_analysis_bc_ft_D.bc -o /home/ztpc/experiments/nugget-eval/dynamoRIO/nugget-protocol-NPB/cbuild/llvm-obj/1_thread_ir_bb_analysis_exe_ft_D_bc_obj/1_thread_ir_bb_analysis_exe_ft_D_bc_obj.o
[ 54%] Built target 1_thread_ir_bb_analysis_exe_ft_D_bc_obj
[ 54%] Compiling executable from  with command: /home/ztpc/compiler/llvm-dir/bin/flang-new -lm;-fopenmp;-DUSE_NUGGET;-Wl,--start-group;-Wl,--end-group  -o /home/ztpc/experiments/nugget-eval/dynamoRIO/nugget-protocol-NPB/cbuild/llvm-exec/1_thread_ir_bb_analysis_exe_ft_D/1_thread_ir_bb_analysis_exe_ft_D 
[ 54%] Built target 1_thread_ir_bb_analysis_exe_ft_D
[ 54%] Built target 1_thread_ir_bb_analysis_exe_is_A_bc
[ 54%] Compiling object file from /home/ztpc/experiments/nugget-eval/dynamoRIO/nugget-protocol-NPB/experiments/1-thread-ir-bbv-analysis/cmake/../../../cbuild/llvm-bc/1_thread_ir_bb_analysis_bc_is_A/1_thread_ir_bb_analysis_bc_is_A.bc with command: /home/ztpc/compiler/llvm-dir/bin/llc -relocation-model=pic;-O2;-mtriple=x86_64-unknown-linux-gnu /home/ztpc/experiments/nugget-eval/dynamoRIO/nugget-protocol-NPB/experiments/1-thread-ir-bbv-analysis/cmake/../../../cbuild/llvm-bc/1_thread_ir_bb_analysis_bc_is_A/1_thread_ir_bb_analysis_bc_is_A.bc -o /home/ztpc/experiments/nugget-eval/dynamoRIO/nugget-protocol-NPB/cbuild/llvm-obj/1_thread_ir_bb_analysis_exe_is_A_bc_obj/1_thread_ir_bb_analysis_exe_is_A_bc_obj.o
[ 54%] Built target 1_thread_ir_bb_analysis_exe_is_A_bc_obj
[ 63%] Compiling executable from  with command: /home/ztpc/compiler/llvm-dir/bin/clang -lm;-fopenmp;-DUSE_NUGGET;-Wl,--start-group;-Wl,--end-group  -o /home/ztpc/experiments/nugget-eval/dynamoRIO/nugget-protocol-NPB/cbuild/llvm-exec/1_thread_ir_bb_analysis_exe_is_A/1_thread_ir_bb_analysis_exe_is_A 
[ 63%] Built target 1_thread_ir_bb_analysis_exe_is_A
[ 63%] Built target 1_thread_ir_bb_analysis_exe_is_C_bc
[ 63%] Compiling object file from /home/ztpc/experiments/nugget-eval/dynamoRIO/nugget-protocol-NPB/experiments/1-thread-ir-bbv-analysis/cmake/../../../cbuild/llvm-bc/1_thread_ir_bb_analysis_bc_is_C/1_thread_ir_bb_analysis_bc_is_C.bc with command: /home/ztpc/compiler/llvm-dir/bin/llc -relocation-model=pic;-O2;-mtriple=x86_64-unknown-linux-gnu /home/ztpc/experiments/nugget-eval/dynamoRIO/nugget-protocol-NPB/experiments/1-thread-ir-bbv-analysis/cmake/../../../cbuild/llvm-bc/1_thread_ir_bb_analysis_bc_is_C/1_thread_ir_bb_analysis_bc_is_C.bc -o /home/ztpc/experiments/nugget-eval/dynamoRIO/nugget-protocol-NPB/cbuild/llvm-obj/1_thread_ir_bb_analysis_exe_is_C_bc_obj/1_thread_ir_bb_analysis_exe_is_C_bc_obj.o
[ 63%] Built target 1_thread_ir_bb_analysis_exe_is_C_bc_obj
[ 63%] Compiling executable from  with command: /home/ztpc/compiler/llvm-dir/bin/clang -lm;-fopenmp;-DUSE_NUGGET;-Wl,--start-group;-Wl,--end-group  -o /home/ztpc/experiments/nugget-eval/dynamoRIO/nugget-protocol-NPB/cbuild/llvm-exec/1_thread_ir_bb_analysis_exe_is_C/1_thread_ir_bb_analysis_exe_is_C 
[ 63%] Built target 1_thread_ir_bb_analysis_exe_is_C
[ 63%] Built target 1_thread_ir_bb_analysis_exe_lu_A_bc
[ 63%] Compiling object file from /home/ztpc/experiments/nugget-eval/dynamoRIO/nugget-protocol-NPB/experiments/1-thread-ir-bbv-analysis/cmake/../../../cbuild/llvm-bc/1_thread_ir_bb_analysis_bc_lu_A/1_thread_ir_bb_analysis_bc_lu_A.bc with command: /home/ztpc/compiler/llvm-dir/bin/llc -relocation-model=pic;-O2;-mtriple=x86_64-unknown-linux-gnu /home/ztpc/experiments/nugget-eval/dynamoRIO/nugget-protocol-NPB/experiments/1-thread-ir-bbv-analysis/cmake/../../../cbuild/llvm-bc/1_thread_ir_bb_analysis_bc_lu_A/1_thread_ir_bb_analysis_bc_lu_A.bc -o /home/ztpc/experiments/nugget-eval/dynamoRIO/nugget-protocol-NPB/cbuild/llvm-obj/1_thread_ir_bb_analysis_exe_lu_A_bc_obj/1_thread_ir_bb_analysis_exe_lu_A_bc_obj.o
[ 63%] Built target 1_thread_ir_bb_analysis_exe_lu_A_bc_obj
[ 72%] Compiling executable from  with command: /home/ztpc/compiler/llvm-dir/bin/flang-new -lm;-fopenmp;-DUSE_NUGGET;-Wl,--start-group;-Wl,--end-group  -o /home/ztpc/experiments/nugget-eval/dynamoRIO/nugget-protocol-NPB/cbuild/llvm-exec/1_thread_ir_bb_analysis_exe_lu_A/1_thread_ir_bb_analysis_exe_lu_A 
[ 72%] Built target 1_thread_ir_bb_analysis_exe_lu_A
[ 72%] Built target 1_thread_ir_bb_analysis_exe_lu_C_bc
[ 72%] Compiling object file from /home/ztpc/experiments/nugget-eval/dynamoRIO/nugget-protocol-NPB/experiments/1-thread-ir-bbv-analysis/cmake/../../../cbuild/llvm-bc/1_thread_ir_bb_analysis_bc_lu_C/1_thread_ir_bb_analysis_bc_lu_C.bc with command: /home/ztpc/compiler/llvm-dir/bin/llc -relocation-model=pic;-O2;-mtriple=x86_64-unknown-linux-gnu /home/ztpc/experiments/nugget-eval/dynamoRIO/nugget-protocol-NPB/experiments/1-thread-ir-bbv-analysis/cmake/../../../cbuild/llvm-bc/1_thread_ir_bb_analysis_bc_lu_C/1_thread_ir_bb_analysis_bc_lu_C.bc -o /home/ztpc/experiments/nugget-eval/dynamoRIO/nugget-protocol-NPB/cbuild/llvm-obj/1_thread_ir_bb_analysis_exe_lu_C_bc_obj/1_thread_ir_bb_analysis_exe_lu_C_bc_obj.o
[ 72%] Built target 1_thread_ir_bb_analysis_exe_lu_C_bc_obj
[ 72%] Compiling executable from  with command: /home/ztpc/compiler/llvm-dir/bin/flang-new -lm;-fopenmp;-DUSE_NUGGET;-Wl,--start-group;-Wl,--end-group  -o /home/ztpc/experiments/nugget-eval/dynamoRIO/nugget-protocol-NPB/cbuild/llvm-exec/1_thread_ir_bb_analysis_exe_lu_C/1_thread_ir_bb_analysis_exe_lu_C 
[ 72%] Built target 1_thread_ir_bb_analysis_exe_lu_C
[ 72%] Built target 1_thread_ir_bb_analysis_exe_lu_D_bc
[ 72%] Compiling object file from /home/ztpc/experiments/nugget-eval/dynamoRIO/nugget-protocol-NPB/experiments/1-thread-ir-bbv-analysis/cmake/../../../cbuild/llvm-bc/1_thread_ir_bb_analysis_bc_lu_D/1_thread_ir_bb_analysis_bc_lu_D.bc with command: /home/ztpc/compiler/llvm-dir/bin/llc -relocation-model=pic;-O2;-mtriple=x86_64-unknown-linux-gnu /home/ztpc/experiments/nugget-eval/dynamoRIO/nugget-protocol-NPB/experiments/1-thread-ir-bbv-analysis/cmake/../../../cbuild/llvm-bc/1_thread_ir_bb_analysis_bc_lu_D/1_thread_ir_bb_analysis_bc_lu_D.bc -o /home/ztpc/experiments/nugget-eval/dynamoRIO/nugget-protocol-NPB/cbuild/llvm-obj/1_thread_ir_bb_analysis_exe_lu_D_bc_obj/1_thread_ir_bb_analysis_exe_lu_D_bc_obj.o
[ 72%] Built target 1_thread_ir_bb_analysis_exe_lu_D_bc_obj
[ 81%] Compiling executable from  with command: /home/ztpc/compiler/llvm-dir/bin/flang-new -lm;-fopenmp;-DUSE_NUGGET;-Wl,--start-group;-Wl,--end-group  -o /home/ztpc/experiments/nugget-eval/dynamoRIO/nugget-protocol-NPB/cbuild/llvm-exec/1_thread_ir_bb_analysis_exe_lu_D/1_thread_ir_bb_analysis_exe_lu_D 
[ 81%] Built target 1_thread_ir_bb_analysis_exe_lu_D
[ 81%] Built target 1_thread_ir_bb_analysis_exe_mg_A_bc
[ 81%] Compiling object file from /home/ztpc/experiments/nugget-eval/dynamoRIO/nugget-protocol-NPB/experiments/1-thread-ir-bbv-analysis/cmake/../../../cbuild/llvm-bc/1_thread_ir_bb_analysis_bc_mg_A/1_thread_ir_bb_analysis_bc_mg_A.bc with command: /home/ztpc/compiler/llvm-dir/bin/llc -relocation-model=pic;-O2;-mtriple=x86_64-unknown-linux-gnu /home/ztpc/experiments/nugget-eval/dynamoRIO/nugget-protocol-NPB/experiments/1-thread-ir-bbv-analysis/cmake/../../../cbuild/llvm-bc/1_thread_ir_bb_analysis_bc_mg_A/1_thread_ir_bb_analysis_bc_mg_A.bc -o /home/ztpc/experiments/nugget-eval/dynamoRIO/nugget-protocol-NPB/cbuild/llvm-obj/1_thread_ir_bb_analysis_exe_mg_A_bc_obj/1_thread_ir_bb_analysis_exe_mg_A_bc_obj.o
[ 81%] Built target 1_thread_ir_bb_analysis_exe_mg_A_bc_obj
[ 81%] Compiling executable from  with command: /home/ztpc/compiler/llvm-dir/bin/flang-new -lm;-fopenmp;-DUSE_NUGGET;-Wl,--start-group;-Wl,--end-group  -o /home/ztpc/experiments/nugget-eval/dynamoRIO/nugget-protocol-NPB/cbuild/llvm-exec/1_thread_ir_bb_analysis_exe_mg_A/1_thread_ir_bb_analysis_exe_mg_A 
[ 81%] Built target 1_thread_ir_bb_analysis_exe_mg_A
[ 81%] Built target 1_thread_ir_bb_analysis_exe_mg_C_bc
[ 81%] Compiling object file from /home/ztpc/experiments/nugget-eval/dynamoRIO/nugget-protocol-NPB/experiments/1-thread-ir-bbv-analysis/cmake/../../../cbuild/llvm-bc/1_thread_ir_bb_analysis_bc_mg_C/1_thread_ir_bb_analysis_bc_mg_C.bc with command: /home/ztpc/compiler/llvm-dir/bin/llc -relocation-model=pic;-O2;-mtriple=x86_64-unknown-linux-gnu /home/ztpc/experiments/nugget-eval/dynamoRIO/nugget-protocol-NPB/experiments/1-thread-ir-bbv-analysis/cmake/../../../cbuild/llvm-bc/1_thread_ir_bb_analysis_bc_mg_C/1_thread_ir_bb_analysis_bc_mg_C.bc -o /home/ztpc/experiments/nugget-eval/dynamoRIO/nugget-protocol-NPB/cbuild/llvm-obj/1_thread_ir_bb_analysis_exe_mg_C_bc_obj/1_thread_ir_bb_analysis_exe_mg_C_bc_obj.o
[ 81%] Built target 1_thread_ir_bb_analysis_exe_mg_C_bc_obj
[ 90%] Compiling executable from  with command: /home/ztpc/compiler/llvm-dir/bin/flang-new -lm;-fopenmp;-DUSE_NUGGET;-Wl,--start-group;-Wl,--end-group  -o /home/ztpc/experiments/nugget-eval/dynamoRIO/nugget-protocol-NPB/cbuild/llvm-exec/1_thread_ir_bb_analysis_exe_mg_C/1_thread_ir_bb_analysis_exe_mg_C 
[ 90%] Built target 1_thread_ir_bb_analysis_exe_mg_C
[ 90%] Built target 1_thread_ir_bb_analysis_exe_mg_D_bc
[ 90%] Compiling object file from /home/ztpc/experiments/nugget-eval/dynamoRIO/nugget-protocol-NPB/experiments/1-thread-ir-bbv-analysis/cmake/../../../cbuild/llvm-bc/1_thread_ir_bb_analysis_bc_mg_D/1_thread_ir_bb_analysis_bc_mg_D.bc with command: /home/ztpc/compiler/llvm-dir/bin/llc -relocation-model=pic;-O2;-mtriple=x86_64-unknown-linux-gnu /home/ztpc/experiments/nugget-eval/dynamoRIO/nugget-protocol-NPB/experiments/1-thread-ir-bbv-analysis/cmake/../../../cbuild/llvm-bc/1_thread_ir_bb_analysis_bc_mg_D/1_thread_ir_bb_analysis_bc_mg_D.bc -o /home/ztpc/experiments/nugget-eval/dynamoRIO/nugget-protocol-NPB/cbuild/llvm-obj/1_thread_ir_bb_analysis_exe_mg_D_bc_obj/1_thread_ir_bb_analysis_exe_mg_D_bc_obj.o
[ 90%] Built target 1_thread_ir_bb_analysis_exe_mg_D_bc_obj
[ 90%] Compiling executable from  with command: /home/ztpc/compiler/llvm-dir/bin/flang-new -lm;-fopenmp;-DUSE_NUGGET;-Wl,--start-group;-Wl,--end-group  -o /home/ztpc/experiments/nugget-eval/dynamoRIO/nugget-protocol-NPB/cbuild/llvm-exec/1_thread_ir_bb_analysis_exe_mg_D/1_thread_ir_bb_analysis_exe_mg_D 
[ 90%] Built target 1_thread_ir_bb_analysis_exe_mg_D
[ 90%] Built target 1_thread_ir_bb_analysis_exe_sp_A_bc
[ 90%] Compiling object file from /home/ztpc/experiments/nugget-eval/dynamoRIO/nugget-protocol-NPB/experiments/1-thread-ir-bbv-analysis/cmake/../../../cbuild/llvm-bc/1_thread_ir_bb_analysis_bc_sp_A/1_thread_ir_bb_analysis_bc_sp_A.bc with command: /home/ztpc/compiler/llvm-dir/bin/llc -relocation-model=pic;-O2;-mtriple=x86_64-unknown-linux-gnu /home/ztpc/experiments/nugget-eval/dynamoRIO/nugget-protocol-NPB/experiments/1-thread-ir-bbv-analysis/cmake/../../../cbuild/llvm-bc/1_thread_ir_bb_analysis_bc_sp_A/1_thread_ir_bb_analysis_bc_sp_A.bc -o /home/ztpc/experiments/nugget-eval/dynamoRIO/nugget-protocol-NPB/cbuild/llvm-obj/1_thread_ir_bb_analysis_exe_sp_A_bc_obj/1_thread_ir_bb_analysis_exe_sp_A_bc_obj.o
[ 90%] Built target 1_thread_ir_bb_analysis_exe_sp_A_bc_obj
[100%] Compiling executable from  with command: /home/ztpc/compiler/llvm-dir/bin/flang-new -lm;-fopenmp;-DUSE_NUGGET;-Wl,--start-group;-Wl,--end-group  -o /home/ztpc/experiments/nugget-eval/dynamoRIO/nugget-protocol-NPB/cbuild/llvm-exec/1_thread_ir_bb_analysis_exe_sp_A/1_thread_ir_bb_analysis_exe_sp_A 
[100%] Built target 1_thread_ir_bb_analysis_exe_sp_A
[100%] Built target 1_thread_ir_bb_analysis_exe_sp_C_bc
[100%] Compiling object file from /home/ztpc/experiments/nugget-eval/dynamoRIO/nugget-protocol-NPB/experiments/1-thread-ir-bbv-analysis/cmake/../../../cbuild/llvm-bc/1_thread_ir_bb_analysis_bc_sp_C/1_thread_ir_bb_analysis_bc_sp_C.bc with command: /home/ztpc/compiler/llvm-dir/bin/llc -relocation-model=pic;-O2;-mtriple=x86_64-unknown-linux-gnu /home/ztpc/experiments/nugget-eval/dynamoRIO/nugget-protocol-NPB/experiments/1-thread-ir-bbv-analysis/cmake/../../../cbuild/llvm-bc/1_thread_ir_bb_analysis_bc_sp_C/1_thread_ir_bb_analysis_bc_sp_C.bc -o /home/ztpc/experiments/nugget-eval/dynamoRIO/nugget-protocol-NPB/cbuild/llvm-obj/1_thread_ir_bb_analysis_exe_sp_C_bc_obj/1_thread_ir_bb_analysis_exe_sp_C_bc_obj.o
[100%] Built target 1_thread_ir_bb_analysis_exe_sp_C_bc_obj
[100%] Compiling executable from  with command: /home/ztpc/compiler/llvm-dir/bin/flang-new -lm;-fopenmp;-DUSE_NUGGET;-Wl,--start-group;-Wl,--end-group  -o /home/ztpc/experiments/nugget-eval/dynamoRIO/nugget-protocol-NPB/cbuild/llvm-exec/1_thread_ir_bb_analysis_exe_sp_C/1_thread_ir_bb_analysis_exe_sp_C 
[100%] Built target 1_thread_ir_bb_analysis_exe_sp_C
[100%] Built target 1_thread_ir_bb_analysis_exe
