cset: --> last message, executed args into cpuset "/measurement/24_27", new pid is: 3948790


 NAS Parallel Benchmarks (NPB3.4-OMP) - CG Benchmark

 Size:      150000
 Iterations:                     75
 Number of available threads:     4

 Initialization time =           5.253 seconds

   iteration           ||r||                 zeta
        1       0.35179590224154E-12   109.9994423237398
        5       0.88607485681653E-15    28.6471670038893
       10       0.90689484926406E-15    28.9496695449003
       15       0.90122787855074E-15    28.9716336228371
       20       0.90777749034636E-15    28.9734210663747
       25       0.90327116095238E-15    28.9735863059382
       30       0.90469363230898E-15    28.9736033967627
       35       0.90505514212810E-15    28.9736053266246
       40       0.90194839250311E-15    28.9736055590700
Warmup threshold: 1
Start threshold: 155930275
End threshold: 80414
ROI begin
Time taken: 30641214 ns
