cset: --> last message, executed args into cpuset "/measurement/6_11", new pid is: 227011


 NAS Parallel Benchmarks (NPB3.4-OMP) - CG Benchmark

 Size:      150000
 Iterations:                     75
 Number of available threads:     4

 Initialization time =           3.115 seconds

   iteration           ||r||                 zeta
        1       0.35165730272018E-12   109.9994423237398
        5       0.88723524403251E-15    28.6471670038893
       10       0.90706136004965E-15    28.9496695449003
       15       0.90244629830054E-15    28.9716336228371
       20       0.90887066068267E-15    28.9734210663747
       25       0.90284097934951E-15    28.9735863059382
       30       0.90405727831573E-15    28.9736033967627
       35       0.90464904474780E-15    28.9736053266246
       40       0.90176493752450E-15    28.9736055590700
       45       0.90342321502279E-15    28.9736055884132
Warmup threshold: 1
Start threshold: 187422790
End threshold: 3172
ROI begin
Time taken: 11147145 ns
