cset: --> last message, executed args into cpuset "/measurement/60_63", new pid is: 3950364


 NAS Parallel Benchmarks (NPB3.4-OMP) - CG Benchmark

 Size:      150000
 Iterations:                     75
 Number of available threads:     4

 Initialization time =           5.168 seconds

   iteration           ||r||                 zeta
        1       0.35169683806276E-12   109.9994423237398
        5       0.88643673428217E-15    28.6471670038893
       10       0.90681317198465E-15    28.9496695449003
       15       0.90131178270875E-15    28.9716336228371
       20       0.90931069046534E-15    28.9734210663747
       25       0.90410818465535E-15    28.9735863059382
       30       0.90463518012161E-15    28.9736033967627
       35       0.90475026705377E-15    28.9736053266246
       40       0.90021184615940E-15    28.9736055590700
       45       0.90487511164059E-15    28.9736055884132
Warmup threshold: 1
Start threshold: 187422790
End threshold: 3172
ROI begin
Time taken: 26406803 ns
