cset: --> last message, executed args into cpuset "/measurement/46_47", new pid is: 4192681


 NAS Parallel Benchmarks (NPB3.4-OMP) - MG Benchmark

 No input file. Using compiled defaults 
 Size:  256x 256x 256  (class A)
 Iterations:                      4
 Number of available threads:     1

 Initialization time:           0.714 seconds

  iter   1
  iter   4

 Benchmark completed 
 VERIFICATION SUCCESSFUL 
 L2 Norm is  0.2433365309069E-05
 Error is    0.1197433582083E-12


 MG Benchmark Completed.
 Class           =                        A
 Size            =            256x 256x 256
 Iterations      =                        4
 Time in seconds =                     1.12
 Total threads   =                        1
 Avail threads   =                        1
 Mop/s total     =                  3471.79
 Mop/s/thread    =                  3471.79
 Operation type  =           floating point
 Verification    =               SUCCESSFUL
 Version         =                    3.4.3
 Compile date    =              15 Apr 2025

 Compile options:
    FC           = gfortran
    FLINK        = $(FC)
    F_LIB        = (none)
    F_INC        = (none)
    FFLAGS       = -O3 -fopenmp
    FLINKFLAGS   = $(FFLAGS)
    RAND         = randi8


 Please send all errors/feedbacks to:

 NPB Development Team
 npb@nas.nasa.gov


Warmup threshold: 51068
Start threshold: 10114
End threshold: 6144
ROI begin
ROI end
