cset: --> last message, executed args into cpuset "/measurement/18_23", new pid is: 223233


 NAS Parallel Benchmarks (NPB3.4-OMP) - CG Benchmark

 Size:      150000
 Iterations:                     75
 Number of available threads:     4

 Initialization time =           3.135 seconds

   iteration           ||r||                 zeta
        1       0.35170971763345E-12   109.9994423237398
        5       0.88608523101002E-15    28.6471670038893
       10       0.90624838654943E-15    28.9496695449003
       15       0.90138647463229E-15    28.9716336228371
       20       0.90926905710214E-15    28.9734210663747
       25       0.90221571292166E-15    28.9735863059382
       30       0.90464680775932E-15    28.9736033967627
       35       0.90456182286970E-15    28.9736053266246
       40       0.90179759000907E-15    28.9736055590700
       45       0.90394511481525E-15    28.9736055884132
       50       0.90358333489003E-15    28.9736055922486
Warmup threshold: 1
Start threshold: 1325
End threshold: 82464
ROI begin
Time taken: 13485888 ns
