cset: --> last message, executed args into cpuset "/measurement/48_51", new pid is: 3954880


 NAS Parallel Benchmarks (NPB3.4-OMP) - CG Benchmark

 Size:      150000
 Iterations:                     75
 Number of available threads:     4

 Initialization time =           5.234 seconds

   iteration           ||r||                 zeta
        1       0.35170971763345E-12   109.9994423237398
        5       0.88673105074585E-15    28.6471670038893
       10       0.90613801449394E-15    28.9496695449003
       15       0.90161716941465E-15    28.9716336228371
       20       0.90939988171991E-15    28.9734210663747
       25       0.90263424975039E-15    28.9735863059382
       30       0.90405361812365E-15    28.9736033967627
       35       0.90472818323411E-15    28.9736053266246
       40       0.90168342702519E-15    28.9736055590700
       45       0.90361690057656E-15    28.9736055884132
       50       0.90380467240388E-15    28.9736055922485
       55       0.89871528943130E-15    28.9736055927632
       60       0.90333971721672E-15    28.9736055928339
Warmup threshold: 1
Start threshold: 238916406
End threshold: 80359
ROI begin
Time taken: 23318490 ns
