cset: --> last message, executed args into cpuset "/measurement2/84_85/84", new pid is: 272846


 NAS Parallel Benchmarks (NPB3.4-OMP) - EP Benchmark

 Number of random numbers generated:    137438953472
 Number of available threads:                      1

EP Benchmark Results:

CPU Time =  3583.659
N = 2^   36
No. Gaussian Pairs =   53972171957.
Sums =     4.306350280766645D+10    4.306347571852907D+10
Counts:
  0   25154622775.
  1   24017899906.
  2    4508609839.
  3     284201296.
  4       6776403.
  5         61541.
  6           197.
  7             0.
  8             0.
  9             0.


 EP Benchmark Completed.
 Class           =                        D
 Size            =             137438953472
 Iterations      =                        0
 Time in seconds =                  3583.66
 Total threads   =                        1
 Avail threads   =                        1
 Mop/s total     =                    38.35
 Mop/s/thread    =                    38.35
 Operation type  = Random numbers generated
 Verification    =               SUCCESSFUL
 Version         =                    3.4.3
 Compile date    =              22 May 2025

 Compile options:
    FC           = gfortran
    FLINK        = $(FC)
    F_LIB        = (none)
    F_INC        = (none)
    FFLAGS       = -O3 -fopenmp
    FLINKFLAGS   = $(FFLAGS)
    RAND         = randi8


 Please send all errors/feedbacks to:

 NPB Development Team
 npb@nas.nasa.gov


ROI begin
file_line_index: 40594
region: 40594
ROI end
Total IR instructions: 4059316729114
