cset: --> last message, executed args into cpuset "/measurement/24_27", new pid is: 3950796


 NAS Parallel Benchmarks (NPB3.4-OMP) - CG Benchmark

 Size:      150000
 Iterations:                     75
 Number of available threads:     4

 Initialization time =           5.002 seconds

   iteration           ||r||                 zeta
        1       0.35170367217941E-12   109.9994423237398
        5       0.88634884335043E-15    28.6471670038893
       10       0.90631488153840E-15    28.9496695449003
       15       0.90114912035354E-15    28.9716336228371
       20       0.90836098518272E-15    28.9734210663747
       25       0.90268189085119E-15    28.9735863059382
       30       0.90437456609440E-15    28.9736033967627
       35       0.90459258518595E-15    28.9736053266246
       40       0.90115197014132E-15    28.9736055590700
       45       0.90438776817883E-15    28.9736055884132
       50       0.90347686333616E-15    28.9736055922485
       55       0.89890961424561E-15    28.9736055927632
Warmup threshold: 1
Start threshold: 8275022
End threshold: 82445
ROI begin
Time taken: 26901068 ns
