cset: --> last message, executed args into cpuset "/measurement/20_23", new pid is: 3954080


 NAS Parallel Benchmarks (NPB3.4-OMP) - CG Benchmark

 Size:      150000
 Iterations:                     75
 Number of available threads:     4

 Initialization time =           4.940 seconds

   iteration           ||r||                 zeta
        1       0.35165101100351E-12   109.9994423237398
        5       0.88553783305664E-15    28.6471670038893
       10       0.90721214112340E-15    28.9496695449003
       15       0.90233668533349E-15    28.9716336228371
       20       0.90828063526154E-15    28.9734210663747
       25       0.90418406670640E-15    28.9735863059382
       30       0.90452668728219E-15    28.9736033967627
       35       0.90449595724569E-15    28.9736053266246
       40       0.90175477426971E-15    28.9736055590700
       45       0.90392772011136E-15    28.9736055884132
       50       0.90374115951824E-15    28.9736055922485
Warmup threshold: 1
Start threshold: 1325
End threshold: 82464
ROI begin
Time taken: 26012208 ns
