cset: --> last message, executed args into cpuset "/measurement/12_17", new pid is: 225329


 NAS Parallel Benchmarks (NPB3.4-OMP) - CG Benchmark

 Size:      150000
 Iterations:                     75
 Number of available threads:     4

 Initialization time =           3.198 seconds

   iteration           ||r||                 zeta
        1       0.35181075771063E-12   109.9994423237398
        5       0.88667049964905E-15    28.6471670038893
       10       0.90739083430441E-15    28.9496695449003
       15       0.90179845805907E-15    28.9716336228371
       20       0.90917859080220E-15    28.9734210663747
       25       0.90330166262994E-15    28.9735863059382
       30       0.90482535840205E-15    28.9736033967627
       35       0.90520640103637E-15    28.9736053266246
Warmup threshold: 1
Start threshold: 135616256
End threshold: 82434
ROI begin
Time taken: 10843033 ns
