cset: --> last message, executed args into cpuset "/measurement/52_55", new pid is: 3955664


 NAS Parallel Benchmarks (NPB3.4-OMP) - CG Benchmark

 Size:      150000
 Iterations:                     75
 Number of available threads:     4

 Initialization time =           5.042 seconds

   iteration           ||r||                 zeta
        1       0.35170367217941E-12   109.9994423237398
        5       0.88617998608468E-15    28.6471670038893
       10       0.90628736030933E-15    28.9496695449003
       15       0.90248641150554E-15    28.9716336228371
       20       0.90942505888280E-15    28.9734210663747
       25       0.90328030347096E-15    28.9735863059382
       30       0.90506894674587E-15    28.9736033967627
       35       0.90547425051439E-15    28.9736053266246
       40       0.90244894779389E-15    28.9736055590700
       45       0.90401892642201E-15    28.9736055884132
       50       0.90328737715721E-15    28.9736055922485
Warmup threshold: 1
Start threshold: 203833041
End threshold: 80427
ROI begin
Time taken: 25957978 ns
