cset: --> last message, executed args into cpuset "/measurement/12_17", new pid is: 229192


 NAS Parallel Benchmarks (NPB3.4-OMP) - CG Benchmark

 Size:      150000
 Iterations:                     75
 Number of available threads:     4

 Initialization time =           3.173 seconds

   iteration           ||r||                 zeta
        1       0.35179751395012E-12   109.9994423237398
        5       0.88589048899537E-15    28.6471670038893
       10       0.90751077685117E-15    28.9496695449003
       15       0.90188320683652E-15    28.9716336228371
       20       0.90765966327351E-15    28.9734210663747
       25       0.90135092427868E-15    28.9735863059382
       30       0.90391384360840E-15    28.9736033967627
       35       0.90483523667999E-15    28.9736053266246
       40       0.90133172009794E-15    28.9736055590700
       45       0.90439014065864E-15    28.9736055884132
Warmup threshold: 1
Start threshold: 182205754
End threshold: 80380
ROI begin
Time taken: 10843016 ns
