cset: --> last message, executed args into cpuset "/measurement/6_11", new pid is: 227039


 NAS Parallel Benchmarks (NPB3.4-OMP) - CG Benchmark

 Size:      150000
 Iterations:                     75
 Number of available threads:     4

 Initialization time =           3.573 seconds

   iteration           ||r||                 zeta
        1       0.35170971763345E-12   109.9994423237398
        5       0.88589620131188E-15    28.6471670038893
       10       0.90742069593324E-15    28.9496695449003
       15       0.90221953569545E-15    28.9716336228371
       20       0.90802014595811E-15    28.9734210663747
       25       0.90242923536071E-15    28.9735863059382
       30       0.90472003549987E-15    28.9736033967627
       35       0.90549088203504E-15    28.9736053266246
       40       0.90105600180990E-15    28.9736055590699
       45       0.90368700902378E-15    28.9736055884132
Warmup threshold: 1
Start threshold: 186365445
End threshold: 82399
ROI begin
Time taken: 11269266 ns
