cset: --> last message, executed args into cpuset "/measurement/40_43", new pid is: 3952373


 NAS Parallel Benchmarks (NPB3.4-OMP) - CG Benchmark

 Size:      150000
 Iterations:                     75
 Number of available threads:     4

 Initialization time =           5.219 seconds

   iteration           ||r||                 zeta
        1       0.35171027836595E-12   109.9994423237398
        5       0.88641713446426E-15    28.6471670038893
       10       0.90755196792275E-15    28.9496695449003
       15       0.90159108768277E-15    28.9716336228371
       20       0.90902338241596E-15    28.9734210663747
       25       0.90275798800768E-15    28.9735863059382
       30       0.90437201566490E-15    28.9736033967628
       35       0.90450219333407E-15    28.9736053266246
       40       0.90101098880124E-15    28.9736055590700
       45       0.90363606757481E-15    28.9736055884132
       50       0.90447359510368E-15    28.9736055922485
Warmup threshold: 1
Start threshold: 194198394
End threshold: 80361
ROI begin
Time taken: 24544840 ns
