cset: --> last message, executed args into cpuset "/measurement/44_47", new pid is: 3949400


 NAS Parallel Benchmarks (NPB3.4-OMP) - CG Benchmark

 Size:      150000
 Iterations:                     75
 Number of available threads:     4

 Initialization time =           5.064 seconds

   iteration           ||r||                 zeta
        1       0.35171080405185E-12   109.9994423237398
        5       0.88691288466621E-15    28.6471670038893
       10       0.90644201147423E-15    28.9496695449003
       15       0.90103605301989E-15    28.9716336228371
       20       0.90981966719659E-15    28.9734210663747
       25       0.90289048838250E-15    28.9735863059382
       30       0.90390882223363E-15    28.9736033967627
       35       0.90470325053814E-15    28.9736053266246
       40       0.90163820089017E-15    28.9736055590699
Warmup threshold: 1
Start threshold: 155441782
End threshold: 82441
ROI begin
Time taken: 24668832 ns
