cset: --> last message, executed args into cpuset "/measurement/20_23", new pid is: 3948970


 NAS Parallel Benchmarks (NPB3.4-OMP) - CG Benchmark

 Size:      150000
 Iterations:                     75
 Number of available threads:     4

 Initialization time =           4.985 seconds

   iteration           ||r||                 zeta
        1       0.35163706016614E-12   109.9994423237398
        5       0.88642891032023E-15    28.6471670038893
       10       0.90736599339588E-15    28.9496695449003
       15       0.90185131384516E-15    28.9716336228371
       20       0.90887398824198E-15    28.9734210663747
       25       0.90220746188008E-15    28.9735863059382
       30       0.90447137149002E-15    28.9736033967627
       35       0.90427835561344E-15    28.9736053266246
       40       0.90274764549636E-15    28.9736055590700
       45       0.90344998875280E-15    28.9736055884132
       50       0.90276676462429E-15    28.9736055922485
       55       0.89832311230711E-15    28.9736055927632
Warmup threshold: 1
Start threshold: 216312142
End threshold: 82419
ROI begin
Time taken: 25292119 ns
