cset: --> last message, executed args into cpuset "/measurement/24_27", new pid is: 3956182


 NAS Parallel Benchmarks (NPB3.4-OMP) - CG Benchmark

 Size:      150000
 Iterations:                     75
 Number of available threads:     4

 Initialization time =           4.932 seconds

   iteration           ||r||                 zeta
        1       0.35165101100351E-12   109.9994423237398
        5       0.88644073906309E-15    28.6471670038893
       10       0.90709185617375E-15    28.9496695449003
       15       0.90148839659325E-15    28.9716336228371
       20       0.90864235892096E-15    28.9734210663747
       25       0.90250518775442E-15    28.9735863059382
       30       0.90431215100969E-15    28.9736033967627
       35       0.90448716654206E-15    28.9736053266246
       40       0.90134565469319E-15    28.9736055590700
       45       0.90314605478656E-15    28.9736055884132
Warmup threshold: 1
Start threshold: 187422790
End threshold: 3172
ROI begin
Time taken: 22481842 ns
