cset: --> last message, executed args into cpuset "/measurement/12_17", new pid is: 226293


 NAS Parallel Benchmarks (NPB3.4-OMP) - CG Benchmark

 Size:      150000
 Iterations:                     75
 Number of available threads:     4

 Initialization time =           3.188 seconds

   iteration           ||r||                 zeta
        1       0.35170367217941E-12   109.9994423237398
        5       0.88616254278525E-15    28.6471670038893
       10       0.90656983025124E-15    28.9496695449003
       15       0.90187010209436E-15    28.9716336228371
       20       0.90819843464441E-15    28.9734210663747
       25       0.90275994606038E-15    28.9735863059382
       30       0.90428812449962E-15    28.9736033967628
       35       0.90517958591905E-15    28.9736053266246
       40       0.90159429787681E-15    28.9736055590699
       45       0.90458508231806E-15    28.9736055884132
Warmup threshold: 1
Start threshold: 169644218
End threshold: 80442
ROI begin
Time taken: 10710241 ns
