cset: --> last message, executed args into cpuset "/measurement/6_11", new pid is: 222646


 NAS Parallel Benchmarks (NPB3.4-OMP) - CG Benchmark

 Size:      150000
 Iterations:                     75
 Number of available threads:     4

 Initialization time =           3.246 seconds

   iteration           ||r||                 zeta
        1       0.35171027836595E-12   109.9994423237398
        5       0.88566969068173E-15    28.6471670038893
       10       0.90667133362151E-15    28.9496695449003
       15       0.90161166711411E-15    28.9716336228371
       20       0.90808983152898E-15    28.9734210663747
       25       0.90189812631334E-15    28.9735863059382
       30       0.90486532716948E-15    28.9736033967627
       35       0.90481145222494E-15    28.9736053266246
       40       0.90106120133817E-15    28.9736055590700
       45       0.90395276441271E-15    28.9736055884132
       50       0.90297700030969E-15    28.9736055922485
       55       0.89750725296794E-15    28.9736055927632
       60       0.90210357373134E-15    28.9736055928339
Warmup threshold: 1
Start threshold: 238916406
End threshold: 80359
ROI begin
Time taken: 11608109 ns
