cset: --> last message, executed args into cpuset "/measurement/36_39", new pid is: 3957165


 NAS Parallel Benchmarks (NPB3.4-OMP) - CG Benchmark

 Size:      150000
 Iterations:                     75
 Number of available threads:     4

 Initialization time =           5.206 seconds

   iteration           ||r||                 zeta
        1       0.35170971763345E-12   109.9994423237398
        5       0.88704694309210E-15    28.6471670038893
       10       0.90633374951289E-15    28.9496695449003
       15       0.90128829205996E-15    28.9716336228371
       20       0.90858779987908E-15    28.9734210663747
       25       0.90230244669259E-15    28.9735863059382
       30       0.90453438475586E-15    28.9736033967627
       35       0.90486224103230E-15    28.9736053266246
       40       0.90210760669052E-15    28.9736055590700
       45       0.90360222493988E-15    28.9736055884132
Warmup threshold: 1
Start threshold: 181391608
End threshold: 82444
ROI begin
Time taken: 24692942 ns
