cset: --> last message, executed args into cpuset "/measurement/12_17", new pid is: 224039


 NAS Parallel Benchmarks (NPB3.4-OMP) - CG Benchmark

 Size:      150000
 Iterations:                     75
 Number of available threads:     4

 Initialization time =           3.213 seconds

   iteration           ||r||                 zeta
        1       0.35165481408805E-12   109.9994423237398
        5       0.88659974209385E-15    28.6471670038893
       10       0.90716284567617E-15    28.9496695449003
       15       0.90204330034384E-15    28.9716336228371
       20       0.90917077184042E-15    28.9734210663747
       25       0.90247536577641E-15    28.9735863059382
       30       0.90377000447566E-15    28.9736033967627
       35       0.90483584889258E-15    28.9736053266246
       40       0.90151655899386E-15    28.9736055590699
       45       0.90409464612741E-15    28.9736055884132
       50       0.90211751839291E-15    28.9736055922485
       55       0.89744942232531E-15    28.9736055927632
Warmup threshold: 1
Start threshold: 216312142
End threshold: 82419
ROI begin
Time taken: 13336312 ns
