cset: --> last message, executed args into cpuset "/measurement/12_17", new pid is: 221943


 NAS Parallel Benchmarks (NPB3.4-OMP) - CG Benchmark

 Size:      150000
 Iterations:                     75
 Number of available threads:     4

 Initialization time =           3.154 seconds

   iteration           ||r||                 zeta
        1       0.35169769671548E-12   109.9994423237398
        5       0.88609129362185E-15    28.6471670038893
       10       0.90682287953684E-15    28.9496695449003
       15       0.90186802969152E-15    28.9716336228371
       20       0.90986943156389E-15    28.9734210663747
       25       0.90324656056637E-15    28.9735863059382
       30       0.90466014271144E-15    28.9736033967627
       35       0.90488074348904E-15    28.9736053266246
       40       0.90150729508977E-15    28.9736055590700
       45       0.90454443230929E-15    28.9736055884132
Warmup threshold: 1
Start threshold: 186365445
End threshold: 82399
ROI begin
Time taken: 10182228 ns
