cset: --> last message, executed args into cpuset "/measurement/64_67", new pid is: 3954473


 NAS Parallel Benchmarks (NPB3.4-OMP) - CG Benchmark

 Size:      150000
 Iterations:                     75
 Number of available threads:     4

 Initialization time =           5.045 seconds

   iteration           ||r||                 zeta
        1       0.35170367217941E-12   109.9994423237398
        5       0.88604965046949E-15    28.6471670038893
       10       0.90655744725840E-15    28.9496695449003
       15       0.90103736129115E-15    28.9716336228371
       20       0.90868909683593E-15    28.9734210663747
       25       0.90379892776871E-15    28.9735863059382
       30       0.90448762587824E-15    28.9736033967628
       35       0.90510798468539E-15    28.9736053266246
       40       0.90207221669581E-15    28.9736055590700
Warmup threshold: 1
Start threshold: 159277888
End threshold: 80382
ROI begin
Time taken: 26596333 ns
