cset: --> last message, executed args into cpuset "/measurement/44_47", new pid is: 3952476


 NAS Parallel Benchmarks (NPB3.4-OMP) - CG Benchmark

 Size:      150000
 Iterations:                     75
 Number of available threads:     4

 Initialization time =           4.929 seconds

   iteration           ||r||                 zeta
        1       0.35170971763345E-12   109.9994423237398
        5       0.88599889067051E-15    28.6471670038893
       10       0.90718879677910E-15    28.9496695449003
       15       0.90116408540944E-15    28.9716336228371
       20       0.90838872059386E-15    28.9734210663748
       25       0.90314099212978E-15    28.9735863059382
       30       0.90451865591348E-15    28.9736033967627
       35       0.90438489974861E-15    28.9736053266246
       40       0.90074536096120E-15    28.9736055590700
       45       0.90383625423908E-15    28.9736055884132
Warmup threshold: 1
Start threshold: 182205754
End threshold: 80380
ROI begin
Time taken: 31292041 ns
