cset: --> last message, executed args into cpuset "/measurement/28_31", new pid is: 4061669


 NAS Parallel Benchmarks (NPB3.4-OMP) - EP Benchmark

 Number of random numbers generated:       536870912
 Number of available threads:                      4

EP Benchmark Results:

CPU Time =    43.724
N = 2^   28
No. Gaussian Pairs =     210832767.
Sums =     1.682235632304655D+08    1.682195123368336D+08
Counts:
  0      98257395.
  1      93827014.
  2      17611549.
  3       1110028.
  4         26536.
  5           245.
  6             0.
  7             0.
  8             0.
  9             0.


 EP Benchmark Completed.
 Class           =                        A
 Size            =                536870912
 Iterations      =                        0
 Time in seconds =                    43.72
 Total threads   =                        4
 Avail threads   =                        4
 Mop/s total     =                    12.28
 Mop/s/thread    =                     3.07
 Operation type  = Random numbers generated
 Verification    =               SUCCESSFUL
 Version         =                    3.4.3
 Compile date    =              14 Mar 2025

 Compile options:
    FC           = gfortran
    FLINK        = $(FC)
    F_LIB        = (none)
    F_INC        = (none)
    FFLAGS       = -O3 -fopenmp
    FLINKFLAGS   = $(FFLAGS)
    RAND         = randi8


 Please send all errors/feedbacks to:

 NPB Development Team
 npb@nas.nasa.gov


ROI begin
file_line_index: 40
region: 40
ROI end
Total IR instructions: 15856077139
