cset: --> last message, executed args into cpuset "/measurement/12_17", new pid is: 223794


 NAS Parallel Benchmarks (NPB3.4-OMP) - CG Benchmark

 Size:      150000
 Iterations:                     75
 Number of available threads:     4

 Initialization time =           3.185 seconds

   iteration           ||r||                 zeta
        1       0.35170971763345E-12   109.9994423237398
        5       0.88558205546592E-15    28.6471670038893
       10       0.90717725476869E-15    28.9496695449003
       15       0.90245939589680E-15    28.9716336228371
       20       0.90843349945469E-15    28.9734210663747
       25       0.90174591162576E-15    28.9735863059382
       30       0.90508656668787E-15    28.9736033967628
       35       0.90511230742942E-15    28.9736053266246
Warmup threshold: 1
Start threshold: 142554636
End threshold: 82404
ROI begin
Time taken: 12407867 ns
