cset: --> last message, executed args into cpuset "/measurement/21_23/21", new pid is: 630757


 NAS Parallel Benchmarks (NPB3.4-OMP) - BT Benchmark

 No input file inputbt.data. Using compiled defaults
 Size:   64x  64x  64
 Iterations:  200       dt:   0.0008000
 Number of available threads:     1

 Time step    1
 Time step   20
 Time step   40
 Time step   60
 Time step   80
 Time step  100
 Time step  120
Warmup threshold: 469603
Start threshold: 3160
End threshold: 345
ROI begin
Warm up marker met
Warmup event
Start marker met
Start event
End marker met
End event
