cset: --> last message, executed args into cpuset "/measurement/44_47", new pid is: 3954216


 NAS Parallel Benchmarks (NPB3.4-OMP) - CG Benchmark

 Size:      150000
 Iterations:                     75
 Number of available threads:     4

 Initialization time =           5.012 seconds

   iteration           ||r||                 zeta
        1       0.35170971763345E-12   109.9994423237398
        5       0.88558522123582E-15    28.6471670038893
       10       0.90701865630133E-15    28.9496695449003
       15       0.90241006674660E-15    28.9716336228371
       20       0.90846842490825E-15    28.9734210663747
       25       0.90374678258094E-15    28.9735863059382
       30       0.90437619001439E-15    28.9736033967627
       35       0.90604380680977E-15    28.9736053266246
       40       0.90221948398694E-15    28.9736055590700
       45       0.90439574547022E-15    28.9736055884132
Warmup threshold: 1
Start threshold: 169644218
End threshold: 80442
ROI begin
Time taken: 25855329 ns
