cset: --> last message, executed args into cpuset "/measurement/6_11", new pid is: 213073


 NAS Parallel Benchmarks (NPB3.4-OMP) - CG Benchmark

 Size:      150000
 Iterations:                     75
 Number of available threads:     4

 Initialization time =           3.171 seconds

   iteration           ||r||                 zeta
        1       0.35171027836595E-12   109.9994423237398
        5       0.88631910234803E-15    28.6471670038893
       10       0.90769339024350E-15    28.9496695449003
       15       0.90119310823510E-15    28.9716336228371
       20       0.90808587044448E-15    28.9734210663747
       25       0.90302191491161E-15    28.9735863059382
       30       0.90521127723852E-15    28.9736033967628
       35       0.90482844872482E-15    28.9736053266246
       40       0.90176471388443E-15    28.9736055590700
Warmup threshold: 1
Start threshold: 155930275
End threshold: 80414
ROI begin
Time taken: 13130738 ns
