cset: --> last message, executed args into cpuset "/measurement/60_63", new pid is: 3949541


 NAS Parallel Benchmarks (NPB3.4-OMP) - CG Benchmark

 Size:      150000
 Iterations:                     75
 Number of available threads:     4

 Initialization time =           4.949 seconds

   iteration           ||r||                 zeta
        1       0.35170826322936E-12   109.9994423237398
        5       0.88709666897135E-15    28.6471670038893
       10       0.90696098417748E-15    28.9496695449003
       15       0.90151566866896E-15    28.9716336228371
       20       0.90886848541504E-15    28.9734210663747
       25       0.90305019748792E-15    28.9735863059382
       30       0.90397748374350E-15    28.9736033967628
       35       0.90435849814660E-15    28.9736053266246
Warmup threshold: 1
Start threshold: 5213459
End threshold: 43707
ROI begin
Time taken: 22938712 ns
