cset: --> last message, executed args into cpuset "/measurement/60_63", new pid is: 3956689


 NAS Parallel Benchmarks (NPB3.4-OMP) - CG Benchmark

 Size:      150000
 Iterations:                     75
 Number of available threads:     4

 Initialization time =           4.914 seconds

   iteration           ||r||                 zeta
        1       0.35169717100998E-12   109.9994423237398
        5       0.88631213942737E-15    28.6471670038893
       10       0.90729612428943E-15    28.9496695449003
       15       0.90185535567145E-15    28.9716336228371
       20       0.90814948680236E-15    28.9734210663747
       25       0.90317162835520E-15    28.9735863059382
       30       0.90499637233043E-15    28.9736033967627
       35       0.90482538966259E-15    28.9736053266246
       40       0.90128925638035E-15    28.9736055590700
       45       0.90393310143553E-15    28.9736055884132
       50       0.90393807838005E-15    28.9736055922485
Warmup threshold: 1
Start threshold: 203833041
End threshold: 80427
ROI begin
Time taken: 23521450 ns
