cset: --> last message, executed args into cpuset "/measurement/18_23", new pid is: 225885


 NAS Parallel Benchmarks (NPB3.4-OMP) - CG Benchmark

 Size:      150000
 Iterations:                     75
 Number of available threads:     4

 Initialization time =           3.100 seconds

   iteration           ||r||                 zeta
        1       0.35171027836595E-12   109.9994423237398
        5       0.88595625470305E-15    28.6471670038893
       10       0.90762962697513E-15    28.9496695449003
       15       0.90235464155682E-15    28.9716336228371
       20       0.90915397733004E-15    28.9734210663747
       25       0.90227518007717E-15    28.9735863059382
       30       0.90542971681146E-15    28.9736033967627
       35       0.90479109254330E-15    28.9736053266246
       40       0.90267548958186E-15    28.9736055590700
       45       0.90422277722237E-15    28.9736055884132
       50       0.90283075334228E-15    28.9736055922485
       55       0.89830146751965E-15    28.9736055927632
Warmup threshold: 1
Start threshold: 8275022
End threshold: 82445
ROI begin
Time taken: 10374995 ns
