

 NAS Parallel Benchmarks (NPB3.4-OMP) - MG Benchmark

 No input file. Using compiled defaults 
 Size:  256x 256x 256  (class A)
 Iterations:                      4
 Number of available threads:     1

 Initialization time:           0.416 seconds

  iter   1
  iter   4
Warmup threshold: 68454
Start threshold: 9998
End threshold: 7760
ROI begin
Warm up marker met
Warmup event
Start marker met
Start event
PAPI_hl_region_begin failed due to -1.
End marker met
PAPI_hl_region_end failed due to -14.
End event
