cset: --> last message, executed args into cpuset "/measurement/56_59", new pid is: 3955398


 NAS Parallel Benchmarks (NPB3.4-OMP) - CG Benchmark

 Size:      150000
 Iterations:                     75
 Number of available threads:     4

 Initialization time =           4.955 seconds

   iteration           ||r||                 zeta
        1       0.35171027836595E-12   109.9994423237398
        5       0.88620840532573E-15    28.6471670038893
       10       0.90715213103286E-15    28.9496695449003
       15       0.90165150496712E-15    28.9716336228371
       20       0.90839891234096E-15    28.9734210663747
       25       0.90276715281335E-15    28.9735863059382
       30       0.90451991122566E-15    28.9736033967627
       35       0.90436096697013E-15    28.9736053266246
       40       0.90197717220650E-15    28.9736055590700
Warmup threshold: 1
Start threshold: 152665130
End threshold: 80358
ROI begin
Time taken: 23422864 ns
