cset: --> last message, executed args into cpuset "/measurement/48_51", new pid is: 3950638


 NAS Parallel Benchmarks (NPB3.4-OMP) - CG Benchmark

 Size:      150000
 Iterations:                     75
 Number of available threads:     4

 Initialization time =           4.965 seconds

   iteration           ||r||                 zeta
        1       0.35165101100351E-12   109.9994423237398
        5       0.88538930047961E-15    28.6471670038893
       10       0.90661196681772E-15    28.9496695449003
       15       0.90129874750397E-15    28.9716336228371
       20       0.90830536420436E-15    28.9734210663747
       25       0.90356319471698E-15    28.9735863059382
       30       0.90394846944641E-15    28.9736033967628
       35       0.90480466815124E-15    28.9736053266246
       40       0.90130134494139E-15    28.9736055590700
       45       0.90386686933732E-15    28.9736055884132
       50       0.90392205306530E-15    28.9736055922485
Warmup threshold: 1
Start threshold: 194278755
End threshold: 82463
ROI begin
Time taken: 25427965 ns
