cset: --> last message, executed args into cpuset "/measurement/56_59", new pid is: 3954999


 NAS Parallel Benchmarks (NPB3.4-OMP) - CG Benchmark

 Size:      150000
 Iterations:                     75
 Number of available threads:     4

 Initialization time =           5.197 seconds

   iteration           ||r||                 zeta
        1       0.35180671105893E-12   109.9994423237398
        5       0.88623467490344E-15    28.6471670038893
       10       0.90703730066072E-15    28.9496695449003
       15       0.90221960694734E-15    28.9716336228371
       20       0.90942786577215E-15    28.9734210663747
       25       0.90297876343168E-15    28.9735863059382
       30       0.90429150588756E-15    28.9736033967627
       35       0.90410650499665E-15    28.9736053266246
       40       0.90214867148260E-15    28.9736055590700
       45       0.90412788811090E-15    28.9736055884132
Warmup threshold: 1
Start threshold: 181391608
End threshold: 82444
ROI begin
Time taken: 24548011 ns
