cset: --> last message, executed args into cpuset "/measurement/6_11", new pid is: 221972


 NAS Parallel Benchmarks (NPB3.4-OMP) - CG Benchmark

 Size:      150000
 Iterations:                     75
 Number of available threads:     4

 Initialization time =           3.151 seconds

   iteration           ||r||                 zeta
        1       0.35170971763345E-12   109.9994423237398
        5       0.88707112724564E-15    28.6471670038893
       10       0.90683174603353E-15    28.9496695449003
       15       0.90264420776101E-15    28.9716336228371
       20       0.90814419275553E-15    28.9734210663747
       25       0.90280569663266E-15    28.9735863059382
       30       0.90460824614601E-15    28.9736033967627
       35       0.90518752214350E-15    28.9736053266246
       40       0.90221415392234E-15    28.9736055590700
       45       0.90456363772595E-15    28.9736055884132
       50       0.90341561461453E-15    28.9736055922485
       55       0.89756266276208E-15    28.9736055927632
Warmup threshold: 1
Start threshold: 8275022
End threshold: 82445
ROI begin
Time taken: 10244220 ns
