cset: --> last message, executed args into cpuset "/measurement/52_55", new pid is: 3952921


 NAS Parallel Benchmarks (NPB3.4-OMP) - CG Benchmark

 Size:      150000
 Iterations:                     75
 Number of available threads:     4

 Initialization time =           4.991 seconds

   iteration           ||r||                 zeta
        1       0.35165101100351E-12   109.9994423237398
        5       0.88576269862785E-15    28.6471670038893
       10       0.90653453989658E-15    28.9496695449003
       15       0.90240658264749E-15    28.9716336228371
       20       0.90894705648187E-15    28.9734210663747
       25       0.90185407302593E-15    28.9735863059382
       30       0.90431185000692E-15    28.9736033967627
       35       0.90484079164154E-15    28.9736053266246
       40       0.90149638813157E-15    28.9736055590699
       45       0.90442662106770E-15    28.9736055884132
       50       0.90403408086634E-15    28.9736055922485
Warmup threshold: 1
Start threshold: 194278755
End threshold: 82463
ROI begin
Time taken: 23672256 ns
