cset: --> last message, executed args into cpuset "/measurement/28_29", new pid is: 4192525


 NAS Parallel Benchmarks (NPB3.4-OMP) - IS Benchmark

 Size:  8388608  (class A)
 Iterations:  10
 Number of available threads:  1


   iteration
Warmup threshold: 6577
Start threshold: 199
End threshold: 1998568
ROI begin
        1
        2
        3
        4
        5
        6
        7
        8
        9
        10
ROI end


 IS Benchmark Completed
 Class           =                        A
 Size            =                  8388608
 Iterations      =                       10
 Time in seconds =                     2.91
 Total threads   =                        1
 Avail threads   =                        1
 Mop/s total     =                    28.79
 Mop/s/thread    =                    28.79
 Operation type  =              keys ranked
 Verification    =               SUCCESSFUL
 Version         =                    3.4.3
 Compile date    =              15 Apr 2025

 Compile options:
    CC           = gcc
    CLINK        = $(CC)
    C_LIB        = -lm
    C_INC        = (none)
    CFLAGS       = -O3 -fopenmp
    CLINKFLAGS   = $(CFLAGS)


 Please send all errors/feedbacks to:

 NPB Development Team
 npb@nas.nasa.gov


