cset: --> last message, executed args into cpuset "/measurement/18_23", new pid is: 223624


 NAS Parallel Benchmarks (NPB3.4-OMP) - CG Benchmark

 Size:      150000
 Iterations:                     75
 Number of available threads:     4

 Initialization time =           3.321 seconds

   iteration           ||r||                 zeta
        1       0.35179751395012E-12   109.9994423237398
        5       0.88712906714515E-15    28.6471670038893
       10       0.90662566021292E-15    28.9496695449003
       15       0.90193922507977E-15    28.9716336228371
       20       0.90892459773305E-15    28.9734210663747
       25       0.90187599953701E-15    28.9735863059382
       30       0.90498109558452E-15    28.9736033967628
       35       0.90513821708041E-15    28.9736053266246
       40       0.90095054895056E-15    28.9736055590700
Warmup threshold: 1
Start threshold: 159277888
End threshold: 80382
ROI begin
Time taken: 12375964 ns
