cset: --> last message, executed args into cpuset "/measurement/20_23", new pid is: 3955351


 NAS Parallel Benchmarks (NPB3.4-OMP) - CG Benchmark

 Size:      150000
 Iterations:                     75
 Number of available threads:     4

 Initialization time =           5.153 seconds

   iteration           ||r||                 zeta
        1       0.35165355223967E-12   109.9994423237398
        5       0.88501929112697E-15    28.6471670038893
       10       0.90772184008912E-15    28.9496695449003
       15       0.90170556789689E-15    28.9716336228371
       20       0.90841052213137E-15    28.9734210663747
       25       0.90347927236117E-15    28.9735863059382
       30       0.90416025455867E-15    28.9736033967627
       35       0.90525468750922E-15    28.9736053266246
       40       0.90212633137301E-15    28.9736055590700
       45       0.90437188040542E-15    28.9736055884132
Warmup threshold: 1
Start threshold: 183180665
End threshold: 82465
ROI begin
Time taken: 24477906 ns
