cset: --> last message, executed args into cpuset "/measurement2/82_83/82", new pid is: 272845


 NAS Parallel Benchmarks (NPB3.4-OMP) - BT Benchmark

 No input file inputbt.data. Using compiled defaults
 Size:  408x 408x 408
 Iterations:  250       dt:   0.0000200
 Number of available threads:     1

 Time step    1
 Time step   20
 Time step   40
 Time step   60
 Time step   80
 Time step  100
 Time step  120
 Time step  140
 Time step  160
 Time step  180
 Time step  200
 Time step  220
 Time step  240
 Verification being performed for class D
 accuracy setting for epsilon =  0.1000000000000E-07
 Comparison of RMS-norms of residual
           1 0.2533188551738E+05 0.2533188551738E+05 0.1877017128317E-12
           2 0.2346393716980E+04 0.2346393716980E+04 0.8004225998262E-13
           3 0.6294554366904E+04 0.6294554366904E+04 0.1011423929529E-14
           4 0.5352565376031E+04 0.5352565376030E+04 0.9736274617956E-13
           5 0.3905864038618E+05 0.3905864038618E+05 0.2589332599322E-13
 Comparison of RMS-norms of solution error
           1 0.3100009377557E+03 0.3100009377557E+03 0.1245050472618E-12
           2 0.2424086324914E+02 0.2424086324913E+02 0.2195451967262E-12
           3 0.7782212022645E+02 0.7782212022645E+02 0.2246064647023E-13
           4 0.6835623860116E+02 0.6835623860116E+02 0.2432360287376E-13
           5 0.6065737200368E+03 0.6065737200368E+03 0.5435313441748E-14
 Verification Successful


 BT Benchmark Completed.
 Class           =                        D
 Size            =            408x 408x 408
 Iterations      =                      250
 Time in seconds =                 51356.61
 Total threads   =                        1
 Avail threads   =                        1
 Mop/s total     =                  1135.90
 Mop/s/thread    =                  1135.90
 Operation type  =           floating point
 Verification    =               SUCCESSFUL
 Version         =                    3.4.3
 Compile date    =              22 May 2025

 Compile options:
    FC           = gfortran
    FLINK        = $(FC)
    F_LIB        = (none)
    F_INC        = (none)
    FFLAGS       = -O3 -fopenmp
    FLINKFLAGS   = $(FFLAGS)
    RAND         = (none)


 Please send all errors/feedbacks to:

 NPB Development Team
 npb@nas.nasa.gov


ROI begin
file_line_index: 2763457
region: 2763457
ROI end
Total IR instructions: 276346510070555
