cset: --> last message, executed args into cpuset "/measurement/12_17", new pid is: 221816


 NAS Parallel Benchmarks (NPB3.4-OMP) - CG Benchmark

 Size:      150000
 Iterations:                     75
 Number of available threads:     4

 Initialization time =           3.108 seconds

   iteration           ||r||                 zeta
        1       0.35170971763345E-12   109.9994423237398
        5       0.88524546358494E-15    28.6471670038893
       10       0.90647046655422E-15    28.9496695449003
       15       0.90196085262073E-15    28.9716336228371
       20       0.90943735476320E-15    28.9734210663747
       25       0.90182637859829E-15    28.9735863059382
       30       0.90447622769272E-15    28.9736033967627
       35       0.90554914796074E-15    28.9736053266246
       40       0.90257915740849E-15    28.9736055590700
       45       0.90368556841324E-15    28.9736055884132
Warmup threshold: 1
Start threshold: 182205754
End threshold: 80380
ROI begin
Time taken: 11171302 ns
