cset: --> last message, executed args into cpuset "/measurement/44_47", new pid is: 3955437


 NAS Parallel Benchmarks (NPB3.4-OMP) - CG Benchmark

 Size:      150000
 Iterations:                     75
 Number of available threads:     4

 Initialization time =           4.951 seconds

   iteration           ||r||                 zeta
        1       0.35170971763345E-12   109.9994423237398
        5       0.88679152480242E-15    28.6471670038894
       10       0.90594053903084E-15    28.9496695449003
       15       0.90189244407050E-15    28.9716336228371
       20       0.90880040159511E-15    28.9734210663747
       25       0.90283599635715E-15    28.9735863059382
       30       0.90417349308678E-15    28.9736033967627
       35       0.90441990843522E-15    28.9736053266246
       40       0.90153219923062E-15    28.9736055590700
       45       0.90511405218712E-15    28.9736055884132
       50       0.90374015676079E-15    28.9736055922485
       55       0.89753016767206E-15    28.9736055927632
Warmup threshold: 1
Start threshold: 8275022
End threshold: 82445
ROI begin
Time taken: 24374342 ns
