cset: --> last message, executed args into cpuset "/measurement/52_55", new pid is: 3949232


 NAS Parallel Benchmarks (NPB3.4-OMP) - CG Benchmark

 Size:      150000
 Iterations:                     75
 Number of available threads:     4

 Initialization time =           5.003 seconds

   iteration           ||r||                 zeta
        1       0.35170984029376E-12   109.9994423237398
        5       0.88677577039559E-15    28.6471670038893
       10       0.90660790365309E-15    28.9496695449003
       15       0.90147771923006E-15    28.9716336228371
       20       0.90757485567575E-15    28.9734210663747
       25       0.90248485826529E-15    28.9735863059382
       30       0.90552913304877E-15    28.9736033967627
       35       0.90489260504668E-15    28.9736053266246
       40       0.90075883401020E-15    28.9736055590700
Warmup threshold: 1
Start threshold: 155930275
End threshold: 80414
ROI begin
Time taken: 25196913 ns
