cset: --> last message, executed args into cpuset "/measurement/12_17", new pid is: 213787


 NAS Parallel Benchmarks (NPB3.4-OMP) - CG Benchmark

 Size:      150000
 Iterations:                     75
 Number of available threads:     4

 Initialization time =           3.286 seconds

   iteration           ||r||                 zeta
        1       0.35169683806276E-12   109.9994423237398
        5       0.88572770234899E-15    28.6471670038893
       10       0.90666179947533E-15    28.9496695449003
       15       0.90290388060070E-15    28.9716336228371
       20       0.90887636113635E-15    28.9734210663747
       25       0.90320908812047E-15    28.9735863059382
       30       0.90477796577039E-15    28.9736033967628
       35       0.90454085855909E-15    28.9736053266246
       40       0.90187656813985E-15    28.9736055590700
       45       0.90579095110194E-15    28.9736055884132
       50       0.90353643735143E-15    28.9736055922485
       55       0.89693474267521E-15    28.9736055927632
Warmup threshold: 1
Start threshold: 212152421
End threshold: 82411
ROI begin
Time taken: 11490958 ns
