cset: --> last message, executed args into cpuset "/measurement/52_55", new pid is: 4118378


 NAS Parallel Benchmarks (NPB3.4-OMP) - SP Benchmark

 No input file inputsp.data. Using compiled defaults
 Size:   64x  64x  64
 Iterations:  400    dt:    0.0015000
 Number of available threads:     4

 Time step    1
 Time step   20
 Time step   40
 Time step   60
 Time step   80
 Time step  100
 Time step  120
 Time step  140
 Time step  160
 Time step  180
 Time step  200
 Time step  220
 Time step  240
 Time step  260
Warmup threshold: 1052011
Start threshold: 2952
End threshold: 3037
ROI begin
Time taken: 19618868 ns
