cset: --> last message, executed args into cpuset "/measurement/18_23", new pid is: 228924


 NAS Parallel Benchmarks (NPB3.4-OMP) - CG Benchmark

 Size:      150000
 Iterations:                     75
 Number of available threads:     4

 Initialization time =           3.265 seconds

   iteration           ||r||                 zeta
        1       0.35171080405185E-12   109.9994423237398
        5       0.88662796889696E-15    28.6471670038894
       10       0.90751265016991E-15    28.9496695449003
       15       0.90234006955607E-15    28.9716336228371
       20       0.90980560035000E-15    28.9734210663747
       25       0.90307360040906E-15    28.9735863059382
       30       0.90419912291134E-15    28.9736033967627
       35       0.90459591508139E-15    28.9736053266246
       40       0.90205551318499E-15    28.9736055590700
       45       0.90454422397629E-15    28.9736055884132
       50       0.90407773009767E-15    28.9736055922485
Warmup threshold: 1
Start threshold: 194278755
End threshold: 82463
ROI begin
Time taken: 12012205 ns
