cset: --> last message, executed args into cpuset "/measurement/14_15/14", new pid is: 296429


 NAS Parallel Benchmarks (NPB3.4-OMP) - SP Benchmark

 No input file inputsp.data. Using compiled defaults
 Size:  408x 408x 408
 Iterations:  500    dt:    0.0003000
 Number of available threads:     1

 Time step    1
 Time step   20
 Time step   40
 Time step   60
 Time step   80
 Time step  100
 Time step  120
 Time step  140
 Time step  160
 Time step  180
 Time step  200
 Time step  220
 Time step  240
 Time step  260
 Time step  280
 Time step  300
 Time step  320
 Time step  340
 Time step  360
 Time step  380
 Time step  400
 Time step  420
 Time step  440
 Time step  460
 Time step  480
 Time step  500
 Verification being performed for class D
 accuracy setting for epsilon =  0.1000000000000E-07
 Comparison of RMS-norms of residual
           1 0.1044696216886E+05 0.1044696216887E+05 0.5301850092175E-12
           2 0.3204427762578E+04 0.3204427762578E+04 0.2114491581722E-13
           3 0.4648680733027E+04 0.4648680733032E+04 0.1108137617247E-11
           4 0.4238923283690E+04 0.4238923283697E+04 0.1561552780387E-11
           5 0.7588412036135E+04 0.7588412036136E+04 0.1553296167742E-12
 Comparison of RMS-norms of solution error
           1 0.5089471423669E+01 0.5089471423669E+01 0.4275566060054E-13
           2 0.5323514855894E+00 0.5323514855894E+00 0.2294058268168E-13
           3 0.1187051008970E+01 0.1187051008971E+01 0.7650576321321E-12
           4 0.1083734951938E+01 0.1083734951938E+01 0.1737452729006E-12
           5 0.1164108338568E+02 0.1164108338568E+02 0.1258898629923E-12
 Verification Successful


 SP Benchmark Completed.
 Class           =                        D
 Size            =            408x 408x 408
 Iterations      =                      500
 Time in seconds =                 54050.81
 Total threads   =                        1
 Avail threads   =                        1
 Mop/s total     =                   546.45
 Mop/s/thread    =                   546.45
 Operation type  =           floating point
 Verification    =               SUCCESSFUL
 Version         =                    3.4.3
 Compile date    =              22 May 2025

 Compile options:
    FC           = gfortran
    FLINK        = $(FC)
    F_LIB        = (none)
    F_INC        = (none)
    FFLAGS       = -O3 -fopenmp
    FLINKFLAGS   = $(FFLAGS)
    RAND         = (none)


 Please send all errors/feedbacks to:

 NPB Development Team
 npb@nas.nasa.gov


ROI started
PAPI initialized
PAPI region begin
PAPI region end
PAPI ended
