cset: --> last message, executed args into cpuset "/measurement2/138_153", new pid is: 303664


 NAS Parallel Benchmarks (NPB3.4-OMP) - LU Benchmark

 Size:  408x 408x 408
 Iterations:                    300
 Number of available threads:    16

 Time step    1
 Time step   20
 Time step   40
 Time step   60
 Time step   80
 Time step  100
 Time step  120
 Time step  140
 Time step  160
 Time step  180
 Time step  200
 Time step  220
 Time step  240
 Time step  260
 Time step  280
 Time step  300

 Verification being performed for class D
 Accuracy setting for epsilon =  0.1000000000000E-07
 Comparison of RMS-norms of residual
           1   0.4868417937025E+05 0.4868417937025E+05 0.2645303904409E-13
           2   0.4696371050071E+04 0.4696371050071E+04 0.8811486249589E-13
           3   0.1218114549776E+05 0.1218114549776E+05 0.2934300537355E-12
           4   0.1033801493461E+05 0.1033801493461E+05 0.1810541102995E-12
           5   0.7142398413817E+05 0.7142398413817E+05 0.1629919182354E-13
 Comparison of RMS-norms of solution error
           1   0.3752393004482E+03 0.3752393004482E+03 0.6680522985645E-13
           2   0.3084128893659E+02 0.3084128893659E+02 0.1600036661892E-12
           3   0.9434276905469E+02 0.9434276905469E+02 0.4940665186416E-13
           4   0.8230686681928E+02 0.8230686681928E+02 0.3366811028719E-13
           5   0.7002620636210E+03 0.7002620636210E+03 0.1396201301196E-13
 Comparison of surface integral
               0.8334101392503E+02 0.8334101392503E+02 0.3001055917229E-13
 Verification Successful


 LU Benchmark Completed.
 Class           =                        D
 Size            =            408x 408x 408
 Iterations      =                      300
 Time in seconds =                  3874.35
 Total threads   =                       16
 Avail threads   =                       16
 Mop/s total     =                 10297.96
 Mop/s/thread    =                   643.62
 Operation type  =           floating point
 Verification    =               SUCCESSFUL
 Version         =                    3.4.3
 Compile date    =              22 Apr 2025

 Compile options:
    FC           = gfortran
    FLINK        = $(FC)
    F_LIB        = (none)
    F_INC        = (none)
    FFLAGS       = -O3 -fopenmp
    FLINKFLAGS   = $(FFLAGS)
    RAND         = (none)


 Please send all errors/feedbacks to:

 NPB Development Team
 npb@nas.nasa.gov


ROI started
PAPI initialized
PAPI region begin
PAPI region end
PAPI ended
