cset: --> last message, executed args into cpuset "/measurement/6_11", new pid is: 227071


 NAS Parallel Benchmarks (NPB3.4-OMP) - CG Benchmark

 Size:      150000
 Iterations:                     75
 Number of available threads:     4

 Initialization time =           3.174 seconds

   iteration           ||r||                 zeta
        1       0.35170367217941E-12   109.9994423237398
        5       0.88682898430425E-15    28.6471670038893
       10       0.90770674357084E-15    28.9496695449003
       15       0.90266486858354E-15    28.9716336228371
       20       0.90870928712066E-15    28.9734210663747
       25       0.90277782428485E-15    28.9735863059382
       30       0.90458043624273E-15    28.9736033967628
       35       0.90474389665937E-15    28.9736053266246
       40       0.90191127911615E-15    28.9736055590699
       45       0.90397411865456E-15    28.9736055884132
       50       0.90369415066216E-15    28.9736055922485
       55       0.89889433417666E-15    28.9736055927632
Warmup threshold: 1
Start threshold: 212152421
End threshold: 82411
ROI begin
Time taken: 10615023 ns
