cset: --> last message, executed args into cpuset "/measurement/48_51", new pid is: 4120723


 NAS Parallel Benchmarks (NPB3.4-OMP) - SP Benchmark

 No input file inputsp.data. Using compiled defaults
 Size:   64x  64x  64
 Iterations:  400    dt:    0.0015000
 Number of available threads:     4

 Time step    1
 Time step   20
 Time step   40
 Time step   60
 Time step   80
 Time step  100
 Time step  120
 Time step  140
 Time step  160
 Time step  180
 Time step  200
Warmup threshold: 833228
Start threshold: 556
End threshold: 3649
ROI begin
Time taken: 20252826 ns
