cset: --> last message, executed args into cpuset "/measurement/6_11", new pid is: 227722


 NAS Parallel Benchmarks (NPB3.4-OMP) - CG Benchmark

 Size:      150000
 Iterations:                     75
 Number of available threads:     4

 Initialization time =           3.314 seconds

   iteration           ||r||                 zeta
        1       0.35171080405185E-12   109.9994423237398
        5       0.88692911376478E-15    28.6471670038893
       10       0.90724680749200E-15    28.9496695449003
       15       0.90214758022443E-15    28.9716336228371
       20       0.90929925982134E-15    28.9734210663748
       25       0.90338462232424E-15    28.9735863059382
       30       0.90561291412116E-15    28.9736033967627
       35       0.90513621384818E-15    28.9736053266246
Warmup threshold: 1
Start threshold: 5213459
End threshold: 43707
ROI begin
Time taken: 11130456 ns
