cset: --> last message, executed args into cpuset "/measurement/56_59", new pid is: 3957355


 NAS Parallel Benchmarks (NPB3.4-OMP) - CG Benchmark

 Size:      150000
 Iterations:                     75
 Number of available threads:     4

 Initialization time =           4.953 seconds

   iteration           ||r||                 zeta
        1       0.35182598041206E-12   109.9994423237398
        5       0.88624880086287E-15    28.6471670038893
       10       0.90722235783055E-15    28.9496695449003
       15       0.90143389519999E-15    28.9716336228371
       20       0.90818810393404E-15    28.9734210663747
       25       0.90248522052544E-15    28.9735863059382
       30       0.90446512625399E-15    28.9736033967627
       35       0.90443557685302E-15    28.9736053266246
       40       0.90201763817837E-15    28.9736055590700
       45       0.90335489525453E-15    28.9736055884132
       50       0.90368259247206E-15    28.9736055922486
Warmup threshold: 1
Start threshold: 194278755
End threshold: 82463
ROI begin
Time taken: 22757094 ns
