cset: --> last message, executed args into cpuset "/measurement/44_47", new pid is: 3950539


 NAS Parallel Benchmarks (NPB3.4-OMP) - CG Benchmark

 Size:      150000
 Iterations:                     75
 Number of available threads:     4

 Initialization time =           5.025 seconds

   iteration           ||r||                 zeta
        1       0.35170367217941E-12   109.9994423237398
        5       0.88616412795097E-15    28.6471670038893
       10       0.90691637847379E-15    28.9496695449003
       15       0.90148147015574E-15    28.9716336228371
       20       0.90927025252852E-15    28.9734210663747
       25       0.90291820631535E-15    28.9735863059382
       30       0.90432849315641E-15    28.9736033967627
       35       0.90508567581612E-15    28.9736053266246
       40       0.90160093579988E-15    28.9736055590700
       45       0.90390289335048E-15    28.9736055884132
Warmup threshold: 1
Start threshold: 169644218
End threshold: 80442
ROI begin
Time taken: 24426744 ns
