cset: --> last message, executed args into cpuset "/measurement/28_31", new pid is: 3955823


 NAS Parallel Benchmarks (NPB3.4-OMP) - CG Benchmark

 Size:      150000
 Iterations:                     75
 Number of available threads:     4

 Initialization time =           4.950 seconds

   iteration           ||r||                 zeta
        1       0.35165101100351E-12   109.9994423237398
        5       0.88634963245151E-15    28.6471670038893
       10       0.90746509711638E-15    28.9496695449003
       15       0.90183906239407E-15    28.9716336228371
       20       0.90877066048720E-15    28.9734210663747
       25       0.90369319378589E-15    28.9735863059382
       30       0.90445795333783E-15    28.9736033967627
       35       0.90521141359000E-15    28.9736053266246
       40       0.90218928082128E-15    28.9736055590700
       45       0.90406142201886E-15    28.9736055884132
       50       0.90279494451869E-15    28.9736055922485
Warmup threshold: 1
Start threshold: 1325
End threshold: 82464
ROI begin
Time taken: 32979341 ns
