cset: --> last message, executed args into cpuset "/measurement/52_55", new pid is: 3952118


 NAS Parallel Benchmarks (NPB3.4-OMP) - CG Benchmark

 Size:      150000
 Iterations:                     75
 Number of available threads:     4

 Initialization time =           5.065 seconds

   iteration           ||r||                 zeta
        1       0.35170367217941E-12   109.9994423237398
        5       0.88673169368550E-15    28.6471670038893
       10       0.90634421443852E-15    28.9496695449003
       15       0.90203802421500E-15    28.9716336228371
       20       0.90827674942582E-15    28.9734210663747
       25       0.90273571669048E-15    28.9735863059382
       30       0.90433863439229E-15    28.9736033967628
       35       0.90545933235329E-15    28.9736053266246
       40       0.90150929008679E-15    28.9736055590700
       45       0.90449293564133E-15    28.9736055884132
Warmup threshold: 1
Start threshold: 169644218
End threshold: 80442
ROI begin
Time taken: 25846731 ns
