cset: --> last message, executed args into cpuset "/measurement/12_17", new pid is: 226697


 NAS Parallel Benchmarks (NPB3.4-OMP) - CG Benchmark

 Size:      150000
 Iterations:                     75
 Number of available threads:     4

 Initialization time =           3.146 seconds

   iteration           ||r||                 zeta
        1       0.35169683806276E-12   109.9994423237398
        5       0.88572798105064E-15    28.6471670038893
       10       0.90729293872329E-15    28.9496695449003
       15       0.90246978241560E-15    28.9716336228371
       20       0.90826106921416E-15    28.9734210663747
       25       0.90298565194152E-15    28.9735863059382
       30       0.90433081826596E-15    28.9736033967628
       35       0.90429922039315E-15    28.9736053266246
       40       0.90177247852116E-15    28.9736055590700
       45       0.90356148274091E-15    28.9736055884132
       50       0.90294919915529E-15    28.9736055922485
       55       0.89785581599883E-15    28.9736055927632
       60       0.90248950454597E-15    28.9736055928339
Warmup threshold: 1
Start threshold: 241204593
End threshold: 82441
ROI begin
Time taken: 11416422 ns
