cset: --> last message, executed args into cpuset "/measurement/6_11", new pid is: 223494


 NAS Parallel Benchmarks (NPB3.4-OMP) - CG Benchmark

 Size:      150000
 Iterations:                     75
 Number of available threads:     4

 Initialization time =           3.159 seconds

   iteration           ||r||                 zeta
        1       0.35170971763345E-12   109.9994423237398
        5       0.88612059123909E-15    28.6471670038893
       10       0.90759826011038E-15    28.9496695449003
       15       0.90184104851069E-15    28.9716336228371
       20       0.90965345051796E-15    28.9734210663747
       25       0.90334708688231E-15    28.9735863059382
       30       0.90486173804210E-15    28.9736033967627
       35       0.90508977138373E-15    28.9736053266246
       40       0.90183356714994E-15    28.9736055590700
       45       0.90393927354163E-15    28.9736055884132
       50       0.90377935208316E-15    28.9736055922485
Warmup threshold: 1
Start threshold: 1325
End threshold: 82464
ROI begin
Time taken: 10514780 ns
