cset: --> last message, executed args into cpuset "/measurement/20_23", new pid is: 3950863


 NAS Parallel Benchmarks (NPB3.4-OMP) - CG Benchmark

 Size:      150000
 Iterations:                     75
 Number of available threads:     4

 Initialization time =           4.974 seconds

   iteration           ||r||                 zeta
        1       0.35165626871319E-12   109.9994423237398
        5       0.88608076030470E-15    28.6471670038893
       10       0.90626745046916E-15    28.9496695449003
       15       0.90228503131288E-15    28.9716336228371
       20       0.90844110559626E-15    28.9734210663748
       25       0.90371727879326E-15    28.9735863059382
       30       0.90429416500476E-15    28.9736033967627
       35       0.90489152521659E-15    28.9736053266246
       40       0.90154913653823E-15    28.9736055590700
       45       0.90380874288704E-15    28.9736055884132
       50       0.90374771663842E-15    28.9736055922485
       55       0.89797103340729E-15    28.9736055927632
Warmup threshold: 1
Start threshold: 216312142
End threshold: 82419
ROI begin
Time taken: 29345143 ns
