

 NAS Parallel Benchmarks (NPB3.4-OMP) - IS Benchmark

 Size:  8388608  (class A)
 Iterations:  10
 Number of available threads:  1


   iteration
ROI started
PAPI initialized
PAPI region begin
PAPI_hl_region_begin failed due to -1.
        1
        2
        3
        4
        5
        6
        7
        8
        9
        10
PAPI region end
PAPI_hl_region_end failed due to -14.
PAPI ended


 IS Benchmark Completed
 Class           =                        A
 Size            =                  8388608
 Iterations      =                       10
 Time in seconds =                     0.56
 Total threads   =                        1
 Avail threads   =                        1
 Mop/s total     =                   150.94
 Mop/s/thread    =                   150.94
 Operation type  =              keys ranked
 Verification    =               SUCCESSFUL
 Version         =                    3.4.3
 Compile date    =              03 Jun 2025

 Compile options:
    CC           = gcc
    CLINK        = $(CC)
    C_LIB        = -lm
    C_INC        = (none)
    CFLAGS       = -O3 -fopenmp
    CLINKFLAGS   = $(CFLAGS)


 Please send all errors/feedbacks to:

 NPB Development Team
 npb@nas.nasa.gov


