cset: --> last message, executed args into cpuset "/measurement/12_17", new pid is: 221931


 NAS Parallel Benchmarks (NPB3.4-OMP) - CG Benchmark

 Size:      150000
 Iterations:                     75
 Number of available threads:     4

 Initialization time =           3.106 seconds

   iteration           ||r||                 zeta
        1       0.35165767075583E-12   109.9994423237398
        5       0.88638867549981E-15    28.6471670038893
       10       0.90795646915612E-15    28.9496695449003
       15       0.90108657724735E-15    28.9716336228371
       20       0.90847238108995E-15    28.9734210663747
       25       0.90258710347425E-15    28.9735863059382
       30       0.90420808338748E-15    28.9736033967628
       35       0.90483204447991E-15    28.9736053266246
       40       0.90115713446701E-15    28.9736055590700
       45       0.90382552454560E-15    28.9736055884132
       50       0.90364241691666E-15    28.9736055922485
       55       0.89903304222865E-15    28.9736055927632
Warmup threshold: 1
Start threshold: 212152421
End threshold: 82411
ROI begin
Time taken: 11932888 ns
