cset: --> last message, executed args into cpuset "/measurement/18_23", new pid is: 226552


 NAS Parallel Benchmarks (NPB3.4-OMP) - CG Benchmark

 Size:      150000
 Iterations:                     75
 Number of available threads:     4

 Initialization time =           3.292 seconds

   iteration           ||r||                 zeta
        1       0.35170971763345E-12   109.9994423237398
        5       0.88647369825331E-15    28.6471670038893
       10       0.90747600722376E-15    28.9496695449003
       15       0.90224378177717E-15    28.9716336228371
       20       0.90883172050282E-15    28.9734210663747
       25       0.90215653216715E-15    28.9735863059382
       30       0.90387108178378E-15    28.9736033967628
       35       0.90447651726893E-15    28.9736053266246
       40       0.90198367332333E-15    28.9736055590700
Warmup threshold: 1
Start threshold: 152665130
End threshold: 80358
ROI begin
Time taken: 12022732 ns
