cset: --> last message, executed args into cpuset "/measurement/12_17", new pid is: 214043


 NAS Parallel Benchmarks (NPB3.4-OMP) - CG Benchmark

 Size:      150000
 Iterations:                     75
 Number of available threads:     4

 Initialization time =           3.200 seconds

   iteration           ||r||                 zeta
        1       0.35171027836595E-12   109.9994423237398
        5       0.88562453689848E-15    28.6471670038893
       10       0.90681216735805E-15    28.9496695449003
       15       0.90159238659246E-15    28.9716336228371
       20       0.90811469713353E-15    28.9734210663747
       25       0.90204098929244E-15    28.9735863059382
       30       0.90476505480339E-15    28.9736033967627
       35       0.90536782524260E-15    28.9736053266246
       40       0.90173199625170E-15    28.9736055590699
       45       0.90346222852367E-15    28.9736055884132
       50       0.90462505804690E-15    28.9736055922485
       55       0.89748406672090E-15    28.9736055927632
       60       0.90331972695531E-15    28.9736055928339
Warmup threshold: 1
Start threshold: 241204593
End threshold: 82441
ROI begin
Time taken: 12350231 ns
