cset: --> last message, executed args into cpuset "/measurement/18_23", new pid is: 227544


 NAS Parallel Benchmarks (NPB3.4-OMP) - CG Benchmark

 Size:      150000
 Iterations:                     75
 Number of available threads:     4

 Initialization time =           3.306 seconds

   iteration           ||r||                 zeta
        1       0.35165481408805E-12   109.9994423237398
        5       0.88640872683174E-15    28.6471670038893
       10       0.90685549005878E-15    28.9496695449003
       15       0.90177251355374E-15    28.9716336228371
       20       0.90934255573246E-15    28.9734210663747
       25       0.90284339942929E-15    28.9735863059382
       30       0.90384417380915E-15    28.9736033967628
       35       0.90539450495255E-15    28.9736053266246
       40       0.90209779749579E-15    28.9736055590699
Warmup threshold: 1
Start threshold: 159277888
End threshold: 80382
ROI begin
Time taken: 16846934 ns
