cset: --> last message, executed args into cpuset "/measurement/60_63", new pid is: 3955232


 NAS Parallel Benchmarks (NPB3.4-OMP) - CG Benchmark

 Size:      150000
 Iterations:                     75
 Number of available threads:     4

 Initialization time =           5.140 seconds

   iteration           ||r||                 zeta
        1       0.35170971763345E-12   109.9994423237398
        5       0.88663204573295E-15    28.6471670038893
       10       0.90694028391724E-15    28.9496695449003
       15       0.90200511287061E-15    28.9716336228371
       20       0.90792102473654E-15    28.9734210663747
       25       0.90237312174765E-15    28.9735863059382
       30       0.90513825157687E-15    28.9736033967628
       35       0.90592390238414E-15    28.9736053266246
       40       0.90141102308712E-15    28.9736055590700
       45       0.90549923419192E-15    28.9736055884132
       50       0.90305066162280E-15    28.9736055922485
       55       0.89741321170873E-15    28.9736055927632
Warmup threshold: 1
Start threshold: 212152421
End threshold: 82411
ROI begin
Time taken: 25923517 ns
