cset: --> last message, executed args into cpuset "/measurement/44_47", new pid is: 3951972


 NAS Parallel Benchmarks (NPB3.4-OMP) - CG Benchmark

 Size:      150000
 Iterations:                     75
 Number of available threads:     4

 Initialization time =           4.983 seconds

   iteration           ||r||                 zeta
        1       0.35169769671548E-12   109.9994423237398
        5       0.88667985269385E-15    28.6471670038893
       10       0.90716471485420E-15    28.9496695449003
       15       0.90110664273158E-15    28.9716336228371
       20       0.90954760108320E-15    28.9734210663747
       25       0.90230293278926E-15    28.9735863059382
       30       0.90395773799801E-15    28.9736033967627
       35       0.90518497156965E-15    28.9736053266246
       40       0.90199358027875E-15    28.9736055590699
       45       0.90420527532616E-15    28.9736055884132
       50       0.90289808019203E-15    28.9736055922485
Warmup threshold: 1
Start threshold: 1325
End threshold: 82464
ROI begin
Time taken: 26175891 ns
