cset: --> last message, executed args into cpuset "/measurement/52_55", new pid is: 3957662


 NAS Parallel Benchmarks (NPB3.4-OMP) - CG Benchmark

 Size:      150000
 Iterations:                     75
 Number of available threads:     4

 Initialization time =           4.850 seconds

   iteration           ||r||                 zeta
        1       0.35169254476771E-12   109.9994423237398
        5       0.88663303345137E-15    28.6471670038893
       10       0.90746205625275E-15    28.9496695449003
       15       0.90237394080101E-15    28.9716336228371
       20       0.90968577704631E-15    28.9734210663747
       25       0.90310249516111E-15    28.9735863059382
       30       0.90411824791525E-15    28.9736033967627
       35       0.90390360251018E-15    28.9736053266246
       40       0.90200998072206E-15    28.9736055590700
       45       0.90444056402945E-15    28.9736055884132
       50       0.90443620192697E-15    28.9736055922485
Warmup threshold: 1
Start threshold: 203833041
End threshold: 80427
ROI begin
Time taken: 24544401 ns
