cset: --> last message, executed args into cpuset "/measurement2/152_155", new pid is: 3942248


 NAS Parallel Benchmarks (NPB3.4-OMP) - CG Benchmark

 Size:     1500000
 Iterations:                    100
 Number of available threads:     4

 Initialization time =         679.376 seconds

   iteration           ||r||                 zeta
        1       0.13903515981688E-11   499.9996989885352
        5       0.96062594663968E-15    50.6504113318739
       10       0.10547938401506E-14    51.8233647190037
       15       0.10953486610665E-14    52.2602520412809
       20       0.11142371112043E-14    52.4207216938464
       25       0.11208998807804E-14    52.4796792873361
       30       0.11221566800458E-14    52.5014686735313
       35       0.11250621306587E-14    52.5095881341492
       40       0.11268534019140E-14    52.5126420639697
       45       0.11281489099613E-14    52.5138021256251
       50       0.11288082859483E-14    52.5142472814440
       55       0.11283457590900E-14    52.5144198604528
       60       0.11268452143407E-14    52.5144874496571
       65       0.11267686558098E-14    52.5145141852292
       70       0.11281499927114E-14    52.5145248630604
       75       0.11265924703609E-14    52.5145291671041
       80       0.11260107007724E-14    52.5145309171546
       85       0.11262665669022E-14    52.5145316345662
       90       0.11263617581137E-14    52.5145319309025
       95       0.11269613470530E-14    52.5145320541807
      100       0.11250248195630E-14    52.5145321057973
 Benchmark completed 
 VERIFICATION SUCCESSFUL 
 Zeta is     0.5251453210580E+02
 Error is    0.6372819391570E-13


 CG Benchmark Completed.
 Class           =                        D
 Size            =                  1500000
 Iterations      =                      100
 Time in seconds =                114926.99
 Total threads   =                        4
 Avail threads   =                        4
 Mop/s total     =                    31.70
 Mop/s/thread    =                     7.92
 Operation type  =           floating point
 Verification    =               SUCCESSFUL
 Version         =                    3.4.3
 Compile date    =              14 Mar 2025

 Compile options:
    FC           = gfortran
    FLINK        = $(FC)
    F_LIB        = (none)
    F_INC        = (none)
    FFLAGS       = -O3 -fopenmp
    FLINKFLAGS   = $(FFLAGS)
    RAND         = randi8


 Please send all errors/feedbacks to:

 NPB Development Team
 npb@nas.nasa.gov


ROI begin
file_line_index: 91270
region: 91270
ROI end
Total IR instructions: 36507792926889
