cset: --> last message, executed args into cpuset "/measurement/56_59", new pid is: 3948349


 NAS Parallel Benchmarks (NPB3.4-OMP) - CG Benchmark

 Size:      150000
 Iterations:                     75
 Number of available threads:     4

 Initialization time =           4.963 seconds

   iteration           ||r||                 zeta
        1       0.35170367217941E-12   109.9994423237398
        5       0.88684484380411E-15    28.6471670038893
       10       0.90697457347862E-15    28.9496695449003
       15       0.90203718164417E-15    28.9716336228371
       20       0.90861713540848E-15    28.9734210663747
       25       0.90303876163349E-15    28.9735863059382
       30       0.90432060057538E-15    28.9736033967627
       35       0.90497440127185E-15    28.9736053266246
       40       0.90298142275337E-15    28.9736055590700
       45       0.90345042544017E-15    28.9736055884132
Warmup threshold: 1
Start threshold: 182205754
End threshold: 80380
ROI begin
Time taken: 23978065 ns
