cset: --> last message, executed args into cpuset "/measurement/44_47", new pid is: 3949244


 NAS Parallel Benchmarks (NPB3.4-OMP) - CG Benchmark

 Size:      150000
 Iterations:                     75
 Number of available threads:     4

 Initialization time =           4.928 seconds

   iteration           ||r||                 zeta
        1       0.35182570013813E-12   109.9994423237398
        5       0.88663182034739E-15    28.6471670038893
       10       0.90667321839836E-15    28.9496695449003
       15       0.90215610055402E-15    28.9716336228371
       20       0.90907473518543E-15    28.9734210663747
       25       0.90408211912126E-15    28.9735863059382
       30       0.90456319629672E-15    28.9736033967627
       35       0.90477558740547E-15    28.9736053266246
       40       0.90172773348224E-15    28.9736055590700
       45       0.90338856620599E-15    28.9736055884132
Warmup threshold: 1
Start threshold: 182205754
End threshold: 80380
ROI begin
Time taken: 23110473 ns
