cset: --> last message, executed args into cpuset "/measurement/12_17", new pid is: 218864


 NAS Parallel Benchmarks (NPB3.4-OMP) - CG Benchmark

 Size:      150000
 Iterations:                     75
 Number of available threads:     4

 Initialization time =           3.257 seconds

   iteration           ||r||                 zeta
        1       0.35169683806276E-12   109.9994423237398
        5       0.88637478385142E-15    28.6471670038893
       10       0.90702060839619E-15    28.9496695449003
       15       0.90214595799341E-15    28.9716336228371
       20       0.90904901976407E-15    28.9734210663747
       25       0.90306128459216E-15    28.9735863059382
       30       0.90513837698165E-15    28.9736033967627
       35       0.90477532390921E-15    28.9736053266246
       40       0.90109892413026E-15    28.9736055590700
       45       0.90397493381915E-15    28.9736055884132
Warmup threshold: 1
Start threshold: 7281972
End threshold: 12271
ROI begin
Time taken: 9973244 ns
