cset: --> last message, executed args into cpuset "/measurement/56_59", new pid is: 3949016


 NAS Parallel Benchmarks (NPB3.4-OMP) - CG Benchmark

 Size:      150000
 Iterations:                     75
 Number of available threads:     4

 Initialization time =           5.190 seconds

   iteration           ||r||                 zeta
        1       0.35163706016614E-12   109.9994423237398
        5       0.88629302758689E-15    28.6471670038893
       10       0.90697460263999E-15    28.9496695449003
       15       0.90219030321782E-15    28.9716336228371
       20       0.90984892667133E-15    28.9734210663747
       25       0.90212707206173E-15    28.9735863059382
       30       0.90440228078533E-15    28.9736033967627
       35       0.90440723890122E-15    28.9736053266246
Warmup threshold: 1
Start threshold: 142554636
End threshold: 82404
ROI begin
Time taken: 25448677 ns
