cset: --> last message, executed args into cpuset "/measurement/36_39", new pid is: 3948879


 NAS Parallel Benchmarks (NPB3.4-OMP) - CG Benchmark

 Size:      150000
 Iterations:                     75
 Number of available threads:     4

 Initialization time =           5.187 seconds

   iteration           ||r||                 zeta
        1       0.35170367217941E-12   109.9994423237398
        5       0.88556615344005E-15    28.6471670038893
       10       0.90723854268612E-15    28.9496695449003
       15       0.90165865172784E-15    28.9716336228371
       20       0.90898439987964E-15    28.9734210663747
       25       0.90272947246845E-15    28.9735863059382
       30       0.90474053848121E-15    28.9736033967627
       35       0.90448721812094E-15    28.9736053266246
       40       0.90225589378456E-15    28.9736055590700
       45       0.90452046841964E-15    28.9736055884132
       50       0.90337476071467E-15    28.9736055922485
       55       0.89790594846702E-15    28.9736055927632
       60       0.90309678551490E-15    28.9736055928339
       65       0.90080213872865E-15    28.9736055928440
Warmup threshold: 1
Start threshold: 251408171
End threshold: 82436
ROI begin
Time taken: 27630445 ns
