cset: --> last message, executed args into cpuset "/measurement/64_67", new pid is: 4121163


 NAS Parallel Benchmarks (NPB3.4-OMP) - MG Benchmark

 No input file. Using compiled defaults 
 Size:  256x 256x 256  (class A)
 Iterations:                      4
 Number of available threads:     4

 Initialization time:           0.201 seconds

  iter   1
  iter   4

 Benchmark completed 
 VERIFICATION SUCCESSFUL 
 L2 Norm is  0.2433365309069E-05
 Error is    0.1907539543551E-12


 MG Benchmark Completed.
 Class           =                        A
 Size            =            256x 256x 256
 Iterations      =                        4
 Time in seconds =                     0.31
 Total threads   =                        4
 Avail threads   =                        4
 Mop/s total     =                 12669.42
 Mop/s/thread    =                  3167.36
 Operation type  =           floating point
 Verification    =               SUCCESSFUL
 Version         =                    3.4.3
 Compile date    =              14 Mar 2025

 Compile options:
    FC           = gfortran
    FLINK        = $(FC)
    F_LIB        = (none)
    F_INC        = (none)
    FFLAGS       = -O3 -fopenmp
    FLINKFLAGS   = $(FFLAGS)
    RAND         = randi8


 Please send all errors/feedbacks to:

 NPB Development Team
 npb@nas.nasa.gov


ROI started
PAPI initialized
PAPI region begin
PAPI region end
PAPI ended
