cset: --> last message, executed args into cpuset "/measurement/52_55", new pid is: 3949322


 NAS Parallel Benchmarks (NPB3.4-OMP) - CG Benchmark

 Size:      150000
 Iterations:                     75
 Number of available threads:     4

 Initialization time =           4.969 seconds

   iteration           ||r||                 zeta
        1       0.35179751395012E-12   109.9994423237398
        5       0.88562689949918E-15    28.6471670038893
       10       0.90680716689365E-15    28.9496695449003
       15       0.90273136344073E-15    28.9716336228371
       20       0.90871331703889E-15    28.9734210663747
       25       0.90405243449042E-15    28.9735863059382
       30       0.90419554779633E-15    28.9736033967628
       35       0.90504727455446E-15    28.9736053266246
       40       0.90142883841269E-15    28.9736055590700
       45       0.90411964558138E-15    28.9736055884132
       50       0.90309482575197E-15    28.9736055922485
       55       0.89827066478465E-15    28.9736055927632
       60       0.90259847423617E-15    28.9736055928339
Warmup threshold: 1
Start threshold: 241204593
End threshold: 82441
ROI begin
Time taken: 25097752 ns
