cset: --> last message, executed args into cpuset "/measurement/20_23", new pid is: 3951317


 NAS Parallel Benchmarks (NPB3.4-OMP) - CG Benchmark

 Size:      150000
 Iterations:                     75
 Number of available threads:     4

 Initialization time =           4.952 seconds

   iteration           ||r||                 zeta
        1       0.35170991038535E-12   109.9994423237398
        5       0.88547581309853E-15    28.6471670038893
       10       0.90687192126026E-15    28.9496695449003
       15       0.90133486559968E-15    28.9716336228371
       20       0.90951722849672E-15    28.9734210663747
       25       0.90313302978675E-15    28.9735863059383
       30       0.90466584979973E-15    28.9736033967627
       35       0.90456458149850E-15    28.9736053266246
       40       0.90170475149551E-15    28.9736055590700
Warmup threshold: 1
Start threshold: 155441782
End threshold: 82441
ROI begin
Time taken: 24770567 ns
