cset: --> last message, executed args into cpuset "/measurement/40_43", new pid is: 3949131


 NAS Parallel Benchmarks (NPB3.4-OMP) - CG Benchmark

 Size:      150000
 Iterations:                     75
 Number of available threads:     4

 Initialization time =           5.114 seconds

   iteration           ||r||                 zeta
        1       0.35170991038535E-12   109.9994423237398
        5       0.88635984428443E-15    28.6471670038893
       10       0.90658056474286E-15    28.9496695449003
       15       0.90173169886878E-15    28.9716336228371
       20       0.90975098105122E-15    28.9734210663747
       25       0.90302922655931E-15    28.9735863059382
       30       0.90526501395727E-15    28.9736033967627
       35       0.90593845201597E-15    28.9736053266246
       40       0.90188468291042E-15    28.9736055590699
       45       0.90379115087104E-15    28.9736055884132
Warmup threshold: 1
Start threshold: 183180665
End threshold: 82465
ROI begin
Time taken: 25035515 ns
