cset: --> last message, executed args into cpuset "/measurement/18_23", new pid is: 229227


 NAS Parallel Benchmarks (NPB3.4-OMP) - CG Benchmark

 Size:      150000
 Iterations:                     75
 Number of available threads:     4

 Initialization time =           3.226 seconds

   iteration           ||r||                 zeta
        1       0.35165101100351E-12   109.9994423237398
        5       0.88644842368310E-15    28.6471670038893
       10       0.90678712100920E-15    28.9496695449003
       15       0.90180256774101E-15    28.9716336228371
       20       0.90860840762145E-15    28.9734210663747
       25       0.90274993154459E-15    28.9735863059382
       30       0.90552543418262E-15    28.9736033967627
       35       0.90513673738377E-15    28.9736053266246
       40       0.90171613093972E-15    28.9736055590700
Warmup threshold: 1
Start threshold: 155441782
End threshold: 82441
ROI begin
Time taken: 10574252 ns
