cset: --> last message, executed args into cpuset "/measurement/6_11", new pid is: 223014


 NAS Parallel Benchmarks (NPB3.4-OMP) - CG Benchmark

 Size:      150000
 Iterations:                     75
 Number of available threads:     4

 Initialization time =           3.096 seconds

   iteration           ||r||                 zeta
        1       0.35171080405185E-12   109.9994423237398
        5       0.88659515465627E-15    28.6471670038893
       10       0.90609652076222E-15    28.9496695449003
       15       0.90102670263695E-15    28.9716336228371
       20       0.90964297722265E-15    28.9734210663747
       25       0.90341635627927E-15    28.9735863059382
       30       0.90344916701557E-15    28.9736033967627
       35       0.90440488311922E-15    28.9736053266246
       40       0.90137736140149E-15    28.9736055590700
Warmup threshold: 1
Start threshold: 155930275
End threshold: 80414
ROI begin
Time taken: 11329968 ns
