cset: --> last message, executed args into cpuset "/measurement/18_23", new pid is: 225666


 NAS Parallel Benchmarks (NPB3.4-OMP) - CG Benchmark

 Size:      150000
 Iterations:                     75
 Number of available threads:     4

 Initialization time =           3.216 seconds

   iteration           ||r||                 zeta
        1       0.35171080405185E-12   109.9994423237398
        5       0.88606389877692E-15    28.6471670038893
       10       0.90690403099661E-15    28.9496695449003
       15       0.90093681618832E-15    28.9716336228371
       20       0.90937933028845E-15    28.9734210663747
       25       0.90296876110630E-15    28.9735863059382
       30       0.90465779936365E-15    28.9736033967627
       35       0.90497872303031E-15    28.9736053266246
Warmup threshold: 1
Start threshold: 142554636
End threshold: 82404
ROI begin
Time taken: 10420796 ns
