cset: --> last message, executed args into cpuset "/measurement/6_11", new pid is: 225714


 NAS Parallel Benchmarks (NPB3.4-OMP) - CG Benchmark

 Size:      150000
 Iterations:                     75
 Number of available threads:     4

 Initialization time =           3.128 seconds

   iteration           ||r||                 zeta
        1       0.35165767075583E-12   109.9994423237398
        5       0.88589346789673E-15    28.6471670038893
       10       0.90756614741255E-15    28.9496695449003
       15       0.90152967539460E-15    28.9716336228371
       20       0.90937059810207E-15    28.9734210663747
       25       0.90280501468593E-15    28.9735863059382
       30       0.90461777229203E-15    28.9736033967628
       35       0.90554594407927E-15    28.9736053266246
       40       0.90127470872743E-15    28.9736055590699
       45       0.90423514831264E-15    28.9736055884132
       50       0.90350861844578E-15    28.9736055922485
Warmup threshold: 1
Start threshold: 203833041
End threshold: 80427
ROI begin
Time taken: 13070190 ns
