cset: --> last message, executed args into cpuset "/measurement/48_51", new pid is: 3950598


 NAS Parallel Benchmarks (NPB3.4-OMP) - CG Benchmark

 Size:      150000
 Iterations:                     75
 Number of available threads:     4

 Initialization time =           5.099 seconds

   iteration           ||r||                 zeta
        1       0.35169769671548E-12   109.9994423237398
        5       0.88637799320623E-15    28.6471670038893
       10       0.90724049592746E-15    28.9496695449003
       15       0.90186979090839E-15    28.9716336228371
       20       0.90850308175205E-15    28.9734210663747
       25       0.90231447404768E-15    28.9735863059382
       30       0.90413238537105E-15    28.9736033967627
       35       0.90464366199759E-15    28.9736053266246
       40       0.90185138675542E-15    28.9736055590700
       45       0.90422969159882E-15    28.9736055884132
Warmup threshold: 1
Start threshold: 169644218
End threshold: 80442
ROI begin
Time taken: 25885256 ns
