cset: --> last message, executed args into cpuset "/measurement/52_55", new pid is: 3956927


 NAS Parallel Benchmarks (NPB3.4-OMP) - CG Benchmark

 Size:      150000
 Iterations:                     75
 Number of available threads:     4

 Initialization time =           5.128 seconds

   iteration           ||r||                 zeta
        1       0.35170833332126E-12   109.9994423237398
        5       0.88626170635481E-15    28.6471670038893
       10       0.90658031676343E-15    28.9496695449003
       15       0.90232165260420E-15    28.9716336228371
       20       0.91012042724507E-15    28.9734210663747
       25       0.90313939812118E-15    28.9735863059382
       30       0.90489470665215E-15    28.9736033967627
       35       0.90565518038709E-15    28.9736053266246
       40       0.90248710224071E-15    28.9736055590699
       45       0.90478230673716E-15    28.9736055884132
Warmup threshold: 1
Start threshold: 187422790
End threshold: 3172
ROI begin
Time taken: 21952730 ns
