cset: --> last message, executed args into cpuset "/measurement/48_51", new pid is: 3948275


 NAS Parallel Benchmarks (NPB3.4-OMP) - CG Benchmark

 Size:      150000
 Iterations:                     75
 Number of available threads:     4

 Initialization time =           5.274 seconds

   iteration           ||r||                 zeta
        1       0.35169683806276E-12   109.9994423237398
        5       0.88630359153856E-15    28.6471670038893
       10       0.90633635156998E-15    28.9496695449003
       15       0.90216800892861E-15    28.9716336228371
       20       0.90942081157297E-15    28.9734210663747
       25       0.90301185123116E-15    28.9735863059382
       30       0.90381312915250E-15    28.9736033967627
       35       0.90529165896037E-15    28.9736053266246
       40       0.90155362873408E-15    28.9736055590700
       45       0.90358565622549E-15    28.9736055884132
       50       0.90344974804608E-15    28.9736055922485
       55       0.89750064247847E-15    28.9736055927632
       60       0.90275501796079E-15    28.9736055928339
Warmup threshold: 1
Start threshold: 238916406
End threshold: 80359
ROI begin
Time taken: 26806422 ns
