cset: --> last message, executed args into cpuset "/measurement/24_27", new pid is: 3945090


 NAS Parallel Benchmarks (NPB3.4-OMP) - CG Benchmark

 Size:      150000
 Iterations:                     75
 Number of available threads:     4

 Initialization time =           4.960 seconds

   iteration           ||r||                 zeta
        1       0.35170826322936E-12   109.9994423237398
        5       0.88536564793313E-15    28.6471670038893
       10       0.90729930174690E-15    28.9496695449003
       15       0.90195024357089E-15    28.9716336228371
       20       0.90827595429960E-15    28.9734210663747
       25       0.90343779232280E-15    28.9735863059382
       30       0.90435783239985E-15    28.9736033967628
       35       0.90433127565054E-15    28.9736053266246
       40       0.90189420564700E-15    28.9736055590699
       45       0.90423174518282E-15    28.9736055884132
Warmup threshold: 1
Start threshold: 7281972
End threshold: 12271
ROI begin
Time taken: 23492053 ns
