cset: --> last message, executed args into cpuset "/measurement/28_31", new pid is: 3950867


 NAS Parallel Benchmarks (NPB3.4-OMP) - CG Benchmark

 Size:      150000
 Iterations:                     75
 Number of available threads:     4

 Initialization time =           5.081 seconds

   iteration           ||r||                 zeta
        1       0.35171027836595E-12   109.9994423237398
        5       0.88708245712913E-15    28.6471670038893
       10       0.90673485638301E-15    28.9496695449003
       15       0.90110725747738E-15    28.9716336228371
       20       0.90873419196375E-15    28.9734210663747
       25       0.90193990808840E-15    28.9735863059382
       30       0.90450257062518E-15    28.9736033967627
       35       0.90488019869560E-15    28.9736053266246
       40       0.90235244243939E-15    28.9736055590700
       45       0.90481193940960E-15    28.9736055884132
       50       0.90398379574046E-15    28.9736055922485
       55       0.89786060119967E-15    28.9736055927632
Warmup threshold: 1
Start threshold: 212152421
End threshold: 82411
ROI begin
Time taken: 33636267 ns
