cset: --> last message, executed args into cpuset "/measurement/6_11", new pid is: 229139


 NAS Parallel Benchmarks (NPB3.4-OMP) - CG Benchmark

 Size:      150000
 Iterations:                     75
 Number of available threads:     4

 Initialization time =           3.179 seconds

   iteration           ||r||                 zeta
        1       0.35171080405185E-12   109.9994423237398
        5       0.88600779971652E-15    28.6471670038893
       10       0.90696071200056E-15    28.9496695449003
       15       0.90181922542742E-15    28.9716336228371
       20       0.90946016962153E-15    28.9734210663747
       25       0.90344461430944E-15    28.9735863059382
       30       0.90456272522205E-15    28.9736033967627
       35       0.90490463613409E-15    28.9736053266246
       40       0.90178174092310E-15    28.9736055590700
       45       0.90406620200347E-15    28.9736055884132
       50       0.90382484377477E-15    28.9736055922485
       55       0.89823029297124E-15    28.9736055927632
       60       0.90315071474852E-15    28.9736055928339
Warmup threshold: 1
Start threshold: 241204593
End threshold: 82441
ROI begin
Time taken: 11230801 ns
