cset: --> last message, executed args into cpuset "/measurement/28_31", new pid is: 3956717


 NAS Parallel Benchmarks (NPB3.4-OMP) - CG Benchmark

 Size:      150000
 Iterations:                     75
 Number of available threads:     4

 Initialization time =           4.946 seconds

   iteration           ||r||                 zeta
        1       0.35171103184884E-12   109.9994423237398
        5       0.88588358241716E-15    28.6471670038893
       10       0.90682381285637E-15    28.9496695449003
       15       0.90223098152650E-15    28.9716336228371
       20       0.90819955867492E-15    28.9734210663747
       25       0.90305055992806E-15    28.9735863059382
       30       0.90485751843447E-15    28.9736033967627
       35       0.90545374589065E-15    28.9736053266246
       40       0.90137636864795E-15    28.9736055590700
       45       0.90396273878264E-15    28.9736055884132
       50       0.90329224867194E-15    28.9736055922485
       55       0.89814164405591E-15    28.9736055927632
       60       0.90273991203469E-15    28.9736055928339
Warmup threshold: 1
Start threshold: 238916406
End threshold: 80359
ROI begin
Time taken: 24196171 ns
