cset: --> last message, executed args into cpuset "/measurement/36_39", new pid is: 3949145


 NAS Parallel Benchmarks (NPB3.4-OMP) - CG Benchmark

 Size:      150000
 Iterations:                     75
 Number of available threads:     4

 Initialization time =           5.135 seconds

   iteration           ||r||                 zeta
        1       0.35170984029376E-12   109.9994423237398
        5       0.88697711013273E-15    28.6471670038893
       10       0.90735932153667E-15    28.9496695449003
       15       0.90176820209292E-15    28.9716336228371
       20       0.90830127221644E-15    28.9734210663747
       25       0.90295505537702E-15    28.9735863059382
       30       0.90465910199128E-15    28.9736033967627
       35       0.90487923941992E-15    28.9736053266246
       40       0.90220163297147E-15    28.9736055590700
       45       0.90411148951896E-15    28.9736055884132
       50       0.90398872404943E-15    28.9736055922486
       55       0.89717170842286E-15    28.9736055927632
Warmup threshold: 1
Start threshold: 216312142
End threshold: 82419
ROI begin
Time taken: 26763913 ns
