cset: --> last message, executed args into cpuset "/measurement/18_23", new pid is: 226915


 NAS Parallel Benchmarks (NPB3.4-OMP) - CG Benchmark

 Size:      150000
 Iterations:                     75
 Number of available threads:     4

 Initialization time =           3.152 seconds

   iteration           ||r||                 zeta
        1       0.35169683806276E-12   109.9994423237398
        5       0.88575417861448E-15    28.6471670038893
       10       0.90687562192565E-15    28.9496695449003
       15       0.90085127741808E-15    28.9716336228371
       20       0.90877808756901E-15    28.9734210663747
       25       0.90394760346105E-15    28.9735863059382
       30       0.90401046062720E-15    28.9736033967627
       35       0.90465305539565E-15    28.9736053266246
       40       0.90250383195383E-15    28.9736055590700
       45       0.90394261844142E-15    28.9736055884132
       50       0.90363441915332E-15    28.9736055922485
Warmup threshold: 1
Start threshold: 194198394
End threshold: 80361
ROI begin
Time taken: 10679610 ns
