cset: --> last message, executed args into cpuset "/measurement/24_27", new pid is: 3956785


 NAS Parallel Benchmarks (NPB3.4-OMP) - CG Benchmark

 Size:      150000
 Iterations:                     75
 Number of available threads:     4

 Initialization time =           4.904 seconds

   iteration           ||r||                 zeta
        1       0.35171080405185E-12   109.9994423237398
        5       0.88552954318318E-15    28.6471670038893
       10       0.90788827203094E-15    28.9496695449003
       15       0.90123876511788E-15    28.9716336228371
       20       0.90875536068521E-15    28.9734210663747
       25       0.90244420646122E-15    28.9735863059382
       30       0.90443782086243E-15    28.9736033967627
       35       0.90539101692042E-15    28.9736053266246
       40       0.90104283937614E-15    28.9736055590700
       45       0.90385605425341E-15    28.9736055884132
       50       0.90347808390963E-15    28.9736055922485
Warmup threshold: 1
Start threshold: 203833041
End threshold: 80427
ROI begin
Time taken: 23026970 ns
