cset: --> last message, executed args into cpuset "/measurement/48_51", new pid is: 3957482


 NAS Parallel Benchmarks (NPB3.4-OMP) - CG Benchmark

 Size:      150000
 Iterations:                     75
 Number of available threads:     4

 Initialization time =           4.801 seconds

   iteration           ||r||                 zeta
        1       0.35165481408805E-12   109.9994423237398
        5       0.88623921778350E-15    28.6471670038893
       10       0.90744941826250E-15    28.9496695449003
       15       0.90270526954523E-15    28.9716336228371
       20       0.90883241247826E-15    28.9734210663747
       25       0.90356344637027E-15    28.9735863059382
       30       0.90393513862533E-15    28.9736033967627
       35       0.90455695047636E-15    28.9736053266246
       40       0.90240779774842E-15    28.9736055590700
       45       0.90436563366996E-15    28.9736055884132
       50       0.90313394292170E-15    28.9736055922486
       55       0.89783179632738E-15    28.9736055927632
       60       0.90176798293459E-15    28.9736055928339
Warmup threshold: 1
Start threshold: 241204593
End threshold: 82441
ROI begin
Time taken: 22270093 ns
