cset: --> last message, executed args into cpuset "/measurement/40_43", new pid is: 3957247


 NAS Parallel Benchmarks (NPB3.4-OMP) - CG Benchmark

 Size:      150000
 Iterations:                     75
 Number of available threads:     4

 Initialization time =           5.025 seconds

   iteration           ||r||                 zeta
        1       0.35182570013813E-12   109.9994423237398
        5       0.88572210839012E-15    28.6471670038893
       10       0.90688303779326E-15    28.9496695449003
       15       0.90232550953317E-15    28.9716336228371
       20       0.90774050602188E-15    28.9734210663747
       25       0.90326303993028E-15    28.9735863059382
       30       0.90476658626483E-15    28.9736033967628
       35       0.90476285464256E-15    28.9736053266246
Warmup threshold: 1
Start threshold: 135616256
End threshold: 82434
ROI begin
Time taken: 23304377 ns
