cset: --> last message, executed args into cpuset "/measurement/6_11", new pid is: 15318


 NAS Parallel Benchmarks (NPB3.4-OMP) - SP Benchmark

 No input file inputsp.data. Using compiled defaults
 Size:   64x  64x  64
 Iterations:  400    dt:    0.0015000
 Number of available threads:     4

 Time step    1
 Time step   20
 Time step   40
 Time step   60
 Time step   80
 Time step  100
 Time step  120
 Time step  140
 Time step  160
 Time step  180
 Time step  200
Warmup threshold: 832
Start threshold: 28
End threshold: 947
ROI begin
Time taken: 7303538 ns
