cset: --> last message, executed args into cpuset "/measurement/40_43", new pid is: 3944820


 NAS Parallel Benchmarks (NPB3.4-OMP) - CG Benchmark

 Size:      150000
 Iterations:                     75
 Number of available threads:     4

 Initialization time =           5.178 seconds

   iteration           ||r||                 zeta
        1       0.35182584027512E-12   109.9994423237398
        5       0.88543080873975E-15    28.6471670038893
       10       0.90735512730880E-15    28.9496695449003
       15       0.90248459735648E-15    28.9716336228371
       20       0.90863677423990E-15    28.9734210663747
       25       0.90246768411805E-15    28.9735863059382
       30       0.90419145305349E-15    28.9736033967627
       35       0.90437895530215E-15    28.9736053266246
       40       0.90245762972490E-15    28.9736055590700
       45       0.90420929891132E-15    28.9736055884132
Warmup threshold: 1
Start threshold: 7281972
End threshold: 12271
ROI begin
Time taken: 23500703 ns
