cset: --> last message, executed args into cpuset "/measurement/48_51", new pid is: 3953812


 NAS Parallel Benchmarks (NPB3.4-OMP) - CG Benchmark

 Size:      150000
 Iterations:                     75
 Number of available threads:     4

 Initialization time =           4.900 seconds

   iteration           ||r||                 zeta
        1       0.35171080405185E-12   109.9994423237398
        5       0.88714415938738E-15    28.6471670038893
       10       0.90620261885841E-15    28.9496695449003
       15       0.90235911712283E-15    28.9716336228371
       20       0.90809173237416E-15    28.9734210663747
       25       0.90281322690167E-15    28.9735863059382
       30       0.90403392402046E-15    28.9736033967628
       35       0.90481140837830E-15    28.9736053266246
Warmup threshold: 1
Start threshold: 5213459
End threshold: 43707
ROI begin
Time taken: 22226844 ns
