cset: --> last message, executed args into cpuset "/measurement/78_79/78", new pid is: 214682


 NAS Parallel Benchmarks (NPB3.4-OMP) - BT Benchmark

 No input file inputbt.data. Using compiled defaults
 Size:   64x  64x  64
 Iterations:  200       dt:   0.0008000
 Number of available threads:     1

 Time step    1
 Time step   20
 Time step   40
 Time step   60
 Time step   80
Warmup threshold: 309874
Start threshold: 1500
End threshold: 24
ROI begin
Warm up marker met
Warmup event
Start marker met
Start event
End marker met
End event
