cset: --> last message, executed args into cpuset "/measurement/6_11", new pid is: 224382


 NAS Parallel Benchmarks (NPB3.4-OMP) - CG Benchmark

 Size:      150000
 Iterations:                     75
 Number of available threads:     4

 Initialization time =           3.182 seconds

   iteration           ||r||                 zeta
        1       0.35170971763345E-12   109.9994423237398
        5       0.88655024689673E-15    28.6471670038893
       10       0.90786235872582E-15    28.9496695449003
       15       0.90159286981246E-15    28.9716336228371
       20       0.90818025986094E-15    28.9734210663747
       25       0.90290657106308E-15    28.9735863059382
       30       0.90416320170704E-15    28.9736033967627
       35       0.90441810628780E-15    28.9736053266246
Warmup threshold: 1
Start threshold: 135616256
End threshold: 82434
ROI begin
Time taken: 10093658 ns
