cset: --> last message, executed args into cpuset "/measurement/28_31", new pid is: 3954625


 NAS Parallel Benchmarks (NPB3.4-OMP) - CG Benchmark

 Size:      150000
 Iterations:                     75
 Number of available threads:     4

 Initialization time =           4.968 seconds

   iteration           ||r||                 zeta
        1       0.35171048864040E-12   109.9994423237398
        5       0.88629270927377E-15    28.6471670038893
       10       0.90677704037556E-15    28.9496695449003
       15       0.90155487106167E-15    28.9716336228371
       20       0.90923890428499E-15    28.9734210663747
       25       0.90439355334680E-15    28.9735863059382
       30       0.90415422290968E-15    28.9736033967628
       35       0.90524646213799E-15    28.9736053266246
       40       0.90196250410081E-15    28.9736055590700
Warmup threshold: 1
Start threshold: 155930275
End threshold: 80414
ROI begin
Time taken: 28529813 ns
