cset: --> last message, executed args into cpuset "/measurement/12_17", new pid is: 224245


 NAS Parallel Benchmarks (NPB3.4-OMP) - CG Benchmark

 Size:      150000
 Iterations:                     75
 Number of available threads:     4

 Initialization time =           3.135 seconds

   iteration           ||r||                 zeta
        1       0.35169769671548E-12   109.9994423237398
        5       0.88600836357718E-15    28.6471670038893
       10       0.90686607858532E-15    28.9496695449003
       15       0.90217831899630E-15    28.9716336228371
       20       0.90910593877607E-15    28.9734210663747
       25       0.90269241805295E-15    28.9735863059382
       30       0.90531780571732E-15    28.9736033967627
       35       0.90555759450298E-15    28.9736053266246
Warmup threshold: 1
Start threshold: 142554636
End threshold: 82404
ROI begin
Time taken: 11099530 ns
