cset: --> last message, executed args into cpuset "/measurement/44_47", new pid is: 3952313


 NAS Parallel Benchmarks (NPB3.4-OMP) - CG Benchmark

 Size:      150000
 Iterations:                     75
 Number of available threads:     4

 Initialization time =           5.078 seconds

   iteration           ||r||                 zeta
        1       0.35165481408805E-12   109.9994423237398
        5       0.88523047840109E-15    28.6471670038893
       10       0.90711509286468E-15    28.9496695449003
       15       0.90275548387508E-15    28.9716336228371
       20       0.90947791573127E-15    28.9734210663747
       25       0.90470446864497E-15    28.9735863059382
       30       0.90419660489431E-15    28.9736033967628
       35       0.90514661916272E-15    28.9736053266246
       40       0.90207171133546E-15    28.9736055590700
       45       0.90390624895113E-15    28.9736055884132
       50       0.90352742589892E-15    28.9736055922486
       55       0.89853723392689E-15    28.9736055927632
Warmup threshold: 1
Start threshold: 8275022
End threshold: 82445
ROI begin
Time taken: 26366331 ns
