cset: --> last message, executed args into cpuset "/measurement2/136_139", new pid is: 3942253


 NAS Parallel Benchmarks (NPB3.4-OMP) - MG Benchmark

 No input file. Using compiled defaults 
 Size: 1024x1024x1024  (class D)
 Iterations:                     50
 Number of available threads:     4

 Initialization time:          19.973 seconds

  iter   1
  iter   5
  iter  10
  iter  15
  iter  20
  iter  25
  iter  30
  iter  35
  iter  40
  iter  45
  iter  50

 Benchmark completed 
 VERIFICATION SUCCESSFUL 
 L2 Norm is  0.1583275060410E-09
 Error is    0.1900228968421E-10


 MG Benchmark Completed.
 Class           =                        D
 Size            =           1024x1024x1024
 Iterations      =                       50
 Time in seconds =                 12413.13
 Total threads   =                        4
 Avail threads   =                        4
 Mop/s total     =                   250.85
 Mop/s/thread    =                    62.71
 Operation type  =           floating point
 Verification    =               SUCCESSFUL
 Version         =                    3.4.3
 Compile date    =              14 Mar 2025

 Compile options:
    FC           = gfortran
    FLINK        = $(FC)
    F_LIB        = (none)
    F_INC        = (none)
    FFLAGS       = -O3 -fopenmp
    FLINKFLAGS   = $(FFLAGS)
    RAND         = randi8


 Please send all errors/feedbacks to:

 NPB Development Team
 npb@nas.nasa.gov


ROI begin
file_line_index: 19102
region: 19102
ROI end
Total IR instructions: 7640722567411
