cset: --> last message, executed args into cpuset "/measurement/24_27", new pid is: 3950520


 NAS Parallel Benchmarks (NPB3.4-OMP) - CG Benchmark

 Size:      150000
 Iterations:                     75
 Number of available threads:     4

 Initialization time =           5.141 seconds

   iteration           ||r||                 zeta
        1       0.35170833332126E-12   109.9994423237398
        5       0.88710395038180E-15    28.6471670038893
       10       0.90732699471244E-15    28.9496695449003
       15       0.90192876850739E-15    28.9716336228371
       20       0.90891677335307E-15    28.9734210663747
       25       0.90234064478716E-15    28.9735863059382
       30       0.90451447734802E-15    28.9736033967627
       35       0.90404931429090E-15    28.9736053266246
       40       0.90130207571131E-15    28.9736055590700
       45       0.90519945435083E-15    28.9736055884132
Warmup threshold: 1
Start threshold: 186365445
End threshold: 82399
ROI begin
Time taken: 27251431 ns
