cset: --> last message, executed args into cpuset "/measurement/48_51", new pid is: 3949119


 NAS Parallel Benchmarks (NPB3.4-OMP) - CG Benchmark

 Size:      150000
 Iterations:                     75
 Number of available threads:     4

 Initialization time =           5.071 seconds

   iteration           ||r||                 zeta
        1       0.35169769671548E-12   109.9994423237398
        5       0.88583895706061E-15    28.6471670038893
       10       0.90699860699091E-15    28.9496695449003
       15       0.90209946338465E-15    28.9716336228371
       20       0.90902466302761E-15    28.9734210663747
       25       0.90276539619550E-15    28.9735863059382
       30       0.90445956248687E-15    28.9736033967627
       35       0.90507280495521E-15    28.9736053266246
       40       0.90241803424740E-15    28.9736055590700
Warmup threshold: 1
Start threshold: 152665130
End threshold: 80358
ROI begin
Time taken: 24171155 ns
