cset: --> last message, executed args into cpuset "/measurement/28_31", new pid is: 3954745


 NAS Parallel Benchmarks (NPB3.4-OMP) - CG Benchmark

 Size:      150000
 Iterations:                     75
 Number of available threads:     4

 Initialization time =           5.108 seconds

   iteration           ||r||                 zeta
        1       0.35169752148040E-12   109.9994423237398
        5       0.88647946648287E-15    28.6471670038893
       10       0.90721623559436E-15    28.9496695449003
       15       0.90120610828283E-15    28.9716336228371
       20       0.90869275412230E-15    28.9734210663747
       25       0.90260810665185E-15    28.9735863059382
       30       0.90446123621003E-15    28.9736033967627
       35       0.90479032561566E-15    28.9736053266246
       40       0.90114736506566E-15    28.9736055590700
Warmup threshold: 1
Start threshold: 155441782
End threshold: 82441
ROI begin
Time taken: 26685172 ns
