cset: --> last message, executed args into cpuset "/measurement/20_23", new pid is: 3951692


 NAS Parallel Benchmarks (NPB3.4-OMP) - CG Benchmark

 Size:      150000
 Iterations:                     75
 Number of available threads:     4

 Initialization time =           5.025 seconds

   iteration           ||r||                 zeta
        1       0.35181275474238E-12   109.9994423237398
        5       0.88628660825030E-15    28.6471670038893
       10       0.90803893521299E-15    28.9496695449003
       15       0.90196404520798E-15    28.9716336228371
       20       0.90828562720949E-15    28.9734210663747
       25       0.90249095154308E-15    28.9735863059382
       30       0.90377644148315E-15    28.9736033967628
       35       0.90506591569001E-15    28.9736053266246
       40       0.90213282612143E-15    28.9736055590700
       45       0.90430264276740E-15    28.9736055884132
       50       0.90341889029586E-15    28.9736055922485
Warmup threshold: 1
Start threshold: 1325
End threshold: 82464
ROI begin
Time taken: 25362530 ns
