cset: --> last message, executed args into cpuset "/measurement/28_31", new pid is: 3948682


 NAS Parallel Benchmarks (NPB3.4-OMP) - CG Benchmark

 Size:      150000
 Iterations:                     75
 Number of available threads:     4

 Initialization time =           5.086 seconds

   iteration           ||r||                 zeta
        1       0.35170971763345E-12   109.9994423237398
        5       0.88621434771694E-15    28.6471670038893
       10       0.90606264231906E-15    28.9496695449003
       15       0.90217843748342E-15    28.9716336228371
       20       0.90871936936120E-15    28.9734210663747
       25       0.90243769685745E-15    28.9735863059382
       30       0.90509247320627E-15    28.9736033967627
       35       0.90421031211744E-15    28.9736053266246
       40       0.90241116745697E-15    28.9736055590700
       45       0.90417248796488E-15    28.9736055884132
       50       0.90415190181511E-15    28.9736055922485
       55       0.89825260688329E-15    28.9736055927632
       60       0.90323712203906E-15    28.9736055928339
Warmup threshold: 1
Start threshold: 241204593
End threshold: 82441
ROI begin
Time taken: 27007949 ns
