cset: --> last message, executed args into cpuset "/measurement/18_23", new pid is: 213896


 NAS Parallel Benchmarks (NPB3.4-OMP) - CG Benchmark

 Size:      150000
 Iterations:                     75
 Number of available threads:     4

 Initialization time =           3.164 seconds

   iteration           ||r||                 zeta
        1       0.35170833332126E-12   109.9994423237398
        5       0.88588390751187E-15    28.6471670038893
       10       0.90685308554678E-15    28.9496695449003
       15       0.90108829922512E-15    28.9716336228371
       20       0.91072649079870E-15    28.9734210663747
       25       0.90320355972738E-15    28.9735863059382
       30       0.90358923944509E-15    28.9736033967627
       35       0.90463082504859E-15    28.9736053266246
       40       0.90234659085573E-15    28.9736055590700
       45       0.90358309787768E-15    28.9736055884132
       50       0.90339217867109E-15    28.9736055922485
       55       0.89811319136127E-15    28.9736055927632
Warmup threshold: 1
Start threshold: 8275022
End threshold: 82445
ROI begin
Time taken: 12403819 ns
