cset: --> last message, executed args into cpuset "/measurement/32_35", new pid is: 68273


 NAS Parallel Benchmarks (NPB3.4-OMP) - CG Benchmark

 Size:       14000
 Iterations:                     15
 Number of available threads:     4

 Initialization time =           0.584 seconds

   iteration           ||r||                 zeta
        1       0.25496822273393E-12    19.9997581277040
        5       0.24939081295751E-14    17.1302338856353
       10       0.24364404186586E-14    17.1302350540284
       15       0.23350345925128E-14    17.1302350540299
 Benchmark completed 
 VERIFICATION SUCCESSFUL 
 Zeta is     0.1713023505403E+02
 Error is    0.5226337199892E-13


 CG Benchmark Completed.
 Class           =                        A
 Size            =                    14000
 Iterations      =                       15
 Time in seconds =                    32.53
 Total threads   =                        4
 Avail threads   =                        4
 Mop/s total     =                    46.00
 Mop/s/thread    =                    11.50
 Operation type  =           floating point
 Verification    =               SUCCESSFUL
 Version         =                    3.4.3
 Compile date    =              17 Apr 2025

 Compile options:
    FC           = gfortran
    FLINK        = $(FC)
    F_LIB        = (none)
    F_INC        = (none)
    FFLAGS       = -O3 -fopenmp
    FLINKFLAGS   = $(FFLAGS)
    RAND         = randi8


 Please send all errors/feedbacks to:

 NPB Development Team
 npb@nas.nasa.gov


ROI begin
file_line_index: 38
region: 38
ROI end
Total IR instructions: 15013589404
