cset: --> last message, executed args into cpuset "/measurement/6_11", new pid is: 226937


 NAS Parallel Benchmarks (NPB3.4-OMP) - CG Benchmark

 Size:      150000
 Iterations:                     75
 Number of available threads:     4

 Initialization time =           3.251 seconds

   iteration           ||r||                 zeta
        1       0.35169769671548E-12   109.9994423237398
        5       0.88650908276701E-15    28.6471670038893
       10       0.90694578102702E-15    28.9496695449003
       15       0.90143472488694E-15    28.9716336228371
       20       0.90886654052252E-15    28.9734210663747
       25       0.90224870574775E-15    28.9735863059382
       30       0.90418140482779E-15    28.9736033967627
       35       0.90439574059614E-15    28.9736053266246
       40       0.90179716555635E-15    28.9736055590700
       45       0.90389715624830E-15    28.9736055884132
Warmup threshold: 1
Start threshold: 181391608
End threshold: 82444
ROI begin
Time taken: 10636547 ns
