cset: --> last message, executed args into cpuset "/measurement/44_47", new pid is: 3952873


 NAS Parallel Benchmarks (NPB3.4-OMP) - CG Benchmark

 Size:      150000
 Iterations:                     75
 Number of available threads:     4

 Initialization time =           5.148 seconds

   iteration           ||r||                 zeta
        1       0.35165481408805E-12   109.9994423237398
        5       0.88582085017536E-15    28.6471670038893
       10       0.90734469995325E-15    28.9496695449003
       15       0.90231232938534E-15    28.9716336228371
       20       0.90820508335158E-15    28.9734210663747
       25       0.90234856038562E-15    28.9735863059382
       30       0.90516091303469E-15    28.9736033967628
       35       0.90437699425583E-15    28.9736053266246
       40       0.90130361957800E-15    28.9736055590700
       45       0.90444335145878E-15    28.9736055884132
       50       0.90317944922581E-15    28.9736055922485
Warmup threshold: 1
Start threshold: 203833041
End threshold: 80427
ROI begin
Time taken: 25801618 ns
