cset: --> last message, executed args into cpuset "/measurement/6_11", new pid is: 228608


 NAS Parallel Benchmarks (NPB3.4-OMP) - CG Benchmark

 Size:      150000
 Iterations:                     75
 Number of available threads:     4

 Initialization time =           3.167 seconds

   iteration           ||r||                 zeta
        1       0.35169769671548E-12   109.9994423237398
        5       0.88675536281977E-15    28.6471670038893
       10       0.90728722022343E-15    28.9496695449003
       15       0.90145305197155E-15    28.9716336228371
       20       0.90881059357587E-15    28.9734210663747
       25       0.90341251376622E-15    28.9735863059382
       30       0.90496757539247E-15    28.9736033967627
       35       0.90386035941279E-15    28.9736053266246
       40       0.90150566885426E-15    28.9736055590700
Warmup threshold: 1
Start threshold: 152665130
End threshold: 80358
ROI begin
Time taken: 10659326 ns
