cset: --> last message, executed args into cpuset "/measurement/60_63", new pid is: 3951266


 NAS Parallel Benchmarks (NPB3.4-OMP) - CG Benchmark

 Size:      150000
 Iterations:                     75
 Number of available threads:     4

 Initialization time =           5.004 seconds

   iteration           ||r||                 zeta
        1       0.35170971763345E-12   109.9994423237398
        5       0.88668530803870E-15    28.6471670038894
       10       0.90603802285381E-15    28.9496695449003
       15       0.90154442551478E-15    28.9716336228371
       20       0.90832423289136E-15    28.9734210663747
       25       0.90310635241609E-15    28.9735863059382
       30       0.90487632017903E-15    28.9736033967627
       35       0.90551551475345E-15    28.9736053266246
       40       0.90181842175631E-15    28.9736055590699
       45       0.90479305512809E-15    28.9736055884132
Warmup threshold: 1
Start threshold: 186365445
End threshold: 82399
ROI begin
Time taken: 28461093 ns
