Configured marker[0] = 0x0000000000402402
Marker Tracker initialized (tracking 1 marker(s))
Inserted clean call for marker[0] at PC 0x0000000000402402
Inserted clean call for marker[0] at PC 0x0000000000402402
Received syscall 888 — tracking enabled
Received syscall 889 — tracking disabled


 NAS Parallel Benchmarks (NPB3.4-OMP) - IS Benchmark

 Size:  8388608  (class A)
 Iterations:  10
 Number of available threads:  1


   iteration
ROI begin
        1
        2
        3
        4
        5
        6
        7
        8
        9
        10
ROI end


 IS Benchmark Completed
 Class           =                        A
 Size            =                  8388608
 Iterations      =                       10
 Time in seconds =                    99.61
 Total threads   =                        1
 Avail threads   =                        1
 Mop/s total     =                     0.84
 Mop/s/thread    =                     0.84
 Operation type  =              keys ranked
 Verification    =               SUCCESSFUL
 Version         =                    3.4.3
 Compile date    =              03 Jun 2025

 Compile options:
    CC           = gcc
    CLINK        = $(CC)
    C_LIB        = -lm
    C_INC        = (none)
    CFLAGS       = -O3 -fopenmp
    CLINKFLAGS   = $(CFLAGS)


 Please send all errors/feedbacks to:

 NPB Development Team
 npb@nas.nasa.gov


