cset: --> last message, executed args into cpuset "/measurement/12_17", new pid is: 212817


 NAS Parallel Benchmarks (NPB3.4-OMP) - CG Benchmark

 Size:      150000
 Iterations:                     75
 Number of available threads:     4

 Initialization time =           3.229 seconds

   iteration           ||r||                 zeta
        1       0.35169683806276E-12   109.9994423237398
        5       0.88569995118814E-15    28.6471670038893
       10       0.90751213205275E-15    28.9496695449003
       15       0.90205869036985E-15    28.9716336228371
       20       0.90814853664296E-15    28.9734210663747
       25       0.90263181079631E-15    28.9735863059382
       30       0.90422062489863E-15    28.9736033967628
       35       0.90517911273022E-15    28.9736053266246
       40       0.90180438896487E-15    28.9736055590700
       45       0.90419769246077E-15    28.9736055884132
       50       0.90247016544087E-15    28.9736055922485
       55       0.89808124424855E-15    28.9736055927632
       60       0.90256530087180E-15    28.9736055928339
Warmup threshold: 1
Start threshold: 238916406
End threshold: 80359
ROI begin
Time taken: 10779341 ns
