cset: --> last message, executed args into cpuset "/measurement/18_23", new pid is: 224079


 NAS Parallel Benchmarks (NPB3.4-OMP) - CG Benchmark

 Size:      150000
 Iterations:                     75
 Number of available threads:     4

 Initialization time =           3.137 seconds

   iteration           ||r||                 zeta
        1       0.35171027836595E-12   109.9994423237398
        5       0.88590460717407E-15    28.6471670038893
       10       0.90700860902130E-15    28.9496695449003
       15       0.90248480738604E-15    28.9716336228371
       20       0.90929739826303E-15    28.9734210663747
       25       0.90240734997272E-15    28.9735863059382
       30       0.90404925577944E-15    28.9736033967627
       35       0.90497746145403E-15    28.9736053266246
       40       0.90171512307865E-15    28.9736055590700
Warmup threshold: 1
Start threshold: 152665130
End threshold: 80358
ROI begin
Time taken: 12660537 ns
