cset: --> last message, executed args into cpuset "/measurement/20_23", new pid is: 3949686


 NAS Parallel Benchmarks (NPB3.4-OMP) - CG Benchmark

 Size:      150000
 Iterations:                     75
 Number of available threads:     4

 Initialization time =           5.247 seconds

   iteration           ||r||                 zeta
        1       0.35182570013813E-12   109.9994423237398
        5       0.88679166398609E-15    28.6471670038893
       10       0.90800421008361E-15    28.9496695449003
       15       0.90266046208800E-15    28.9716336228371
       20       0.90850585590831E-15    28.9734210663747
       25       0.90188896815432E-15    28.9735863059382
       30       0.90407575783370E-15    28.9736033967627
       35       0.90535880077661E-15    28.9736053266246
       40       0.90173289491784E-15    28.9736055590699
       45       0.90345428039648E-15    28.9736055884132
Warmup threshold: 1
Start threshold: 187422790
End threshold: 3172
ROI begin
Time taken: 22694410 ns
