cset: --> last message, executed args into cpuset "/measurement/18_23", new pid is: 222802


 NAS Parallel Benchmarks (NPB3.4-OMP) - CG Benchmark

 Size:      150000
 Iterations:                     75
 Number of available threads:     4

 Initialization time =           3.272 seconds

   iteration           ||r||                 zeta
        1       0.35165767075583E-12   109.9994423237398
        5       0.88710801840492E-15    28.6471670038893
       10       0.90726696144722E-15    28.9496695449003
       15       0.90246926628777E-15    28.9716336228371
       20       0.91051795972447E-15    28.9734210663747
       25       0.90250945906246E-15    28.9735863059382
       30       0.90476399268546E-15    28.9736033967627
       35       0.90470386365212E-15    28.9736053266246
Warmup threshold: 1
Start threshold: 5213459
End threshold: 43707
ROI begin
Time taken: 12166645 ns
