cset: --> last message, executed args into cpuset "/measurement/44_47", new pid is: 3951688


 NAS Parallel Benchmarks (NPB3.4-OMP) - CG Benchmark

 Size:      150000
 Iterations:                     75
 Number of available threads:     4

 Initialization time =           5.079 seconds

   iteration           ||r||                 zeta
        1       0.35171048864040E-12   109.9994423237398
        5       0.88621681485872E-15    28.6471670038893
       10       0.90655784922208E-15    28.9496695449003
       15       0.90142474210485E-15    28.9716336228371
       20       0.90887224666047E-15    28.9734210663747
       25       0.90285313176262E-15    28.9735863059382
       30       0.90450339830953E-15    28.9736033967628
       35       0.90470891715720E-15    28.9736053266246
       40       0.90187677301600E-15    28.9736055590700
       45       0.90426582505878E-15    28.9736055884132
       50       0.90314879252221E-15    28.9736055922485
Warmup threshold: 1
Start threshold: 194198394
End threshold: 80361
ROI begin
Time taken: 24031490 ns
