cset: --> last message, executed args into cpuset "/measurement/6_11", new pid is: 213845


 NAS Parallel Benchmarks (NPB3.4-OMP) - CG Benchmark

 Size:      150000
 Iterations:                     75
 Number of available threads:     4

 Initialization time =           3.238 seconds

   iteration           ||r||                 zeta
        1       0.35163706016614E-12   109.9994423237398
        5       0.88641047732332E-15    28.6471670038893
       10       0.90687364359459E-15    28.9496695449003
       15       0.90168722638983E-15    28.9716336228371
       20       0.90912660467590E-15    28.9734210663747
       25       0.90468128251196E-15    28.9735863059382
       30       0.90415832716558E-15    28.9736033967627
       35       0.90540551101167E-15    28.9736053266246
       40       0.90255488248503E-15    28.9736055590700
       45       0.90369596848040E-15    28.9736055884132
Warmup threshold: 1
Start threshold: 182205754
End threshold: 80380
ROI begin
Time taken: 11049326 ns
