
OPENMP DISPLAY ENVIRONMENT BEGIN
   _OPENMP='201611'
  [host] OMP_AFFINITY_FORMAT='OMP: pid %P tid %i thread %n bound to OS proc set {%A}'
  [host] OMP_ALLOCATOR='omp_default_mem_alloc'
  [host] OMP_CANCELLATION='FALSE'
  [host] OMP_DEFAULT_DEVICE='0'
  [host] OMP_DISPLAY_AFFINITY='FALSE'
  [host] OMP_DISPLAY_ENV='TRUE'
  [host] OMP_DYNAMIC='FALSE'
  [host] OMP_MAX_ACTIVE_LEVELS='1'
  [host] OMP_MAX_TASK_PRIORITY='0'
  [host] OMP_NESTED: deprecated; max-active-levels-var=1
  [host] OMP_NUM_TEAMS='0'
  [host] OMP_NUM_THREADS='4'
  [host] OMP_PLACES: value is not defined
  [host] OMP_PROC_BIND='false'
  [host] OMP_SCHEDULE='static'
  [host] OMP_STACKSIZE='8M'
  [host] OMP_TARGET_OFFLOAD=DEFAULT
  [host] OMP_TEAMS_THREAD_LIMIT='0'
  [host] OMP_THREAD_LIMIT='2147483647'
  [host] OMP_TOOL='enabled'
  [host] OMP_TOOL_LIBRARIES: value is not defined
  [host] OMP_TOOL_VERBOSE_INIT: value is not defined
  [host] OMP_WAIT_POLICY='PASSIVE'
OPENMP DISPLAY ENVIRONMENT END


