cset: --> last message, executed args into cpuset "/measurement/12_17", new pid is: 221519


 NAS Parallel Benchmarks (NPB3.4-OMP) - CG Benchmark

 Size:      150000
 Iterations:                     75
 Number of available threads:     4

 Initialization time =           3.072 seconds

   iteration           ||r||                 zeta
        1       0.35169683806276E-12   109.9994423237398
        5       0.88678055573513E-15    28.6471670038893
       10       0.90734476311044E-15    28.9496695449003
       15       0.90090376634784E-15    28.9716336228371
       20       0.90838480286928E-15    28.9734210663748
       25       0.90352175715527E-15    28.9735863059382
       30       0.90401233429151E-15    28.9736033967628
       35       0.90481526809179E-15    28.9736053266246
Warmup threshold: 1
Start threshold: 5213459
End threshold: 43707
ROI begin
Time taken: 10923097 ns
