cset: --> last message, executed args into cpuset "/measurement/12_17", new pid is: 15571


 NAS Parallel Benchmarks (NPB3.4-OMP) - LU Benchmark

 Size:   64x  64x  64
 Iterations:                    250
 Number of available threads:     4

 Time step    1
 Time step   20
 Time step   40
 Time step   60
 Time step   80
 Time step  100
 Time step  120
 Time step  140
 Time step  160
 Time step  180
 Time step  200
 Time step  220
Warmup threshold: 847246
Start threshold: 93
End threshold: 2182
ROI begin
Time taken: 7777937 ns
