cset: --> last message, executed args into cpuset "/measurement/36_39", new pid is: 3948292


 NAS Parallel Benchmarks (NPB3.4-OMP) - CG Benchmark

 Size:      150000
 Iterations:                     75
 Number of available threads:     4

 Initialization time =           5.134 seconds

   iteration           ||r||                 zeta
        1       0.35165767075583E-12   109.9994423237398
        5       0.88667348918720E-15    28.6471670038893
       10       0.90783812148502E-15    28.9496695449003
       15       0.90193583202207E-15    28.9716336228371
       20       0.90963031622670E-15    28.9734210663747
       25       0.90243599740027E-15    28.9735863059382
       30       0.90477456224625E-15    28.9736033967627
       35       0.90496728313197E-15    28.9736053266246
       40       0.90253615448324E-15    28.9736055590699
       45       0.90467621951341E-15    28.9736055884132
       50       0.90274604550331E-15    28.9736055922485
       55       0.89757311003741E-15    28.9736055927632
       60       0.90264292949214E-15    28.9736055928339
Warmup threshold: 1
Start threshold: 241204593
End threshold: 82441
ROI begin
Time taken: 30590780 ns
