cset: --> last message, executed args into cpuset "/measurement/46_47/46", new pid is: 133980


 NAS Parallel Benchmarks (NPB3.4-OMP) - EP Benchmark

 Number of random numbers generated:       536870912
 Number of available threads:                      1

EP Benchmark Results:

CPU Time =     5.776
N = 2^   28
No. Gaussian Pairs =     210832767.
Sums =     1.682235632303074D+08    1.682195123368240D+08
Counts:
  0      98257395.
  1      93827014.
  2      17611549.
  3       1110028.
  4         26536.
  5           245.
  6             0.
  7             0.
  8             0.
  9             0.


 EP Benchmark Completed.
 Class           =                        A
 Size            =                536870912
 Iterations      =                        0
 Time in seconds =                     5.78
 Total threads   =                        1
 Avail threads   =                        1
 Mop/s total     =                    92.94
 Mop/s/thread    =                    92.94
 Operation type  = Random numbers generated
 Verification    =               SUCCESSFUL
 Version         =                    3.4.3
 Compile date    =              03 Jun 2025

 Compile options:
    FC           = gfortran
    FLINK        = $(FC)
    F_LIB        = (none)
    F_INC        = (none)
    FFLAGS       = -O3 -fopenmp
    FLINKFLAGS   = $(FFLAGS)
    RAND         = randi8


 Please send all errors/feedbacks to:

 NPB Development Team
 npb@nas.nasa.gov


ROI started
PAPI initialized
PAPI region begin
PAPI region end
PAPI ended
