cset: --> last message, executed args into cpuset "/measurement/64_67", new pid is: 3955209


 NAS Parallel Benchmarks (NPB3.4-OMP) - CG Benchmark

 Size:      150000
 Iterations:                     75
 Number of available threads:     4

 Initialization time =           5.165 seconds

   iteration           ||r||                 zeta
        1       0.35171080405185E-12   109.9994423237398
        5       0.88591231634773E-15    28.6471670038893
       10       0.90679497186712E-15    28.9496695449003
       15       0.90136253763534E-15    28.9716336228371
       20       0.90881227222031E-15    28.9734210663747
       25       0.90352468361864E-15    28.9735863059382
       30       0.90544424801365E-15    28.9736033967627
       35       0.90488607327282E-15    28.9736053266246
       40       0.90240299839549E-15    28.9736055590700
Warmup threshold: 1
Start threshold: 155930275
End threshold: 80414
ROI begin
Time taken: 24113930 ns
