cset: --> last message, executed args into cpuset "/measurement/6_11", new pid is: 223595


 NAS Parallel Benchmarks (NPB3.4-OMP) - CG Benchmark

 Size:      150000
 Iterations:                     75
 Number of available threads:     4

 Initialization time =           3.215 seconds

   iteration           ||r||                 zeta
        1       0.35165767075583E-12   109.9994423237398
        5       0.88632704001085E-15    28.6471670038893
       10       0.90620454514644E-15    28.9496695449003
       15       0.90127920106837E-15    28.9716336228371
       20       0.90916658314095E-15    28.9734210663747
       25       0.90258104828871E-15    28.9735863059382
       30       0.90454007679935E-15    28.9736033967628
       35       0.90489837968008E-15    28.9736053266246
       40       0.90155575605095E-15    28.9736055590699
       45       0.90446924209560E-15    28.9736055884132
       50       0.90356381063728E-15    28.9736055922485
       55       0.89804808768154E-15    28.9736055927632
Warmup threshold: 1
Start threshold: 212152421
End threshold: 82411
ROI begin
Time taken: 10467691 ns
