cset: --> last message, executed args into cpuset "/measurement/68_69/68", new pid is: 215703


 NAS Parallel Benchmarks (NPB3.4-OMP) - SP Benchmark

 No input file inputsp.data. Using compiled defaults
 Size:   64x  64x  64
 Iterations:  400    dt:    0.0015000
 Number of available threads:     1

 Time step    1
 Time step   20
 Time step   40
 Time step   60
 Time step   80
Warmup threshold: 366545
Start threshold: 1572
End threshold: 170
ROI begin
Warm up marker met
Warmup event
Start marker met
Start event
End marker met
End event
