cset: --> last message, executed args into cpuset "/measurement/6_11", new pid is: 212743


 NAS Parallel Benchmarks (NPB3.4-OMP) - CG Benchmark

 Size:      150000
 Iterations:                     75
 Number of available threads:     4

 Initialization time =           3.090 seconds

   iteration           ||r||                 zeta
        1       0.35170971763345E-12   109.9994423237398
        5       0.88725017548384E-15    28.6471670038893
       10       0.90646870617130E-15    28.9496695449003
       15       0.90258309951890E-15    28.9716336228371
       20       0.90868743009161E-15    28.9734210663747
       25       0.90372002983811E-15    28.9735863059382
       30       0.90452539421066E-15    28.9736033967627
       35       0.90460318923597E-15    28.9736053266246
       40       0.90200883879724E-15    28.9736055590699
       45       0.90485285873715E-15    28.9736055884132
       50       0.90421230318197E-15    28.9736055922485
       55       0.89834180055917E-15    28.9736055927632
       60       0.90254246923410E-15    28.9736055928339
       65       0.90108844883809E-15    28.9736055928440
Warmup threshold: 1
Start threshold: 254825501
End threshold: 80373
ROI begin
Time taken: 11129937 ns
