cset: --> last message, executed args into cpuset "/measurement/48_51", new pid is: 3944126


 NAS Parallel Benchmarks (NPB3.4-OMP) - CG Benchmark

 Size:      150000
 Iterations:                     75
 Number of available threads:     4

 Initialization time =           4.966 seconds

   iteration           ||r||                 zeta
        1       0.35170367217941E-12   109.9994423237398
        5       0.88573169042858E-15    28.6471670038893
       10       0.90770742669129E-15    28.9496695449003
       15       0.90166516247451E-15    28.9716336228371
       20       0.90857000242182E-15    28.9734210663747
       25       0.90196580257195E-15    28.9735863059382
       30       0.90455296051978E-15    28.9736033967627
       35       0.90520940159197E-15    28.9736053266246
       40       0.90228925317996E-15    28.9736055590700
       45       0.90457814060733E-15    28.9736055884132
Warmup threshold: 1
Start threshold: 7281972
End threshold: 12271
ROI begin
Time taken: 23059343 ns
