cset: --> last message, executed args into cpuset "/measurement/6_11", new pid is: 212971


 NAS Parallel Benchmarks (NPB3.4-OMP) - CG Benchmark

 Size:      150000
 Iterations:                     75
 Number of available threads:     4

 Initialization time =           3.296 seconds

   iteration           ||r||                 zeta
        1       0.35170971763345E-12   109.9994423237398
        5       0.88632011030915E-15    28.6471670038893
       10       0.90670433366653E-15    28.9496695449003
       15       0.90246692579904E-15    28.9716336228371
       20       0.90927885922888E-15    28.9734210663747
       25       0.90242576680391E-15    28.9735863059382
       30       0.90478572850212E-15    28.9736033967627
       35       0.90502982553870E-15    28.9736053266246
       40       0.90147469076894E-15    28.9736055590699
Warmup threshold: 1
Start threshold: 152665130
End threshold: 80358
ROI begin
Time taken: 10454493 ns
