cset: --> last message, executed args into cpuset "/measurement/64_65/64", new pid is: 135443


 NAS Parallel Benchmarks (NPB3.4-OMP) - SP Benchmark

 No input file inputsp.data. Using compiled defaults
 Size:   64x  64x  64
 Iterations:  400    dt:    0.0015000
 Number of available threads:     1

 Time step    1
 Time step   20
 Time step   40
 Time step   60
 Time step   80
 Time step  100
 Time step  120
 Time step  140
 Time step  160
 Time step  180
 Time step  200
 Time step  220
 Time step  240
 Time step  260
 Time step  280
 Time step  300
 Time step  320
 Time step  340
 Time step  360
Warmup threshold: 1429543
Start threshold: 649
End threshold: 1572
ROI begin
Warm up marker met
Warmup event
Start marker met
Start event
End marker met
End event
