cset: --> last message, executed args into cpuset "/measurement/18_23", new pid is: 226145


 NAS Parallel Benchmarks (NPB3.4-OMP) - CG Benchmark

 Size:      150000
 Iterations:                     75
 Number of available threads:     4

 Initialization time =           3.383 seconds

   iteration           ||r||                 zeta
        1       0.35170367217941E-12   109.9994423237398
        5       0.88577294376903E-15    28.6471670038893
       10       0.90794937601339E-15    28.9496695449003
       15       0.90209616010851E-15    28.9716336228371
       20       0.90954877837309E-15    28.9734210663747
       25       0.90264563741774E-15    28.9735863059382
       30       0.90388779604141E-15    28.9736033967628
       35       0.90544039422702E-15    28.9736053266246
       40       0.90213939330289E-15    28.9736055590700
       45       0.90437708849013E-15    28.9736055884132
Warmup threshold: 1
Start threshold: 181391608
End threshold: 82444
ROI begin
Time taken: 10438708 ns
