cset: --> last message, executed args into cpuset "/measurement/6_11", new pid is: 212873


 NAS Parallel Benchmarks (NPB3.4-OMP) - CG Benchmark

 Size:      150000
 Iterations:                     75
 Number of available threads:     4

 Initialization time =           3.105 seconds

   iteration           ||r||                 zeta
        1       0.35181075771063E-12   109.9994423237398
        5       0.88645413240427E-15    28.6471670038893
       10       0.90658956327054E-15    28.9496695449003
       15       0.90148893936161E-15    28.9716336228371
       20       0.90867885659834E-15    28.9734210663747
       25       0.90293022872296E-15    28.9735863059382
       30       0.90466046633740E-15    28.9736033967627
       35       0.90494351188974E-15    28.9736053266246
       40       0.90206838352438E-15    28.9736055590700
Warmup threshold: 1
Start threshold: 159277888
End threshold: 80382
ROI begin
Time taken: 10488178 ns
