cset: --> last message, executed args into cpuset "/measurement/60_63", new pid is: 3951210


 NAS Parallel Benchmarks (NPB3.4-OMP) - CG Benchmark

 Size:      150000
 Iterations:                     75
 Number of available threads:     4

 Initialization time =           5.068 seconds

   iteration           ||r||                 zeta
        1       0.35165101100351E-12   109.9994423237398
        5       0.88656425512666E-15    28.6471670038893
       10       0.90707098071071E-15    28.9496695449003
       15       0.90200105298177E-15    28.9716336228371
       20       0.90818842428045E-15    28.9734210663747
       25       0.90335788569439E-15    28.9735863059382
       30       0.90519844184606E-15    28.9736033967627
       35       0.90497562510242E-15    28.9736053266246
       40       0.90247438725595E-15    28.9736055590700
Warmup threshold: 1
Start threshold: 152665130
End threshold: 80358
ROI begin
Time taken: 26532973 ns
