cset: --> last message, executed args into cpuset "/measurement/68_69/68", new pid is: 136189


 NAS Parallel Benchmarks (NPB3.4-OMP) - CG Benchmark

 Size:       14000
 Iterations:                     15
 Number of available threads:     1

 Initialization time =           0.558 seconds

   iteration           ||r||                 zeta
        1       0.25694228486109E-12    19.9997581277040
        5       0.25051825061605E-14    17.1302338856353
       10       0.24618924883342E-14    17.1302350540284
Warmup threshold: 4635973
Start threshold: 36476
End threshold: 36079
ROI begin
Warm up marker met
Warmup event
Start marker met
Start event
End marker met
End event
